<?xml version="1.0" encoding="UTF-8" standalone="no"?>
<contestStandings>
  <standingsHeader currentDate="Sun Sep 08 14:13:28 ICT 2013" generatorId="$Id: DefaultScoringAlgorithm.java 2534 2012-04-18 02:27:12Z boudreat $" groupCount="1" medianProblemsSolved="2" problemCount="10" problemsAttempted="10" siteCount="1" systemName="CSUS Programming Contest System" systemURL="http://pc2.ecs.csus.edu/" systemVersion="9.2.3 20120910 build 2565" title="Programming Contest" totalAttempts="771" totalSolved="240">
    <groupList/>
    <colorList>
      <colors id="1" siteNum="1">
        <problem color="Red" id="1"/>
        <problem color="Yellow" id="2"/>
        <problem color="Dark Blue" id="3"/>
        <problem color="Violet" id="4"/>
        <problem color="Pink" id="5"/>
        <problem color="Orange" id="6"/>
        <problem color="White" id="7"/>
        <problem color="Light Blue" id="8"/>
        <problem color="Green" id="9"/>
        <problem color="Grey" id="10"/>
      </colors>
    </colorList>
    <problem attempts="161" bestSolutionTime="9" id="1" lastSolutionTime="251" numberSolved="95" title="A - Marathoner"/>
    <problem attempts="74" bestSolutionTime="65" id="2" lastSolutionTime="244" numberSolved="18" title="B - Network planning"/>
    <problem attempts="52" bestSolutionTime="234" id="3" lastSolutionTime="234" numberSolved="1" title="C - ZZ"/>
    <problem attempts="136" bestSolutionTime="22" id="4" lastSolutionTime="227" numberSolved="89" title="D - Chromosome"/>
    <problem attempts="47" bestSolutionTime="129" id="5" lastSolutionTime="179" numberSolved="2" title="E - Random Walks"/>
    <problem attempts="54" bestSolutionTime="39" id="6" lastSolutionTime="251" numberSolved="23" title="F - Road"/>
    <problem attempts="179" bestSolutionTime="131" id="7" lastSolutionTime="232" numberSolved="8" title="G - DVDs"/>
    <problem attempts="32" id="8" numberSolved="0" title="H - Theatre"/>
    <problem attempts="29" bestSolutionTime="41" id="9" lastSolutionTime="233" numberSolved="4" title="I - Fence"/>
    <problem attempts="7" id="10" numberSolved="0" title="J - Magic Graphs"/>
  </standingsHeader>
  <teamStanding firstSolved="10" index="0" lastSolved="234" points="725" problemsAttempted="8" rank="1" solved="8" teamAlias="[MU]-Sirius (not aliasesd)" teamExternalId="" teamId="12" teamKey="1TEAM12" teamName="[MU]-Sirius" teamSiteId="1" totalAttempts="9">
    <problemSummaryInfo attempts="1" index="1" isPending="false" isSolved="true" points="10" problemId="A - Marathoner-7009233673259831482" solutionTime="10"/>
    <problemSummaryInfo attempts="1" index="2" isPending="false" isSolved="true" points="81" problemId="B - Network planning--6566423144871065590" solutionTime="81"/>
    <problemSummaryInfo attempts="1" index="3" isPending="false" isSolved="true" points="234" problemId="C - ZZ--3228593900813045142" solutionTime="234"/>
    <problemSummaryInfo attempts="1" index="4" isPending="false" isSolved="true" points="22" problemId="D - Chromosome--4315876524245928038" solutionTime="22"/>
    <problemSummaryInfo attempts="1" index="5" isPending="false" isSolved="true" points="129" problemId="E - Random Walks--4428759071750616967" solutionTime="129"/>
    <problemSummaryInfo attempts="1" index="6" isPending="false" isSolved="true" points="54" problemId="F - Road--6480414909371872230" solutionTime="54"/>
    <problemSummaryInfo attempts="2" index="7" isPending="false" isSolved="true" points="154" problemId="G - DVDs--6107962797118370033" solutionTime="134"/>
    <problemSummaryInfo attempts="0" index="8" isPending="false" isSolved="false" points="0" problemId="H - Theatre-5580873583470918776" solutionTime="0"/>
    <problemSummaryInfo attempts="1" index="9" isPending="false" isSolved="true" points="41" problemId="I - Fence-8040871189472891379" solutionTime="41"/>
    <problemSummaryInfo attempts="0" index="10" isPending="false" isSolved="false" points="0" problemId="J - Magic Graphs-7720889568561295666" solutionTime="0"/>
  </teamStanding>
  <teamStanding firstSolved="14" index="1" lastSolved="210" points="458" problemsAttempted="9" rank="2" solved="5" teamAlias="LukPongKhongChan (not aliasesd)" teamExternalId="" teamId="84" teamKey="1TEAM84" teamName="LukPongKhongChan" teamSiteId="1" totalAttempts="10">
    <problemSummaryInfo attempts="1" index="1" isPending="false" isSolved="true" points="14" problemId="A - Marathoner-7009233673259831482" solutionTime="14"/>
    <problemSummaryInfo attempts="1" index="2" isPending="false" isSolved="true" points="131" problemId="B - Network planning--6566423144871065590" solutionTime="131"/>
    <problemSummaryInfo attempts="1" index="3" isPending="false" isSolved="false" points="0" problemId="C - ZZ--3228593900813045142" solutionTime="-1"/>
    <problemSummaryInfo attempts="1" index="4" isPending="false" isSolved="true" points="26" problemId="D - Chromosome--4315876524245928038" solutionTime="26"/>
    <problemSummaryInfo attempts="1" index="5" isPending="false" isSolved="false" points="0" problemId="E - Random Walks--4428759071750616967" solutionTime="-1"/>
    <problemSummaryInfo attempts="1" index="6" isPending="false" isSolved="true" points="57" problemId="F - Road--6480414909371872230" solutionTime="57"/>
    <problemSummaryInfo attempts="1" index="7" isPending="false" isSolved="false" points="0" problemId="G - DVDs--6107962797118370033" solutionTime="-1"/>
    <problemSummaryInfo attempts="1" index="8" isPending="false" isSolved="false" points="0" problemId="H - Theatre-5580873583470918776" solutionTime="-1"/>
    <problemSummaryInfo attempts="2" index="9" isPending="false" isSolved="true" points="230" problemId="I - Fence-8040871189472891379" solutionTime="210"/>
    <problemSummaryInfo attempts="0" index="10" isPending="false" isSolved="false" points="0" problemId="J - Magic Graphs-7720889568561295666" solutionTime="0"/>
  </teamStanding>
  <teamStanding firstSolved="17" index="2" lastSolved="148" points="498" problemsAttempted="6" rank="3" solved="5" teamAlias="CU sexy girls (not aliasesd)" teamExternalId="" teamId="62" teamKey="1TEAM62" teamName="CU sexy girls" teamSiteId="1" totalAttempts="9">
    <problemSummaryInfo attempts="1" index="1" isPending="false" isSolved="true" points="17" problemId="A - Marathoner-7009233673259831482" solutionTime="17"/>
    <problemSummaryInfo attempts="4" index="2" isPending="false" isSolved="true" points="166" problemId="B - Network planning--6566423144871065590" solutionTime="106"/>
    <problemSummaryInfo attempts="0" index="3" isPending="false" isSolved="false" points="0" problemId="C - ZZ--3228593900813045142" solutionTime="0"/>
    <problemSummaryInfo attempts="1" index="4" isPending="false" isSolved="true" points="36" problemId="D - Chromosome--4315876524245928038" solutionTime="36"/>
    <problemSummaryInfo attempts="0" index="5" isPending="false" isSolved="false" points="0" problemId="E - Random Walks--4428759071750616967" solutionTime="0"/>
    <problemSummaryInfo attempts="1" index="6" isPending="false" isSolved="true" points="148" problemId="F - Road--6480414909371872230" solutionTime="148"/>
    <problemSummaryInfo attempts="1" index="7" isPending="false" isSolved="true" points="131" problemId="G - DVDs--6107962797118370033" solutionTime="131"/>
    <problemSummaryInfo attempts="0" index="8" isPending="false" isSolved="false" points="0" problemId="H - Theatre-5580873583470918776" solutionTime="0"/>
    <problemSummaryInfo attempts="1" index="9" isPending="false" isSolved="false" points="0" problemId="I - Fence-8040871189472891379" solutionTime="-1"/>
    <problemSummaryInfo attempts="0" index="10" isPending="false" isSolved="false" points="0" problemId="J - Magic Graphs-7720889568561295666" solutionTime="0"/>
  </teamStanding>
  <teamStanding firstSolved="25" index="3" lastSolved="179" points="507" problemsAttempted="7" rank="4" solved="5" teamAlias="CUtooNice (not aliasesd)" teamExternalId="" teamId="5" teamKey="1TEAM5" teamName="CUtooNice" teamSiteId="1" totalAttempts="9">
    <problemSummaryInfo attempts="1" index="1" isPending="false" isSolved="true" points="25" problemId="A - Marathoner-7009233673259831482" solutionTime="25"/>
    <problemSummaryInfo attempts="2" index="2" isPending="false" isSolved="true" points="186" problemId="B - Network planning--6566423144871065590" solutionTime="166"/>
    <problemSummaryInfo attempts="1" index="3" isPending="false" isSolved="false" points="0" problemId="C - ZZ--3228593900813045142" solutionTime="-1"/>
    <problemSummaryInfo attempts="1" index="4" isPending="false" isSolved="true" points="41" problemId="D - Chromosome--4315876524245928038" solutionTime="41"/>
    <problemSummaryInfo attempts="1" index="5" isPending="false" isSolved="true" points="179" problemId="E - Random Walks--4428759071750616967" solutionTime="179"/>
    <problemSummaryInfo attempts="1" index="6" isPending="false" isSolved="true" points="76" problemId="F - Road--6480414909371872230" solutionTime="76"/>
    <problemSummaryInfo attempts="0" index="7" isPending="false" isSolved="false" points="0" problemId="G - DVDs--6107962797118370033" solutionTime="0"/>
    <problemSummaryInfo attempts="2" index="8" isPending="false" isSolved="false" points="0" problemId="H - Theatre-5580873583470918776" solutionTime="-1"/>
    <problemSummaryInfo attempts="0" index="9" isPending="false" isSolved="false" points="0" problemId="I - Fence-8040871189472891379" solutionTime="0"/>
    <problemSummaryInfo attempts="0" index="10" isPending="false" isSolved="false" points="0" problemId="J - Magic Graphs-7720889568561295666" solutionTime="0"/>
  </teamStanding>
  <teamStanding firstSolved="17" index="4" lastSolved="205" points="546" problemsAttempted="5" rank="5" solved="5" teamAlias="Nano Code (not aliasesd)" teamExternalId="" teamId="69" teamKey="1TEAM69" teamName="Nano Code" teamSiteId="1" totalAttempts="7">
    <problemSummaryInfo attempts="1" index="1" isPending="false" isSolved="true" points="17" problemId="A - Marathoner-7009233673259831482" solutionTime="17"/>
    <problemSummaryInfo attempts="1" index="2" isPending="false" isSolved="true" points="148" problemId="B - Network planning--6566423144871065590" solutionTime="148"/>
    <problemSummaryInfo attempts="0" index="3" isPending="false" isSolved="false" points="0" problemId="C - ZZ--3228593900813045142" solutionTime="0"/>
    <problemSummaryInfo attempts="1" index="4" isPending="false" isSolved="true" points="58" problemId="D - Chromosome--4315876524245928038" solutionTime="58"/>
    <problemSummaryInfo attempts="0" index="5" isPending="false" isSolved="false" points="0" problemId="E - Random Walks--4428759071750616967" solutionTime="0"/>
    <problemSummaryInfo attempts="2" index="6" isPending="false" isSolved="true" points="98" problemId="F - Road--6480414909371872230" solutionTime="78"/>
    <problemSummaryInfo attempts="0" index="7" isPending="false" isSolved="false" points="0" problemId="G - DVDs--6107962797118370033" solutionTime="0"/>
    <problemSummaryInfo attempts="0" index="8" isPending="false" isSolved="false" points="0" problemId="H - Theatre-5580873583470918776" solutionTime="0"/>
    <problemSummaryInfo attempts="2" index="9" isPending="false" isSolved="true" points="225" problemId="I - Fence-8040871189472891379" solutionTime="205"/>
    <problemSummaryInfo attempts="0" index="10" isPending="false" isSolved="false" points="0" problemId="J - Magic Graphs-7720889568561295666" solutionTime="0"/>
  </teamStanding>
  <teamStanding firstSolved="20" index="5" lastSolved="105" points="223" problemsAttempted="4" rank="6" solved="4" teamAlias="fb.com/GummokFishing (not aliasesd)" teamExternalId="" teamId="8" teamKey="1TEAM8" teamName="fb.com/GummokFishing" teamSiteId="1" totalAttempts="4">
    <problemSummaryInfo attempts="1" index="1" isPending="false" isSolved="true" points="20" problemId="A - Marathoner-7009233673259831482" solutionTime="20"/>
    <problemSummaryInfo attempts="1" index="2" isPending="false" isSolved="true" points="65" problemId="B - Network planning--6566423144871065590" solutionTime="65"/>
    <problemSummaryInfo attempts="0" index="3" isPending="false" isSolved="false" points="0" problemId="C - ZZ--3228593900813045142" solutionTime="0"/>
    <problemSummaryInfo attempts="1" index="4" isPending="false" isSolved="true" points="33" problemId="D - Chromosome--4315876524245928038" solutionTime="33"/>
    <problemSummaryInfo attempts="0" index="5" isPending="false" isSolved="false" points="0" problemId="E - Random Walks--4428759071750616967" solutionTime="0"/>
    <problemSummaryInfo attempts="1" index="6" isPending="false" isSolved="true" points="105" problemId="F - Road--6480414909371872230" solutionTime="105"/>
    <problemSummaryInfo attempts="0" index="7" isPending="false" isSolved="false" points="0" problemId="G - DVDs--6107962797118370033" solutionTime="0"/>
    <problemSummaryInfo attempts="0" index="8" isPending="false" isSolved="false" points="0" problemId="H - Theatre-5580873583470918776" solutionTime="0"/>
    <problemSummaryInfo attempts="0" index="9" isPending="false" isSolved="false" points="0" problemId="I - Fence-8040871189472891379" solutionTime="0"/>
    <problemSummaryInfo attempts="0" index="10" isPending="false" isSolved="false" points="0" problemId="J - Magic Graphs-7720889568561295666" solutionTime="0"/>
  </teamStanding>
  <teamStanding firstSolved="43" index="6" lastSolved="98" points="308" problemsAttempted="8" rank="7" solved="4" teamAlias="CU MWITS (not aliasesd)" teamExternalId="" teamId="48" teamKey="1TEAM48" teamName="CU MWITS" teamSiteId="1" totalAttempts="12">
    <problemSummaryInfo attempts="2" index="1" isPending="false" isSolved="true" points="80" problemId="A - Marathoner-7009233673259831482" solutionTime="60"/>
    <problemSummaryInfo attempts="1" index="2" isPending="false" isSolved="true" points="87" problemId="B - Network planning--6566423144871065590" solutionTime="87"/>
    <problemSummaryInfo attempts="1" index="3" isPending="false" isSolved="false" points="0" problemId="C - ZZ--3228593900813045142" solutionTime="-1"/>
    <problemSummaryInfo attempts="1" index="4" isPending="false" isSolved="true" points="43" problemId="D - Chromosome--4315876524245928038" solutionTime="43"/>
    <problemSummaryInfo attempts="3" index="5" isPending="false" isSolved="false" points="0" problemId="E - Random Walks--4428759071750616967" solutionTime="-1"/>
    <problemSummaryInfo attempts="1" index="6" isPending="false" isSolved="true" points="98" problemId="F - Road--6480414909371872230" solutionTime="98"/>
    <problemSummaryInfo attempts="2" index="7" isPending="false" isSolved="false" points="0" problemId="G - DVDs--6107962797118370033" solutionTime="-1"/>
    <problemSummaryInfo attempts="0" index="8" isPending="false" isSolved="false" points="0" problemId="H - Theatre-5580873583470918776" solutionTime="0"/>
    <problemSummaryInfo attempts="1" index="9" isPending="false" isSolved="false" points="0" problemId="I - Fence-8040871189472891379" solutionTime="-1"/>
    <problemSummaryInfo attempts="0" index="10" isPending="false" isSolved="false" points="0" problemId="J - Magic Graphs-7720889568561295666" solutionTime="0"/>
  </teamStanding>
  <teamStanding firstSolved="22" index="7" lastSolved="149" points="317" problemsAttempted="4" rank="8" solved="4" teamAlias="Islets of Langerhans (not aliasesd)" teamExternalId="" teamId="9" teamKey="1TEAM9" teamName="Islets of Langerhans" teamSiteId="1" totalAttempts="4">
    <problemSummaryInfo attempts="1" index="1" isPending="false" isSolved="true" points="22" problemId="A - Marathoner-7009233673259831482" solutionTime="22"/>
    <problemSummaryInfo attempts="1" index="2" isPending="false" isSolved="true" points="100" problemId="B - Network planning--6566423144871065590" solutionTime="100"/>
    <problemSummaryInfo attempts="0" index="3" isPending="false" isSolved="false" points="0" problemId="C - ZZ--3228593900813045142" solutionTime="0"/>
    <problemSummaryInfo attempts="1" index="4" isPending="false" isSolved="true" points="46" problemId="D - Chromosome--4315876524245928038" solutionTime="46"/>
    <problemSummaryInfo attempts="0" index="5" isPending="false" isSolved="false" points="0" problemId="E - Random Walks--4428759071750616967" solutionTime="0"/>
    <problemSummaryInfo attempts="1" index="6" isPending="false" isSolved="true" points="149" problemId="F - Road--6480414909371872230" solutionTime="149"/>
    <problemSummaryInfo attempts="0" index="7" isPending="false" isSolved="false" points="0" problemId="G - DVDs--6107962797118370033" solutionTime="0"/>
    <problemSummaryInfo attempts="0" index="8" isPending="false" isSolved="false" points="0" problemId="H - Theatre-5580873583470918776" solutionTime="0"/>
    <problemSummaryInfo attempts="0" index="9" isPending="false" isSolved="false" points="0" problemId="I - Fence-8040871189472891379" solutionTime="0"/>
    <problemSummaryInfo attempts="0" index="10" isPending="false" isSolved="false" points="0" problemId="J - Magic Graphs-7720889568561295666" solutionTime="0"/>
  </teamStanding>
  <teamStanding firstSolved="34" index="8" lastSolved="168" points="323" problemsAttempted="5" rank="9" solved="4" teamAlias="CU hougako MANOW tea time (not aliasesd)" teamExternalId="" teamId="52" teamKey="1TEAM52" teamName="CU hougako MANOW tea time" teamSiteId="1" totalAttempts="6">
    <problemSummaryInfo attempts="2" index="1" isPending="false" isSolved="true" points="54" problemId="A - Marathoner-7009233673259831482" solutionTime="34"/>
    <problemSummaryInfo attempts="0" index="2" isPending="false" isSolved="false" points="0" problemId="B - Network planning--6566423144871065590" solutionTime="0"/>
    <problemSummaryInfo attempts="1" index="3" isPending="false" isSolved="false" points="0" problemId="C - ZZ--3228593900813045142" solutionTime="-1"/>
    <problemSummaryInfo attempts="1" index="4" isPending="false" isSolved="true" points="55" problemId="D - Chromosome--4315876524245928038" solutionTime="55"/>
    <problemSummaryInfo attempts="0" index="5" isPending="false" isSolved="false" points="0" problemId="E - Random Walks--4428759071750616967" solutionTime="0"/>
    <problemSummaryInfo attempts="1" index="6" isPending="false" isSolved="true" points="46" problemId="F - Road--6480414909371872230" solutionTime="46"/>
    <problemSummaryInfo attempts="1" index="7" isPending="false" isSolved="true" points="168" problemId="G - DVDs--6107962797118370033" solutionTime="168"/>
    <problemSummaryInfo attempts="0" index="8" isPending="false" isSolved="false" points="0" problemId="H - Theatre-5580873583470918776" solutionTime="0"/>
    <problemSummaryInfo attempts="0" index="9" isPending="false" isSolved="false" points="0" problemId="I - Fence-8040871189472891379" solutionTime="0"/>
    <problemSummaryInfo attempts="0" index="10" isPending="false" isSolved="false" points="0" problemId="J - Magic Graphs-7720889568561295666" solutionTime="0"/>
  </teamStanding>
  <teamStanding firstSolved="12" index="9" lastSolved="182" points="325" problemsAttempted="4" rank="10" solved="4" teamAlias="CU banana potato (not aliasesd)" teamExternalId="" teamId="76" teamKey="1TEAM76" teamName="CU banana potato" teamSiteId="1" totalAttempts="4">
    <problemSummaryInfo attempts="1" index="1" isPending="false" isSolved="true" points="12" problemId="A - Marathoner-7009233673259831482" solutionTime="12"/>
    <problemSummaryInfo attempts="1" index="2" isPending="false" isSolved="true" points="182" problemId="B - Network planning--6566423144871065590" solutionTime="182"/>
    <problemSummaryInfo attempts="0" index="3" isPending="false" isSolved="false" points="0" problemId="C - ZZ--3228593900813045142" solutionTime="0"/>
    <problemSummaryInfo attempts="1" index="4" isPending="false" isSolved="true" points="26" problemId="D - Chromosome--4315876524245928038" solutionTime="26"/>
    <problemSummaryInfo attempts="0" index="5" isPending="false" isSolved="false" points="0" problemId="E - Random Walks--4428759071750616967" solutionTime="0"/>
    <problemSummaryInfo attempts="1" index="6" isPending="false" isSolved="true" points="105" problemId="F - Road--6480414909371872230" solutionTime="105"/>
    <problemSummaryInfo attempts="0" index="7" isPending="false" isSolved="false" points="0" problemId="G - DVDs--6107962797118370033" solutionTime="0"/>
    <problemSummaryInfo attempts="0" index="8" isPending="false" isSolved="false" points="0" problemId="H - Theatre-5580873583470918776" solutionTime="0"/>
    <problemSummaryInfo attempts="0" index="9" isPending="false" isSolved="false" points="0" problemId="I - Fence-8040871189472891379" solutionTime="0"/>
    <problemSummaryInfo attempts="0" index="10" isPending="false" isSolved="false" points="0" problemId="J - Magic Graphs-7720889568561295666" solutionTime="0"/>
  </teamStanding>
  <teamStanding firstSolved="21" index="10" lastSolved="202" points="356" problemsAttempted="5" rank="11" solved="4" teamAlias="CU Panzer IV (not aliasesd)" teamExternalId="" teamId="61" teamKey="1TEAM61" teamName="CU Panzer IV" teamSiteId="1" totalAttempts="5">
    <problemSummaryInfo attempts="1" index="1" isPending="false" isSolved="true" points="21" problemId="A - Marathoner-7009233673259831482" solutionTime="21"/>
    <problemSummaryInfo attempts="1" index="2" isPending="false" isSolved="true" points="202" problemId="B - Network planning--6566423144871065590" solutionTime="202"/>
    <problemSummaryInfo attempts="1" index="3" isPending="false" isSolved="false" points="0" problemId="C - ZZ--3228593900813045142" solutionTime="-1"/>
    <problemSummaryInfo attempts="1" index="4" isPending="false" isSolved="true" points="34" problemId="D - Chromosome--4315876524245928038" solutionTime="34"/>
    <problemSummaryInfo attempts="0" index="5" isPending="false" isSolved="false" points="0" problemId="E - Random Walks--4428759071750616967" solutionTime="0"/>
    <problemSummaryInfo attempts="1" index="6" isPending="false" isSolved="true" points="99" problemId="F - Road--6480414909371872230" solutionTime="99"/>
    <problemSummaryInfo attempts="0" index="7" isPending="false" isSolved="false" points="0" problemId="G - DVDs--6107962797118370033" solutionTime="0"/>
    <problemSummaryInfo attempts="0" index="8" isPending="false" isSolved="false" points="0" problemId="H - Theatre-5580873583470918776" solutionTime="0"/>
    <problemSummaryInfo attempts="0" index="9" isPending="false" isSolved="false" points="0" problemId="I - Fence-8040871189472891379" solutionTime="0"/>
    <problemSummaryInfo attempts="0" index="10" isPending="false" isSolved="false" points="0" problemId="J - Magic Graphs-7720889568561295666" solutionTime="0"/>
  </teamStanding>
  <teamStanding firstSolved="14" index="11" lastSolved="233" points="392" problemsAttempted="6" rank="12" solved="4" teamAlias="CU_T2K (not aliasesd)" teamExternalId="" teamId="35" teamKey="1TEAM35" teamName="CU_T2K" teamSiteId="1" totalAttempts="13">
    <problemSummaryInfo attempts="1" index="1" isPending="false" isSolved="true" points="14" problemId="A - Marathoner-7009233673259831482" solutionTime="14"/>
    <problemSummaryInfo attempts="5" index="2" isPending="false" isSolved="false" points="0" problemId="B - Network planning--6566423144871065590" solutionTime="-1"/>
    <problemSummaryInfo attempts="0" index="3" isPending="false" isSolved="false" points="0" problemId="C - ZZ--3228593900813045142" solutionTime="0"/>
    <problemSummaryInfo attempts="1" index="4" isPending="false" isSolved="true" points="52" problemId="D - Chromosome--4315876524245928038" solutionTime="52"/>
    <problemSummaryInfo attempts="0" index="5" isPending="false" isSolved="false" points="0" problemId="E - Random Walks--4428759071750616967" solutionTime="0"/>
    <problemSummaryInfo attempts="2" index="6" isPending="false" isSolved="true" points="73" problemId="F - Road--6480414909371872230" solutionTime="53"/>
    <problemSummaryInfo attempts="2" index="7" isPending="false" isSolved="false" points="0" problemId="G - DVDs--6107962797118370033" solutionTime="-1"/>
    <problemSummaryInfo attempts="0" index="8" isPending="false" isSolved="false" points="0" problemId="H - Theatre-5580873583470918776" solutionTime="0"/>
    <problemSummaryInfo attempts="2" index="9" isPending="false" isSolved="true" points="253" problemId="I - Fence-8040871189472891379" solutionTime="233"/>
    <problemSummaryInfo attempts="0" index="10" isPending="false" isSolved="false" points="0" problemId="J - Magic Graphs-7720889568561295666" solutionTime="0"/>
  </teamStanding>
  <teamStanding firstSolved="10" index="12" lastSolved="251" points="398" problemsAttempted="8" rank="13" solved="4" teamAlias="leezababin (not aliasesd)" teamExternalId="" teamId="83" teamKey="1TEAM83" teamName="leezababin" teamSiteId="1" totalAttempts="11">
    <problemSummaryInfo attempts="1" index="1" isPending="false" isSolved="true" points="10" problemId="A - Marathoner-7009233673259831482" solutionTime="10"/>
    <problemSummaryInfo attempts="2" index="2" isPending="false" isSolved="true" points="91" problemId="B - Network planning--6566423144871065590" solutionTime="71"/>
    <problemSummaryInfo attempts="1" index="3" isPending="false" isSolved="false" points="0" problemId="C - ZZ--3228593900813045142" solutionTime="-1"/>
    <problemSummaryInfo attempts="1" index="4" isPending="false" isSolved="true" points="26" problemId="D - Chromosome--4315876524245928038" solutionTime="26"/>
    <problemSummaryInfo attempts="1" index="5" isPending="false" isSolved="false" points="0" problemId="E - Random Walks--4428759071750616967" solutionTime="-1"/>
    <problemSummaryInfo attempts="2" index="6" isPending="false" isSolved="true" points="271" problemId="F - Road--6480414909371872230" solutionTime="251"/>
    <problemSummaryInfo attempts="1" index="7" isPending="false" isSolved="false" points="0" problemId="G - DVDs--6107962797118370033" solutionTime="-1"/>
    <problemSummaryInfo attempts="0" index="8" isPending="false" isSolved="false" points="0" problemId="H - Theatre-5580873583470918776" solutionTime="0"/>
    <problemSummaryInfo attempts="2" index="9" isPending="false" isSolved="false" points="0" problemId="I - Fence-8040871189472891379" solutionTime="-1"/>
    <problemSummaryInfo attempts="0" index="10" isPending="false" isSolved="false" points="0" problemId="J - Magic Graphs-7720889568561295666" solutionTime="0"/>
  </teamStanding>
  <teamStanding firstSolved="19" index="13" lastSolved="149" points="427" problemsAttempted="4" rank="14" solved="4" teamAlias="LMU1 (not aliasesd)" teamExternalId="" teamId="79" teamKey="1TEAM79" teamName="LMU1" teamSiteId="1" totalAttempts="6">
    <problemSummaryInfo attempts="2" index="1" isPending="false" isSolved="true" points="39" problemId="A - Marathoner-7009233673259831482" solutionTime="19"/>
    <problemSummaryInfo attempts="0" index="2" isPending="false" isSolved="false" points="0" problemId="B - Network planning--6566423144871065590" solutionTime="0"/>
    <problemSummaryInfo attempts="0" index="3" isPending="false" isSolved="false" points="0" problemId="C - ZZ--3228593900813045142" solutionTime="0"/>
    <problemSummaryInfo attempts="2" index="4" isPending="false" isSolved="true" points="97" problemId="D - Chromosome--4315876524245928038" solutionTime="77"/>
    <problemSummaryInfo attempts="0" index="5" isPending="false" isSolved="false" points="0" problemId="E - Random Walks--4428759071750616967" solutionTime="0"/>
    <problemSummaryInfo attempts="1" index="6" isPending="false" isSolved="true" points="149" problemId="F - Road--6480414909371872230" solutionTime="149"/>
    <problemSummaryInfo attempts="1" index="7" isPending="false" isSolved="true" points="142" problemId="G - DVDs--6107962797118370033" solutionTime="142"/>
    <problemSummaryInfo attempts="0" index="8" isPending="false" isSolved="false" points="0" problemId="H - Theatre-5580873583470918776" solutionTime="0"/>
    <problemSummaryInfo attempts="0" index="9" isPending="false" isSolved="false" points="0" problemId="I - Fence-8040871189472891379" solutionTime="0"/>
    <problemSummaryInfo attempts="0" index="10" isPending="false" isSolved="false" points="0" problemId="J - Magic Graphs-7720889568561295666" solutionTime="0"/>
  </teamStanding>
  <teamStanding firstSolved="51" index="14" lastSolved="158" points="478" problemsAttempted="6" rank="15" solved="4" teamAlias="CUUC (not aliasesd)" teamExternalId="" teamId="78" teamKey="1TEAM78" teamName="CUUC" teamSiteId="1" totalAttempts="10">
    <problemSummaryInfo attempts="1" index="1" isPending="false" isSolved="true" points="51" problemId="A - Marathoner-7009233673259831482" solutionTime="51"/>
    <problemSummaryInfo attempts="1" index="2" isPending="false" isSolved="true" points="158" problemId="B - Network planning--6566423144871065590" solutionTime="158"/>
    <problemSummaryInfo attempts="1" index="3" isPending="false" isSolved="false" points="0" problemId="C - ZZ--3228593900813045142" solutionTime="-1"/>
    <problemSummaryInfo attempts="2" index="4" isPending="false" isSolved="true" points="151" problemId="D - Chromosome--4315876524245928038" solutionTime="131"/>
    <problemSummaryInfo attempts="4" index="5" isPending="false" isSolved="false" points="0" problemId="E - Random Walks--4428759071750616967" solutionTime="-1"/>
    <problemSummaryInfo attempts="1" index="6" isPending="false" isSolved="true" points="118" problemId="F - Road--6480414909371872230" solutionTime="118"/>
    <problemSummaryInfo attempts="0" index="7" isPending="false" isSolved="false" points="0" problemId="G - DVDs--6107962797118370033" solutionTime="0"/>
    <problemSummaryInfo attempts="0" index="8" isPending="false" isSolved="false" points="0" problemId="H - Theatre-5580873583470918776" solutionTime="0"/>
    <problemSummaryInfo attempts="0" index="9" isPending="false" isSolved="false" points="0" problemId="I - Fence-8040871189472891379" solutionTime="0"/>
    <problemSummaryInfo attempts="0" index="10" isPending="false" isSolved="false" points="0" problemId="J - Magic Graphs-7720889568561295666" solutionTime="0"/>
  </teamStanding>
  <teamStanding firstSolved="29" index="15" lastSolved="175" points="495" problemsAttempted="9" rank="16" solved="4" teamAlias="shockufo (not aliasesd)" teamExternalId="" teamId="23" teamKey="1TEAM23" teamName="shockufo" teamSiteId="1" totalAttempts="25">
    <problemSummaryInfo attempts="1" index="1" isPending="false" isSolved="true" points="34" problemId="A - Marathoner-7009233673259831482" solutionTime="34"/>
    <problemSummaryInfo attempts="11" index="2" isPending="false" isSolved="true" points="375" problemId="B - Network planning--6566423144871065590" solutionTime="175"/>
    <problemSummaryInfo attempts="1" index="3" isPending="false" isSolved="false" points="0" problemId="C - ZZ--3228593900813045142" solutionTime="-1"/>
    <problemSummaryInfo attempts="1" index="4" isPending="false" isSolved="true" points="29" problemId="D - Chromosome--4315876524245928038" solutionTime="29"/>
    <problemSummaryInfo attempts="1" index="5" isPending="false" isSolved="false" points="0" problemId="E - Random Walks--4428759071750616967" solutionTime="-1"/>
    <problemSummaryInfo attempts="1" index="6" isPending="false" isSolved="true" points="57" problemId="F - Road--6480414909371872230" solutionTime="57"/>
    <problemSummaryInfo attempts="2" index="7" isPending="false" isSolved="false" points="0" problemId="G - DVDs--6107962797118370033" solutionTime="-1"/>
    <problemSummaryInfo attempts="6" index="8" isPending="false" isSolved="false" points="0" problemId="H - Theatre-5580873583470918776" solutionTime="-1"/>
    <problemSummaryInfo attempts="0" index="9" isPending="false" isSolved="false" points="0" problemId="I - Fence-8040871189472891379" solutionTime="0"/>
    <problemSummaryInfo attempts="1" index="10" isPending="false" isSolved="false" points="0" problemId="J - Magic Graphs-7720889568561295666" solutionTime="-1"/>
  </teamStanding>
  <teamStanding firstSolved="16" index="16" lastSolved="199" points="562" problemsAttempted="4" rank="17" solved="4" teamAlias="[MU]-ที่ตกรอบ (not aliasesd)" teamExternalId="" teamId="13" teamKey="1TEAM13" teamName="[MU]-ที่ตกรอบ" teamSiteId="1" totalAttempts="9">
    <problemSummaryInfo attempts="1" index="1" isPending="false" isSolved="true" points="16" problemId="A - Marathoner-7009233673259831482" solutionTime="16"/>
    <problemSummaryInfo attempts="4" index="2" isPending="false" isSolved="true" points="259" problemId="B - Network planning--6566423144871065590" solutionTime="199"/>
    <problemSummaryInfo attempts="0" index="3" isPending="false" isSolved="false" points="0" problemId="C - ZZ--3228593900813045142" solutionTime="0"/>
    <problemSummaryInfo attempts="1" index="4" isPending="false" isSolved="true" points="83" problemId="D - Chromosome--4315876524245928038" solutionTime="83"/>
    <problemSummaryInfo attempts="0" index="5" isPending="false" isSolved="false" points="0" problemId="E - Random Walks--4428759071750616967" solutionTime="0"/>
    <problemSummaryInfo attempts="3" index="6" isPending="false" isSolved="true" points="204" problemId="F - Road--6480414909371872230" solutionTime="164"/>
    <problemSummaryInfo attempts="0" index="7" isPending="false" isSolved="false" points="0" problemId="G - DVDs--6107962797118370033" solutionTime="0"/>
    <problemSummaryInfo attempts="0" index="8" isPending="false" isSolved="false" points="0" problemId="H - Theatre-5580873583470918776" solutionTime="0"/>
    <problemSummaryInfo attempts="0" index="9" isPending="false" isSolved="false" points="0" problemId="I - Fence-8040871189472891379" solutionTime="0"/>
    <problemSummaryInfo attempts="0" index="10" isPending="false" isSolved="false" points="0" problemId="J - Magic Graphs-7720889568561295666" solutionTime="0"/>
  </teamStanding>
  <teamStanding firstSolved="9" index="17" lastSolved="39" points="70" problemsAttempted="6" rank="18" solved="3" teamAlias="CU Meow Meow :3 (not aliasesd)" teamExternalId="" teamId="60" teamKey="1TEAM60" teamName="CU Meow Meow :3" teamSiteId="1" totalAttempts="8">
    <problemSummaryInfo attempts="1" index="1" isPending="false" isSolved="true" points="9" problemId="A - Marathoner-7009233673259831482" solutionTime="9"/>
    <problemSummaryInfo attempts="3" index="2" isPending="false" isSolved="false" points="0" problemId="B - Network planning--6566423144871065590" solutionTime="-1"/>
    <problemSummaryInfo attempts="1" index="3" isPending="false" isSolved="false" points="0" problemId="C - ZZ--3228593900813045142" solutionTime="-1"/>
    <problemSummaryInfo attempts="1" index="4" isPending="false" isSolved="true" points="22" problemId="D - Chromosome--4315876524245928038" solutionTime="22"/>
    <problemSummaryInfo attempts="0" index="5" isPending="false" isSolved="false" points="0" problemId="E - Random Walks--4428759071750616967" solutionTime="0"/>
    <problemSummaryInfo attempts="1" index="6" isPending="false" isSolved="true" points="39" problemId="F - Road--6480414909371872230" solutionTime="39"/>
    <problemSummaryInfo attempts="1" index="7" isPending="false" isSolved="false" points="0" problemId="G - DVDs--6107962797118370033" solutionTime="-1"/>
    <problemSummaryInfo attempts="0" index="8" isPending="false" isSolved="false" points="0" problemId="H - Theatre-5580873583470918776" solutionTime="0"/>
    <problemSummaryInfo attempts="0" index="9" isPending="false" isSolved="false" points="0" problemId="I - Fence-8040871189472891379" solutionTime="0"/>
    <problemSummaryInfo attempts="0" index="10" isPending="false" isSolved="false" points="0" problemId="J - Magic Graphs-7720889568561295666" solutionTime="0"/>
  </teamStanding>
  <teamStanding firstSolved="18" index="18" lastSolved="107" points="174" problemsAttempted="8" rank="19" solved="3" teamAlias="Putemer (not aliasesd)" teamExternalId="" teamId="22" teamKey="1TEAM22" teamName="Putemer" teamSiteId="1" totalAttempts="8">
    <problemSummaryInfo attempts="1" index="1" isPending="false" isSolved="true" points="18" problemId="A - Marathoner-7009233673259831482" solutionTime="18"/>
    <problemSummaryInfo attempts="1" index="2" isPending="false" isSolved="true" points="107" problemId="B - Network planning--6566423144871065590" solutionTime="107"/>
    <problemSummaryInfo attempts="1" index="3" isPending="false" isSolved="false" points="0" problemId="C - ZZ--3228593900813045142" solutionTime="-1"/>
    <problemSummaryInfo attempts="1" index="4" isPending="false" isSolved="true" points="49" problemId="D - Chromosome--4315876524245928038" solutionTime="49"/>
    <problemSummaryInfo attempts="1" index="5" isPending="false" isSolved="false" points="0" problemId="E - Random Walks--4428759071750616967" solutionTime="-1"/>
    <problemSummaryInfo attempts="1" index="6" isPending="false" isSolved="false" points="0" problemId="F - Road--6480414909371872230" solutionTime="-1"/>
    <problemSummaryInfo attempts="1" index="7" isPending="false" isSolved="false" points="0" problemId="G - DVDs--6107962797118370033" solutionTime="-1"/>
    <problemSummaryInfo attempts="0" index="8" isPending="false" isSolved="false" points="0" problemId="H - Theatre-5580873583470918776" solutionTime="0"/>
    <problemSummaryInfo attempts="0" index="9" isPending="false" isSolved="false" points="0" problemId="I - Fence-8040871189472891379" solutionTime="0"/>
    <problemSummaryInfo attempts="1" index="10" isPending="false" isSolved="false" points="0" problemId="J - Magic Graphs-7720889568561295666" solutionTime="-1"/>
  </teamStanding>
  <teamStanding firstSolved="22" index="19" lastSolved="180" points="252" problemsAttempted="4" rank="20" solved="3" teamAlias="kuroneko.jung (not aliasesd)" teamExternalId="" teamId="57" teamKey="1TEAM57" teamName="kuroneko.jung" teamSiteId="1" totalAttempts="8">
    <problemSummaryInfo attempts="1" index="1" isPending="false" isSolved="true" points="22" problemId="A - Marathoner-7009233673259831482" solutionTime="22"/>
    <problemSummaryInfo attempts="1" index="2" isPending="false" isSolved="true" points="180" problemId="B - Network planning--6566423144871065590" solutionTime="180"/>
    <problemSummaryInfo attempts="0" index="3" isPending="false" isSolved="false" points="0" problemId="C - ZZ--3228593900813045142" solutionTime="0"/>
    <problemSummaryInfo attempts="1" index="4" isPending="false" isSolved="true" points="50" problemId="D - Chromosome--4315876524245928038" solutionTime="50"/>
    <problemSummaryInfo attempts="0" index="5" isPending="false" isSolved="false" points="0" problemId="E - Random Walks--4428759071750616967" solutionTime="0"/>
    <problemSummaryInfo attempts="5" index="6" isPending="false" isSolved="false" points="0" problemId="F - Road--6480414909371872230" solutionTime="-1"/>
    <problemSummaryInfo attempts="0" index="7" isPending="false" isSolved="false" points="0" problemId="G - DVDs--6107962797118370033" solutionTime="0"/>
    <problemSummaryInfo attempts="0" index="8" isPending="false" isSolved="false" points="0" problemId="H - Theatre-5580873583470918776" solutionTime="0"/>
    <problemSummaryInfo attempts="0" index="9" isPending="false" isSolved="false" points="0" problemId="I - Fence-8040871189472891379" solutionTime="0"/>
    <problemSummaryInfo attempts="0" index="10" isPending="false" isSolved="false" points="0" problemId="J - Magic Graphs-7720889568561295666" solutionTime="0"/>
  </teamStanding>
  <teamStanding firstSolved="29" index="20" lastSolved="160" points="273" problemsAttempted="5" rank="21" solved="3" teamAlias="CUMikasa (not aliasesd)" teamExternalId="" teamId="37" teamKey="1TEAM37" teamName="CUMikasa" teamSiteId="1" totalAttempts="9">
    <problemSummaryInfo attempts="2" index="1" isPending="false" isSolved="true" points="64" problemId="A - Marathoner-7009233673259831482" solutionTime="44"/>
    <problemSummaryInfo attempts="0" index="2" isPending="false" isSolved="false" points="0" problemId="B - Network planning--6566423144871065590" solutionTime="0"/>
    <problemSummaryInfo attempts="0" index="3" isPending="false" isSolved="false" points="0" problemId="C - ZZ--3228593900813045142" solutionTime="0"/>
    <problemSummaryInfo attempts="1" index="4" isPending="false" isSolved="true" points="29" problemId="D - Chromosome--4315876524245928038" solutionTime="29"/>
    <problemSummaryInfo attempts="2" index="5" isPending="false" isSolved="false" points="0" problemId="E - Random Walks--4428759071750616967" solutionTime="-1"/>
    <problemSummaryInfo attempts="2" index="6" isPending="false" isSolved="true" points="180" problemId="F - Road--6480414909371872230" solutionTime="160"/>
    <problemSummaryInfo attempts="0" index="7" isPending="false" isSolved="false" points="0" problemId="G - DVDs--6107962797118370033" solutionTime="0"/>
    <problemSummaryInfo attempts="0" index="8" isPending="false" isSolved="false" points="0" problemId="H - Theatre-5580873583470918776" solutionTime="0"/>
    <problemSummaryInfo attempts="2" index="9" isPending="false" isSolved="false" points="0" problemId="I - Fence-8040871189472891379" solutionTime="-1"/>
    <problemSummaryInfo attempts="0" index="10" isPending="false" isSolved="false" points="0" problemId="J - Magic Graphs-7720889568561295666" solutionTime="0"/>
  </teamStanding>
  <teamStanding firstSolved="43" index="21" lastSolved="196" points="307" problemsAttempted="3" rank="22" solved="3" teamAlias="PSU_Sentinel (not aliasesd)" teamExternalId="" teamId="29" teamKey="1TEAM29" teamName="PSU_Sentinel" teamSiteId="1" totalAttempts="4">
    <problemSummaryInfo attempts="1" index="1" isPending="false" isSolved="true" points="43" problemId="A - Marathoner-7009233673259831482" solutionTime="43"/>
    <problemSummaryInfo attempts="0" index="2" isPending="false" isSolved="false" points="0" problemId="B - Network planning--6566423144871065590" solutionTime="0"/>
    <problemSummaryInfo attempts="0" index="3" isPending="false" isSolved="false" points="0" problemId="C - ZZ--3228593900813045142" solutionTime="0"/>
    <problemSummaryInfo attempts="1" index="4" isPending="false" isSolved="true" points="48" problemId="D - Chromosome--4315876524245928038" solutionTime="48"/>
    <problemSummaryInfo attempts="0" index="5" isPending="false" isSolved="false" points="0" problemId="E - Random Walks--4428759071750616967" solutionTime="0"/>
    <problemSummaryInfo attempts="2" index="6" isPending="false" isSolved="true" points="216" problemId="F - Road--6480414909371872230" solutionTime="196"/>
    <problemSummaryInfo attempts="0" index="7" isPending="false" isSolved="false" points="0" problemId="G - DVDs--6107962797118370033" solutionTime="0"/>
    <problemSummaryInfo attempts="0" index="8" isPending="false" isSolved="false" points="0" problemId="H - Theatre-5580873583470918776" solutionTime="0"/>
    <problemSummaryInfo attempts="0" index="9" isPending="false" isSolved="false" points="0" problemId="I - Fence-8040871189472891379" solutionTime="0"/>
    <problemSummaryInfo attempts="0" index="10" isPending="false" isSolved="false" points="0" problemId="J - Magic Graphs-7720889568561295666" solutionTime="0"/>
  </teamStanding>
  <teamStanding firstSolved="41" index="22" lastSolved="205" points="310" problemsAttempted="4" rank="23" solved="3" teamAlias="Drink-Drank-Drunk (not aliasesd)" teamExternalId="" teamId="33" teamKey="1TEAM33" teamName="Drink-Drank-Drunk" teamSiteId="1" totalAttempts="7">
    <problemSummaryInfo attempts="1" index="1" isPending="false" isSolved="true" points="41" problemId="A - Marathoner-7009233673259831482" solutionTime="41"/>
    <problemSummaryInfo attempts="4" index="2" isPending="false" isSolved="false" points="0" problemId="B - Network planning--6566423144871065590" solutionTime="-1"/>
    <problemSummaryInfo attempts="0" index="3" isPending="false" isSolved="false" points="0" problemId="C - ZZ--3228593900813045142" solutionTime="0"/>
    <problemSummaryInfo attempts="1" index="4" isPending="false" isSolved="true" points="64" problemId="D - Chromosome--4315876524245928038" solutionTime="64"/>
    <problemSummaryInfo attempts="0" index="5" isPending="false" isSolved="false" points="0" problemId="E - Random Walks--4428759071750616967" solutionTime="0"/>
    <problemSummaryInfo attempts="1" index="6" isPending="false" isSolved="true" points="205" problemId="F - Road--6480414909371872230" solutionTime="205"/>
    <problemSummaryInfo attempts="0" index="7" isPending="false" isSolved="false" points="0" problemId="G - DVDs--6107962797118370033" solutionTime="0"/>
    <problemSummaryInfo attempts="0" index="8" isPending="false" isSolved="false" points="0" problemId="H - Theatre-5580873583470918776" solutionTime="0"/>
    <problemSummaryInfo attempts="0" index="9" isPending="false" isSolved="false" points="0" problemId="I - Fence-8040871189472891379" solutionTime="0"/>
    <problemSummaryInfo attempts="0" index="10" isPending="false" isSolved="false" points="0" problemId="J - Magic Graphs-7720889568561295666" solutionTime="0"/>
  </teamStanding>
  <teamStanding firstSolved="32" index="23" lastSolved="155" points="358" problemsAttempted="8" rank="24" solved="3" teamAlias="CU-MurderousShot (not aliasesd)" teamExternalId="" teamId="19" teamKey="1TEAM19" teamName="CU-MurderousShot" teamSiteId="1" totalAttempts="14">
    <problemSummaryInfo attempts="1" index="1" isPending="false" isSolved="true" points="32" problemId="A - Marathoner-7009233673259831482" solutionTime="32"/>
    <problemSummaryInfo attempts="3" index="2" isPending="false" isSolved="false" points="0" problemId="B - Network planning--6566423144871065590" solutionTime="-1"/>
    <problemSummaryInfo attempts="1" index="3" isPending="false" isSolved="false" points="0" problemId="C - ZZ--3228593900813045142" solutionTime="-1"/>
    <problemSummaryInfo attempts="3" index="4" isPending="false" isSolved="true" points="171" problemId="D - Chromosome--4315876524245928038" solutionTime="131"/>
    <problemSummaryInfo attempts="1" index="5" isPending="false" isSolved="false" points="0" problemId="E - Random Walks--4428759071750616967" solutionTime="-1"/>
    <problemSummaryInfo attempts="1" index="6" isPending="false" isSolved="true" points="155" problemId="F - Road--6480414909371872230" solutionTime="155"/>
    <problemSummaryInfo attempts="3" index="7" isPending="false" isSolved="false" points="0" problemId="G - DVDs--6107962797118370033" solutionTime="-1"/>
    <problemSummaryInfo attempts="0" index="8" isPending="false" isSolved="false" points="0" problemId="H - Theatre-5580873583470918776" solutionTime="0"/>
    <problemSummaryInfo attempts="1" index="9" isPending="false" isSolved="false" points="0" problemId="I - Fence-8040871189472891379" solutionTime="-1"/>
    <problemSummaryInfo attempts="0" index="10" isPending="false" isSolved="false" points="0" problemId="J - Magic Graphs-7720889568561295666" solutionTime="0"/>
  </teamStanding>
  <teamStanding firstSolved="54" index="24" lastSolved="186" points="363" problemsAttempted="5" rank="25" solved="3" teamAlias="CU-Pladib (not aliasesd)" teamExternalId="" teamId="20" teamKey="1TEAM20" teamName="CU-Pladib" teamSiteId="1" totalAttempts="7">
    <problemSummaryInfo attempts="1" index="1" isPending="false" isSolved="true" points="54" problemId="A - Marathoner-7009233673259831482" solutionTime="54"/>
    <problemSummaryInfo attempts="2" index="2" isPending="false" isSolved="true" points="206" problemId="B - Network planning--6566423144871065590" solutionTime="186"/>
    <problemSummaryInfo attempts="1" index="3" isPending="false" isSolved="false" points="0" problemId="C - ZZ--3228593900813045142" solutionTime="-1"/>
    <problemSummaryInfo attempts="1" index="4" isPending="false" isSolved="true" points="103" problemId="D - Chromosome--4315876524245928038" solutionTime="103"/>
    <problemSummaryInfo attempts="0" index="5" isPending="false" isSolved="false" points="0" problemId="E - Random Walks--4428759071750616967" solutionTime="0"/>
    <problemSummaryInfo attempts="0" index="6" isPending="false" isSolved="false" points="0" problemId="F - Road--6480414909371872230" solutionTime="0"/>
    <problemSummaryInfo attempts="2" index="7" isPending="false" isSolved="false" points="0" problemId="G - DVDs--6107962797118370033" solutionTime="-1"/>
    <problemSummaryInfo attempts="0" index="8" isPending="false" isSolved="false" points="0" problemId="H - Theatre-5580873583470918776" solutionTime="0"/>
    <problemSummaryInfo attempts="0" index="9" isPending="false" isSolved="false" points="0" problemId="I - Fence-8040871189472891379" solutionTime="0"/>
    <problemSummaryInfo attempts="0" index="10" isPending="false" isSolved="false" points="0" problemId="J - Magic Graphs-7720889568561295666" solutionTime="0"/>
  </teamStanding>
  <teamStanding firstSolved="21" index="25" lastSolved="212" points="371" problemsAttempted="5" rank="26" solved="3" teamAlias="Solomon (not aliasesd)" teamExternalId="" teamId="24" teamKey="1TEAM24" teamName="Solomon" teamSiteId="1" totalAttempts="8">
    <problemSummaryInfo attempts="1" index="1" isPending="false" isSolved="true" points="21" problemId="A - Marathoner-7009233673259831482" solutionTime="21"/>
    <problemSummaryInfo attempts="1" index="2" isPending="false" isSolved="false" points="0" problemId="B - Network planning--6566423144871065590" solutionTime="-1"/>
    <problemSummaryInfo attempts="0" index="3" isPending="false" isSolved="false" points="0" problemId="C - ZZ--3228593900813045142" solutionTime="0"/>
    <problemSummaryInfo attempts="2" index="4" isPending="false" isSolved="true" points="118" problemId="D - Chromosome--4315876524245928038" solutionTime="98"/>
    <problemSummaryInfo attempts="2" index="5" isPending="false" isSolved="false" points="0" problemId="E - Random Walks--4428759071750616967" solutionTime="-1"/>
    <problemSummaryInfo attempts="0" index="6" isPending="false" isSolved="false" points="0" problemId="F - Road--6480414909371872230" solutionTime="0"/>
    <problemSummaryInfo attempts="2" index="7" isPending="false" isSolved="true" points="232" problemId="G - DVDs--6107962797118370033" solutionTime="212"/>
    <problemSummaryInfo attempts="0" index="8" isPending="false" isSolved="false" points="0" problemId="H - Theatre-5580873583470918776" solutionTime="0"/>
    <problemSummaryInfo attempts="0" index="9" isPending="false" isSolved="false" points="0" problemId="I - Fence-8040871189472891379" solutionTime="0"/>
    <problemSummaryInfo attempts="0" index="10" isPending="false" isSolved="false" points="0" problemId="J - Magic Graphs-7720889568561295666" solutionTime="0"/>
  </teamStanding>
  <teamStanding firstSolved="34" index="26" lastSolved="244" points="402" problemsAttempted="7" rank="27" solved="3" teamAlias="CURegeneracy (not aliasesd)" teamExternalId="" teamId="21" teamKey="1TEAM21" teamName="CURegeneracy" teamSiteId="1" totalAttempts="12">
    <problemSummaryInfo attempts="2" index="1" isPending="false" isSolved="true" points="54" problemId="A - Marathoner-7009233673259831482" solutionTime="34"/>
    <problemSummaryInfo attempts="2" index="2" isPending="false" isSolved="true" points="264" problemId="B - Network planning--6566423144871065590" solutionTime="244"/>
    <problemSummaryInfo attempts="2" index="3" isPending="false" isSolved="false" points="0" problemId="C - ZZ--3228593900813045142" solutionTime="-1"/>
    <problemSummaryInfo attempts="1" index="4" isPending="false" isSolved="true" points="84" problemId="D - Chromosome--4315876524245928038" solutionTime="84"/>
    <problemSummaryInfo attempts="1" index="5" isPending="false" isSolved="false" points="0" problemId="E - Random Walks--4428759071750616967" solutionTime="-1"/>
    <problemSummaryInfo attempts="1" index="6" isPending="false" isSolved="false" points="0" problemId="F - Road--6480414909371872230" solutionTime="-1"/>
    <problemSummaryInfo attempts="3" index="7" isPending="false" isSolved="false" points="0" problemId="G - DVDs--6107962797118370033" solutionTime="-1"/>
    <problemSummaryInfo attempts="0" index="8" isPending="false" isSolved="false" points="0" problemId="H - Theatre-5580873583470918776" solutionTime="0"/>
    <problemSummaryInfo attempts="0" index="9" isPending="false" isSolved="false" points="0" problemId="I - Fence-8040871189472891379" solutionTime="0"/>
    <problemSummaryInfo attempts="0" index="10" isPending="false" isSolved="false" points="0" problemId="J - Magic Graphs-7720889568561295666" solutionTime="0"/>
  </teamStanding>
  <teamStanding firstSolved="65" index="27" lastSolved="179" points="427" problemsAttempted="6" rank="28" solved="3" teamAlias="CU_weise (not aliasesd)" teamExternalId="" teamId="77" teamKey="1TEAM77" teamName="CU_weise" teamSiteId="1" totalAttempts="13">
    <problemSummaryInfo attempts="5" index="1" isPending="false" isSolved="true" points="183" problemId="A - Marathoner-7009233673259831482" solutionTime="103"/>
    <problemSummaryInfo attempts="2" index="2" isPending="false" isSolved="false" points="0" problemId="B - Network planning--6566423144871065590" solutionTime="-1"/>
    <problemSummaryInfo attempts="2" index="3" isPending="false" isSolved="false" points="0" problemId="C - ZZ--3228593900813045142" solutionTime="-1"/>
    <problemSummaryInfo attempts="1" index="4" isPending="false" isSolved="true" points="65" problemId="D - Chromosome--4315876524245928038" solutionTime="65"/>
    <problemSummaryInfo attempts="0" index="5" isPending="false" isSolved="false" points="0" problemId="E - Random Walks--4428759071750616967" solutionTime="0"/>
    <problemSummaryInfo attempts="1" index="6" isPending="false" isSolved="true" points="179" problemId="F - Road--6480414909371872230" solutionTime="179"/>
    <problemSummaryInfo attempts="0" index="7" isPending="false" isSolved="false" points="0" problemId="G - DVDs--6107962797118370033" solutionTime="0"/>
    <problemSummaryInfo attempts="0" index="8" isPending="false" isSolved="false" points="0" problemId="H - Theatre-5580873583470918776" solutionTime="0"/>
    <problemSummaryInfo attempts="2" index="9" isPending="false" isSolved="false" points="0" problemId="I - Fence-8040871189472891379" solutionTime="-1"/>
    <problemSummaryInfo attempts="0" index="10" isPending="false" isSolved="false" points="0" problemId="J - Magic Graphs-7720889568561295666" solutionTime="0"/>
  </teamStanding>
  <teamStanding firstSolved="41" index="28" lastSolved="207" points="478" problemsAttempted="3" rank="29" solved="3" teamAlias="Allai-D (not aliasesd)" teamExternalId="" teamId="107" teamKey="1TEAM107" teamName="Allai-D" teamSiteId="1" totalAttempts="7">
    <problemSummaryInfo attempts="1" index="1" isPending="false" isSolved="true" points="41" problemId="A - Marathoner-7009233673259831482" solutionTime="41"/>
    <problemSummaryInfo attempts="0" index="2" isPending="false" isSolved="false" points="0" problemId="B - Network planning--6566423144871065590" solutionTime="0"/>
    <problemSummaryInfo attempts="0" index="3" isPending="false" isSolved="false" points="0" problemId="C - ZZ--3228593900813045142" solutionTime="0"/>
    <problemSummaryInfo attempts="1" index="4" isPending="false" isSolved="true" points="150" problemId="D - Chromosome--4315876524245928038" solutionTime="150"/>
    <problemSummaryInfo attempts="0" index="5" isPending="false" isSolved="false" points="0" problemId="E - Random Walks--4428759071750616967" solutionTime="0"/>
    <problemSummaryInfo attempts="0" index="6" isPending="false" isSolved="false" points="0" problemId="F - Road--6480414909371872230" solutionTime="0"/>
    <problemSummaryInfo attempts="5" index="7" isPending="false" isSolved="true" points="287" problemId="G - DVDs--6107962797118370033" solutionTime="207"/>
    <problemSummaryInfo attempts="0" index="8" isPending="false" isSolved="false" points="0" problemId="H - Theatre-5580873583470918776" solutionTime="0"/>
    <problemSummaryInfo attempts="0" index="9" isPending="false" isSolved="false" points="0" problemId="I - Fence-8040871189472891379" solutionTime="0"/>
    <problemSummaryInfo attempts="0" index="10" isPending="false" isSolved="false" points="0" problemId="J - Magic Graphs-7720889568561295666" solutionTime="0"/>
  </teamStanding>
  <teamStanding firstSolved="36" index="29" lastSolved="232" points="491" problemsAttempted="9" rank="30" solved="3" teamAlias="HTT (not aliasesd)" teamExternalId="" teamId="11" teamKey="1TEAM11" teamName="HTT" teamSiteId="1" totalAttempts="11">
    <problemSummaryInfo attempts="1" index="1" isPending="false" isSolved="true" points="36" problemId="A - Marathoner-7009233673259831482" solutionTime="36"/>
    <problemSummaryInfo attempts="0" index="2" isPending="false" isSolved="false" points="0" problemId="B - Network planning--6566423144871065590" solutionTime="0"/>
    <problemSummaryInfo attempts="1" index="3" isPending="false" isSolved="false" points="0" problemId="C - ZZ--3228593900813045142" solutionTime="-1"/>
    <problemSummaryInfo attempts="2" index="4" isPending="false" isSolved="true" points="203" problemId="D - Chromosome--4315876524245928038" solutionTime="183"/>
    <problemSummaryInfo attempts="1" index="5" isPending="false" isSolved="false" points="0" problemId="E - Random Walks--4428759071750616967" solutionTime="-1"/>
    <problemSummaryInfo attempts="1" index="6" isPending="false" isSolved="false" points="0" problemId="F - Road--6480414909371872230" solutionTime="-1"/>
    <problemSummaryInfo attempts="2" index="7" isPending="false" isSolved="true" points="252" problemId="G - DVDs--6107962797118370033" solutionTime="232"/>
    <problemSummaryInfo attempts="1" index="8" isPending="false" isSolved="false" points="0" problemId="H - Theatre-5580873583470918776" solutionTime="-1"/>
    <problemSummaryInfo attempts="1" index="9" isPending="false" isSolved="false" points="0" problemId="I - Fence-8040871189472891379" solutionTime="-1"/>
    <problemSummaryInfo attempts="1" index="10" isPending="false" isSolved="false" points="0" problemId="J - Magic Graphs-7720889568561295666" solutionTime="-1"/>
  </teamStanding>
  <teamStanding firstSolved="26" index="30" lastSolved="36" points="82" problemsAttempted="9" rank="31" solved="2" teamAlias="Sources (not aliasesd)" teamExternalId="" teamId="38" teamKey="1TEAM38" teamName="Sources" teamSiteId="1" totalAttempts="10">
    <problemSummaryInfo attempts="1" index="1" isPending="false" isSolved="true" points="36" problemId="A - Marathoner-7009233673259831482" solutionTime="36"/>
    <problemSummaryInfo attempts="1" index="2" isPending="false" isSolved="false" points="0" problemId="B - Network planning--6566423144871065590" solutionTime="-1"/>
    <problemSummaryInfo attempts="1" index="3" isPending="false" isSolved="false" points="0" problemId="C - ZZ--3228593900813045142" solutionTime="-1"/>
    <problemSummaryInfo attempts="2" index="4" isPending="false" isSolved="true" points="46" problemId="D - Chromosome--4315876524245928038" solutionTime="26"/>
    <problemSummaryInfo attempts="1" index="5" isPending="false" isSolved="false" points="0" problemId="E - Random Walks--4428759071750616967" solutionTime="-1"/>
    <problemSummaryInfo attempts="0" index="6" isPending="false" isSolved="false" points="0" problemId="F - Road--6480414909371872230" solutionTime="0"/>
    <problemSummaryInfo attempts="1" index="7" isPending="false" isSolved="false" points="0" problemId="G - DVDs--6107962797118370033" solutionTime="-1"/>
    <problemSummaryInfo attempts="1" index="8" isPending="false" isSolved="false" points="0" problemId="H - Theatre-5580873583470918776" solutionTime="-1"/>
    <problemSummaryInfo attempts="1" index="9" isPending="false" isSolved="false" points="0" problemId="I - Fence-8040871189472891379" solutionTime="-1"/>
    <problemSummaryInfo attempts="1" index="10" isPending="false" isSolved="false" points="0" problemId="J - Magic Graphs-7720889568561295666" solutionTime="-1"/>
  </teamStanding>
  <teamStanding firstSolved="26" index="31" lastSolved="58" points="84" problemsAttempted="6" rank="32" solved="2" teamAlias="mv me win (not aliasesd)" teamExternalId="" teamId="68" teamKey="1TEAM68" teamName="mv me win" teamSiteId="1" totalAttempts="9">
    <problemSummaryInfo attempts="1" index="1" isPending="false" isSolved="true" points="26" problemId="A - Marathoner-7009233673259831482" solutionTime="26"/>
    <problemSummaryInfo attempts="1" index="2" isPending="false" isSolved="false" points="0" problemId="B - Network planning--6566423144871065590" solutionTime="-1"/>
    <problemSummaryInfo attempts="0" index="3" isPending="false" isSolved="false" points="0" problemId="C - ZZ--3228593900813045142" solutionTime="0"/>
    <problemSummaryInfo attempts="1" index="4" isPending="false" isSolved="true" points="58" problemId="D - Chromosome--4315876524245928038" solutionTime="58"/>
    <problemSummaryInfo attempts="1" index="5" isPending="false" isSolved="false" points="0" problemId="E - Random Walks--4428759071750616967" solutionTime="-1"/>
    <problemSummaryInfo attempts="1" index="6" isPending="false" isSolved="false" points="0" problemId="F - Road--6480414909371872230" solutionTime="-1"/>
    <problemSummaryInfo attempts="4" index="7" isPending="false" isSolved="false" points="0" problemId="G - DVDs--6107962797118370033" solutionTime="-1"/>
    <problemSummaryInfo attempts="0" index="8" isPending="false" isSolved="false" points="0" problemId="H - Theatre-5580873583470918776" solutionTime="0"/>
    <problemSummaryInfo attempts="0" index="9" isPending="false" isSolved="false" points="0" problemId="I - Fence-8040871189472891379" solutionTime="0"/>
    <problemSummaryInfo attempts="0" index="10" isPending="false" isSolved="false" points="0" problemId="J - Magic Graphs-7720889568561295666" solutionTime="0"/>
  </teamStanding>
  <teamStanding firstSolved="22" index="32" lastSolved="78" points="100" problemsAttempted="8" rank="33" solved="2" teamAlias="BMPz (not aliasesd)" teamExternalId="" teamId="94" teamKey="1TEAM94" teamName="BMPz" teamSiteId="1" totalAttempts="16">
    <problemSummaryInfo attempts="1" index="1" isPending="false" isSolved="true" points="22" problemId="A - Marathoner-7009233673259831482" solutionTime="22"/>
    <problemSummaryInfo attempts="1" index="2" isPending="false" isSolved="false" points="0" problemId="B - Network planning--6566423144871065590" solutionTime="-1"/>
    <problemSummaryInfo attempts="3" index="3" isPending="false" isSolved="false" points="0" problemId="C - ZZ--3228593900813045142" solutionTime="-1"/>
    <problemSummaryInfo attempts="1" index="4" isPending="false" isSolved="true" points="78" problemId="D - Chromosome--4315876524245928038" solutionTime="78"/>
    <problemSummaryInfo attempts="1" index="5" isPending="false" isSolved="false" points="0" problemId="E - Random Walks--4428759071750616967" solutionTime="-1"/>
    <problemSummaryInfo attempts="1" index="6" isPending="false" isSolved="false" points="0" problemId="F - Road--6480414909371872230" solutionTime="-1"/>
    <problemSummaryInfo attempts="7" index="7" isPending="false" isSolved="false" points="0" problemId="G - DVDs--6107962797118370033" solutionTime="-1"/>
    <problemSummaryInfo attempts="0" index="8" isPending="false" isSolved="false" points="0" problemId="H - Theatre-5580873583470918776" solutionTime="0"/>
    <problemSummaryInfo attempts="1" index="9" isPending="false" isSolved="false" points="0" problemId="I - Fence-8040871189472891379" solutionTime="-1"/>
    <problemSummaryInfo attempts="0" index="10" isPending="false" isSolved="false" points="0" problemId="J - Magic Graphs-7720889568561295666" solutionTime="0"/>
  </teamStanding>
  <teamStanding firstSolved="37" index="33" lastSolved="70" points="107" problemsAttempted="3" rank="34" solved="2" teamAlias="TeamRRai (not aliasesd)" teamExternalId="" teamId="25" teamKey="1TEAM25" teamName="TeamRRai" teamSiteId="1" totalAttempts="7">
    <problemSummaryInfo attempts="1" index="1" isPending="false" isSolved="true" points="37" problemId="A - Marathoner-7009233673259831482" solutionTime="37"/>
    <problemSummaryInfo attempts="0" index="2" isPending="false" isSolved="false" points="0" problemId="B - Network planning--6566423144871065590" solutionTime="0"/>
    <problemSummaryInfo attempts="0" index="3" isPending="false" isSolved="false" points="0" problemId="C - ZZ--3228593900813045142" solutionTime="0"/>
    <problemSummaryInfo attempts="1" index="4" isPending="false" isSolved="true" points="70" problemId="D - Chromosome--4315876524245928038" solutionTime="70"/>
    <problemSummaryInfo attempts="0" index="5" isPending="false" isSolved="false" points="0" problemId="E - Random Walks--4428759071750616967" solutionTime="0"/>
    <problemSummaryInfo attempts="0" index="6" isPending="false" isSolved="false" points="0" problemId="F - Road--6480414909371872230" solutionTime="0"/>
    <problemSummaryInfo attempts="5" index="7" isPending="false" isSolved="false" points="0" problemId="G - DVDs--6107962797118370033" solutionTime="-1"/>
    <problemSummaryInfo attempts="0" index="8" isPending="false" isSolved="false" points="0" problemId="H - Theatre-5580873583470918776" solutionTime="0"/>
    <problemSummaryInfo attempts="0" index="9" isPending="false" isSolved="false" points="0" problemId="I - Fence-8040871189472891379" solutionTime="0"/>
    <problemSummaryInfo attempts="0" index="10" isPending="false" isSolved="false" points="0" problemId="J - Magic Graphs-7720889568561295666" solutionTime="0"/>
  </teamStanding>
  <teamStanding firstSolved="17" index="34" lastSolved="96" points="113" problemsAttempted="3" rank="35" solved="2" teamAlias="Survivors (not aliasesd)" teamExternalId="" teamId="14" teamKey="1TEAM14" teamName="Survivors" teamSiteId="1" totalAttempts="7">
    <problemSummaryInfo attempts="1" index="1" isPending="false" isSolved="true" points="17" problemId="A - Marathoner-7009233673259831482" solutionTime="17"/>
    <problemSummaryInfo attempts="0" index="2" isPending="false" isSolved="false" points="0" problemId="B - Network planning--6566423144871065590" solutionTime="0"/>
    <problemSummaryInfo attempts="0" index="3" isPending="false" isSolved="false" points="0" problemId="C - ZZ--3228593900813045142" solutionTime="0"/>
    <problemSummaryInfo attempts="1" index="4" isPending="false" isSolved="true" points="96" problemId="D - Chromosome--4315876524245928038" solutionTime="96"/>
    <problemSummaryInfo attempts="0" index="5" isPending="false" isSolved="false" points="0" problemId="E - Random Walks--4428759071750616967" solutionTime="0"/>
    <problemSummaryInfo attempts="0" index="6" isPending="false" isSolved="false" points="0" problemId="F - Road--6480414909371872230" solutionTime="0"/>
    <problemSummaryInfo attempts="5" index="7" isPending="false" isSolved="false" points="0" problemId="G - DVDs--6107962797118370033" solutionTime="-1"/>
    <problemSummaryInfo attempts="0" index="8" isPending="false" isSolved="false" points="0" problemId="H - Theatre-5580873583470918776" solutionTime="0"/>
    <problemSummaryInfo attempts="0" index="9" isPending="false" isSolved="false" points="0" problemId="I - Fence-8040871189472891379" solutionTime="0"/>
    <problemSummaryInfo attempts="0" index="10" isPending="false" isSolved="false" points="0" problemId="J - Magic Graphs-7720889568561295666" solutionTime="0"/>
  </teamStanding>
  <teamStanding firstSolved="41" index="35" lastSolved="77" points="118" problemsAttempted="3" rank="36" solved="2" teamAlias="Daddy Home (not aliasesd)" teamExternalId="" teamId="87" teamKey="1TEAM87" teamName="Daddy Home" teamSiteId="1" totalAttempts="4">
    <problemSummaryInfo attempts="1" index="1" isPending="false" isSolved="true" points="41" problemId="A - Marathoner-7009233673259831482" solutionTime="41"/>
    <problemSummaryInfo attempts="0" index="2" isPending="false" isSolved="false" points="0" problemId="B - Network planning--6566423144871065590" solutionTime="0"/>
    <problemSummaryInfo attempts="0" index="3" isPending="false" isSolved="false" points="0" problemId="C - ZZ--3228593900813045142" solutionTime="0"/>
    <problemSummaryInfo attempts="1" index="4" isPending="false" isSolved="true" points="77" problemId="D - Chromosome--4315876524245928038" solutionTime="77"/>
    <problemSummaryInfo attempts="0" index="5" isPending="false" isSolved="false" points="0" problemId="E - Random Walks--4428759071750616967" solutionTime="0"/>
    <problemSummaryInfo attempts="0" index="6" isPending="false" isSolved="false" points="0" problemId="F - Road--6480414909371872230" solutionTime="0"/>
    <problemSummaryInfo attempts="2" index="7" isPending="false" isSolved="false" points="0" problemId="G - DVDs--6107962797118370033" solutionTime="-1"/>
    <problemSummaryInfo attempts="0" index="8" isPending="false" isSolved="false" points="0" problemId="H - Theatre-5580873583470918776" solutionTime="0"/>
    <problemSummaryInfo attempts="0" index="9" isPending="false" isSolved="false" points="0" problemId="I - Fence-8040871189472891379" solutionTime="0"/>
    <problemSummaryInfo attempts="0" index="10" isPending="false" isSolved="false" points="0" problemId="J - Magic Graphs-7720889568561295666" solutionTime="0"/>
  </teamStanding>
  <teamStanding firstSolved="38" index="36" lastSolved="63" points="121" problemsAttempted="4" rank="37" solved="2" teamAlias="SE-Argon (not aliasesd)" teamExternalId="" teamId="92" teamKey="1TEAM92" teamName="SE-Argon" teamSiteId="1" totalAttempts="8">
    <problemSummaryInfo attempts="1" index="1" isPending="false" isSolved="true" points="63" problemId="A - Marathoner-7009233673259831482" solutionTime="63"/>
    <problemSummaryInfo attempts="0" index="2" isPending="false" isSolved="false" points="0" problemId="B - Network planning--6566423144871065590" solutionTime="0"/>
    <problemSummaryInfo attempts="2" index="3" isPending="false" isSolved="false" points="0" problemId="C - ZZ--3228593900813045142" solutionTime="-1"/>
    <problemSummaryInfo attempts="2" index="4" isPending="false" isSolved="true" points="58" problemId="D - Chromosome--4315876524245928038" solutionTime="38"/>
    <problemSummaryInfo attempts="0" index="5" isPending="false" isSolved="false" points="0" problemId="E - Random Walks--4428759071750616967" solutionTime="0"/>
    <problemSummaryInfo attempts="0" index="6" isPending="false" isSolved="false" points="0" problemId="F - Road--6480414909371872230" solutionTime="0"/>
    <problemSummaryInfo attempts="3" index="7" isPending="false" isSolved="false" points="0" problemId="G - DVDs--6107962797118370033" solutionTime="-1"/>
    <problemSummaryInfo attempts="0" index="8" isPending="false" isSolved="false" points="0" problemId="H - Theatre-5580873583470918776" solutionTime="0"/>
    <problemSummaryInfo attempts="0" index="9" isPending="false" isSolved="false" points="0" problemId="I - Fence-8040871189472891379" solutionTime="0"/>
    <problemSummaryInfo attempts="0" index="10" isPending="false" isSolved="false" points="0" problemId="J - Magic Graphs-7720889568561295666" solutionTime="0"/>
  </teamStanding>
  <teamStanding firstSolved="33" index="37" lastSolved="91" points="124" problemsAttempted="4" rank="38" solved="2" teamAlias="SE-Carbon (not aliasesd)" teamExternalId="" teamId="93" teamKey="1TEAM93" teamName="SE-Carbon" teamSiteId="1" totalAttempts="7">
    <problemSummaryInfo attempts="1" index="1" isPending="false" isSolved="true" points="33" problemId="A - Marathoner-7009233673259831482" solutionTime="33"/>
    <problemSummaryInfo attempts="0" index="2" isPending="false" isSolved="false" points="0" problemId="B - Network planning--6566423144871065590" solutionTime="0"/>
    <problemSummaryInfo attempts="0" index="3" isPending="false" isSolved="false" points="0" problemId="C - ZZ--3228593900813045142" solutionTime="0"/>
    <problemSummaryInfo attempts="1" index="4" isPending="false" isSolved="true" points="91" problemId="D - Chromosome--4315876524245928038" solutionTime="91"/>
    <problemSummaryInfo attempts="0" index="5" isPending="false" isSolved="false" points="0" problemId="E - Random Walks--4428759071750616967" solutionTime="0"/>
    <problemSummaryInfo attempts="0" index="6" isPending="false" isSolved="false" points="0" problemId="F - Road--6480414909371872230" solutionTime="0"/>
    <problemSummaryInfo attempts="4" index="7" isPending="false" isSolved="false" points="0" problemId="G - DVDs--6107962797118370033" solutionTime="-1"/>
    <problemSummaryInfo attempts="1" index="8" isPending="false" isSolved="false" points="0" problemId="H - Theatre-5580873583470918776" solutionTime="-1"/>
    <problemSummaryInfo attempts="0" index="9" isPending="false" isSolved="false" points="0" problemId="I - Fence-8040871189472891379" solutionTime="0"/>
    <problemSummaryInfo attempts="0" index="10" isPending="false" isSolved="false" points="0" problemId="J - Magic Graphs-7720889568561295666" solutionTime="0"/>
  </teamStanding>
  <teamStanding firstSolved="36" index="38" lastSolved="51" points="127" problemsAttempted="5" rank="39" solved="2" teamAlias="No_อ้าง (not aliasesd)" teamExternalId="" teamId="88" teamKey="1TEAM88" teamName="No_อ้าง" teamSiteId="1" totalAttempts="16">
    <problemSummaryInfo attempts="3" index="1" isPending="false" isSolved="true" points="76" problemId="A - Marathoner-7009233673259831482" solutionTime="36"/>
    <problemSummaryInfo attempts="0" index="2" isPending="false" isSolved="false" points="0" problemId="B - Network planning--6566423144871065590" solutionTime="0"/>
    <problemSummaryInfo attempts="0" index="3" isPending="false" isSolved="false" points="0" problemId="C - ZZ--3228593900813045142" solutionTime="0"/>
    <problemSummaryInfo attempts="1" index="4" isPending="false" isSolved="true" points="51" problemId="D - Chromosome--4315876524245928038" solutionTime="51"/>
    <problemSummaryInfo attempts="1" index="5" isPending="false" isSolved="false" points="0" problemId="E - Random Walks--4428759071750616967" solutionTime="-1"/>
    <problemSummaryInfo attempts="0" index="6" isPending="false" isSolved="false" points="0" problemId="F - Road--6480414909371872230" solutionTime="0"/>
    <problemSummaryInfo attempts="7" index="7" isPending="false" isSolved="false" points="0" problemId="G - DVDs--6107962797118370033" solutionTime="-1"/>
    <problemSummaryInfo attempts="4" index="8" isPending="false" isSolved="false" points="0" problemId="H - Theatre-5580873583470918776" solutionTime="-1"/>
    <problemSummaryInfo attempts="0" index="9" isPending="false" isSolved="false" points="0" problemId="I - Fence-8040871189472891379" solutionTime="0"/>
    <problemSummaryInfo attempts="0" index="10" isPending="false" isSolved="false" points="0" problemId="J - Magic Graphs-7720889568561295666" solutionTime="0"/>
  </teamStanding>
  <teamStanding firstSolved="33" index="39" lastSolved="75" points="128" problemsAttempted="5" rank="40" solved="2" teamAlias="Inspiration (not aliasesd)" teamExternalId="" teamId="39" teamKey="1TEAM39" teamName="Inspiration" teamSiteId="1" totalAttempts="8">
    <problemSummaryInfo attempts="1" index="1" isPending="false" isSolved="true" points="33" problemId="A - Marathoner-7009233673259831482" solutionTime="33"/>
    <problemSummaryInfo attempts="0" index="2" isPending="false" isSolved="false" points="0" problemId="B - Network planning--6566423144871065590" solutionTime="0"/>
    <problemSummaryInfo attempts="1" index="3" isPending="false" isSolved="false" points="0" problemId="C - ZZ--3228593900813045142" solutionTime="-1"/>
    <problemSummaryInfo attempts="2" index="4" isPending="false" isSolved="true" points="95" problemId="D - Chromosome--4315876524245928038" solutionTime="75"/>
    <problemSummaryInfo attempts="2" index="5" isPending="false" isSolved="false" points="0" problemId="E - Random Walks--4428759071750616967" solutionTime="-1"/>
    <problemSummaryInfo attempts="0" index="6" isPending="false" isSolved="false" points="0" problemId="F - Road--6480414909371872230" solutionTime="0"/>
    <problemSummaryInfo attempts="2" index="7" isPending="false" isSolved="false" points="0" problemId="G - DVDs--6107962797118370033" solutionTime="-1"/>
    <problemSummaryInfo attempts="0" index="8" isPending="false" isSolved="false" points="0" problemId="H - Theatre-5580873583470918776" solutionTime="0"/>
    <problemSummaryInfo attempts="0" index="9" isPending="false" isSolved="false" points="0" problemId="I - Fence-8040871189472891379" solutionTime="0"/>
    <problemSummaryInfo attempts="0" index="10" isPending="false" isSolved="false" points="0" problemId="J - Magic Graphs-7720889568561295666" solutionTime="0"/>
  </teamStanding>
  <teamStanding firstSolved="19" index="40" lastSolved="109" points="128" problemsAttempted="5" rank="41" solved="2" teamAlias="CU-Alpagaea (not aliasesd)" teamExternalId="" teamId="36" teamKey="1TEAM36" teamName="CU-Alpagaea" teamSiteId="1" totalAttempts="9">
    <problemSummaryInfo attempts="1" index="1" isPending="false" isSolved="true" points="19" problemId="A - Marathoner-7009233673259831482" solutionTime="19"/>
    <problemSummaryInfo attempts="0" index="2" isPending="false" isSolved="false" points="0" problemId="B - Network planning--6566423144871065590" solutionTime="0"/>
    <problemSummaryInfo attempts="2" index="3" isPending="false" isSolved="false" points="0" problemId="C - ZZ--3228593900813045142" solutionTime="-1"/>
    <problemSummaryInfo attempts="1" index="4" isPending="false" isSolved="true" points="109" problemId="D - Chromosome--4315876524245928038" solutionTime="109"/>
    <problemSummaryInfo attempts="2" index="5" isPending="false" isSolved="false" points="0" problemId="E - Random Walks--4428759071750616967" solutionTime="-1"/>
    <problemSummaryInfo attempts="0" index="6" isPending="false" isSolved="false" points="0" problemId="F - Road--6480414909371872230" solutionTime="0"/>
    <problemSummaryInfo attempts="3" index="7" isPending="false" isSolved="false" points="0" problemId="G - DVDs--6107962797118370033" solutionTime="-1"/>
    <problemSummaryInfo attempts="0" index="8" isPending="false" isSolved="false" points="0" problemId="H - Theatre-5580873583470918776" solutionTime="0"/>
    <problemSummaryInfo attempts="0" index="9" isPending="false" isSolved="false" points="0" problemId="I - Fence-8040871189472891379" solutionTime="0"/>
    <problemSummaryInfo attempts="0" index="10" isPending="false" isSolved="false" points="0" problemId="J - Magic Graphs-7720889568561295666" solutionTime="0"/>
  </teamStanding>
  <teamStanding firstSolved="37" index="41" lastSolved="53" points="130" problemsAttempted="5" rank="42" solved="2" teamAlias="cpe_style (not aliasesd)" teamExternalId="" teamId="17" teamKey="1TEAM17" teamName="cpe_style" teamSiteId="1" totalAttempts="14">
    <problemSummaryInfo attempts="3" index="1" isPending="false" isSolved="true" points="93" problemId="A - Marathoner-7009233673259831482" solutionTime="53"/>
    <problemSummaryInfo attempts="1" index="2" isPending="false" isSolved="false" points="0" problemId="B - Network planning--6566423144871065590" solutionTime="-1"/>
    <problemSummaryInfo attempts="0" index="3" isPending="false" isSolved="false" points="0" problemId="C - ZZ--3228593900813045142" solutionTime="0"/>
    <problemSummaryInfo attempts="1" index="4" isPending="false" isSolved="true" points="37" problemId="D - Chromosome--4315876524245928038" solutionTime="37"/>
    <problemSummaryInfo attempts="0" index="5" isPending="false" isSolved="false" points="0" problemId="E - Random Walks--4428759071750616967" solutionTime="0"/>
    <problemSummaryInfo attempts="6" index="6" isPending="false" isSolved="false" points="0" problemId="F - Road--6480414909371872230" solutionTime="-1"/>
    <problemSummaryInfo attempts="3" index="7" isPending="false" isSolved="false" points="0" problemId="G - DVDs--6107962797118370033" solutionTime="-1"/>
    <problemSummaryInfo attempts="0" index="8" isPending="false" isSolved="false" points="0" problemId="H - Theatre-5580873583470918776" solutionTime="0"/>
    <problemSummaryInfo attempts="0" index="9" isPending="false" isSolved="false" points="0" problemId="I - Fence-8040871189472891379" solutionTime="0"/>
    <problemSummaryInfo attempts="0" index="10" isPending="false" isSolved="false" points="0" problemId="J - Magic Graphs-7720889568561295666" solutionTime="0"/>
  </teamStanding>
  <teamStanding firstSolved="28" index="42" lastSolved="89" points="137" problemsAttempted="5" rank="43" solved="2" teamAlias="MUICT_BambooGarden (not aliasesd)" teamExternalId="" teamId="28" teamKey="1TEAM28" teamName="MUICT_BambooGarden" teamSiteId="1" totalAttempts="12">
    <problemSummaryInfo attempts="2" index="1" isPending="false" isSolved="true" points="48" problemId="A - Marathoner-7009233673259831482" solutionTime="28"/>
    <problemSummaryInfo attempts="0" index="2" isPending="false" isSolved="false" points="0" problemId="B - Network planning--6566423144871065590" solutionTime="0"/>
    <problemSummaryInfo attempts="1" index="3" isPending="false" isSolved="false" points="0" problemId="C - ZZ--3228593900813045142" solutionTime="-1"/>
    <problemSummaryInfo attempts="1" index="4" isPending="false" isSolved="true" points="89" problemId="D - Chromosome--4315876524245928038" solutionTime="89"/>
    <problemSummaryInfo attempts="1" index="5" isPending="false" isSolved="false" points="0" problemId="E - Random Walks--4428759071750616967" solutionTime="-1"/>
    <problemSummaryInfo attempts="0" index="6" isPending="false" isSolved="false" points="0" problemId="F - Road--6480414909371872230" solutionTime="0"/>
    <problemSummaryInfo attempts="7" index="7" isPending="false" isSolved="false" points="0" problemId="G - DVDs--6107962797118370033" solutionTime="-1"/>
    <problemSummaryInfo attempts="0" index="8" isPending="false" isSolved="false" points="0" problemId="H - Theatre-5580873583470918776" solutionTime="0"/>
    <problemSummaryInfo attempts="0" index="9" isPending="false" isSolved="false" points="0" problemId="I - Fence-8040871189472891379" solutionTime="0"/>
    <problemSummaryInfo attempts="0" index="10" isPending="false" isSolved="false" points="0" problemId="J - Magic Graphs-7720889568561295666" solutionTime="0"/>
  </teamStanding>
  <teamStanding firstSolved="33" index="43" lastSolved="105" points="138" problemsAttempted="4" rank="44" solved="2" teamAlias="STAFF (not aliasesd)" teamExternalId="" teamId="59" teamKey="1TEAM59" teamName="STAFF" teamSiteId="1" totalAttempts="4">
    <problemSummaryInfo attempts="1" index="1" isPending="false" isSolved="true" points="33" problemId="A - Marathoner-7009233673259831482" solutionTime="33"/>
    <problemSummaryInfo attempts="0" index="2" isPending="false" isSolved="false" points="0" problemId="B - Network planning--6566423144871065590" solutionTime="0"/>
    <problemSummaryInfo attempts="1" index="3" isPending="false" isSolved="false" points="0" problemId="C - ZZ--3228593900813045142" solutionTime="-1"/>
    <problemSummaryInfo attempts="1" index="4" isPending="false" isSolved="true" points="105" problemId="D - Chromosome--4315876524245928038" solutionTime="105"/>
    <problemSummaryInfo attempts="0" index="5" isPending="false" isSolved="false" points="0" problemId="E - Random Walks--4428759071750616967" solutionTime="0"/>
    <problemSummaryInfo attempts="0" index="6" isPending="false" isSolved="false" points="0" problemId="F - Road--6480414909371872230" solutionTime="0"/>
    <problemSummaryInfo attempts="1" index="7" isPending="false" isSolved="false" points="0" problemId="G - DVDs--6107962797118370033" solutionTime="-1"/>
    <problemSummaryInfo attempts="0" index="8" isPending="false" isSolved="false" points="0" problemId="H - Theatre-5580873583470918776" solutionTime="0"/>
    <problemSummaryInfo attempts="0" index="9" isPending="false" isSolved="false" points="0" problemId="I - Fence-8040871189472891379" solutionTime="0"/>
    <problemSummaryInfo attempts="0" index="10" isPending="false" isSolved="false" points="0" problemId="J - Magic Graphs-7720889568561295666" solutionTime="0"/>
  </teamStanding>
  <teamStanding firstSolved="29" index="44" lastSolved="111" points="140" problemsAttempted="3" rank="45" solved="2" teamAlias="MUICT_Poro Poro (not aliasesd)" teamExternalId="" teamId="45" teamKey="1TEAM45" teamName="MUICT_Poro Poro" teamSiteId="1" totalAttempts="3">
    <problemSummaryInfo attempts="1" index="1" isPending="false" isSolved="true" points="29" problemId="A - Marathoner-7009233673259831482" solutionTime="29"/>
    <problemSummaryInfo attempts="0" index="2" isPending="false" isSolved="false" points="0" problemId="B - Network planning--6566423144871065590" solutionTime="0"/>
    <problemSummaryInfo attempts="0" index="3" isPending="false" isSolved="false" points="0" problemId="C - ZZ--3228593900813045142" solutionTime="0"/>
    <problemSummaryInfo attempts="1" index="4" isPending="false" isSolved="true" points="111" problemId="D - Chromosome--4315876524245928038" solutionTime="111"/>
    <problemSummaryInfo attempts="0" index="5" isPending="false" isSolved="false" points="0" problemId="E - Random Walks--4428759071750616967" solutionTime="0"/>
    <problemSummaryInfo attempts="0" index="6" isPending="false" isSolved="false" points="0" problemId="F - Road--6480414909371872230" solutionTime="0"/>
    <problemSummaryInfo attempts="1" index="7" isPending="false" isSolved="false" points="0" problemId="G - DVDs--6107962797118370033" solutionTime="-1"/>
    <problemSummaryInfo attempts="0" index="8" isPending="false" isSolved="false" points="0" problemId="H - Theatre-5580873583470918776" solutionTime="0"/>
    <problemSummaryInfo attempts="0" index="9" isPending="false" isSolved="false" points="0" problemId="I - Fence-8040871189472891379" solutionTime="0"/>
    <problemSummaryInfo attempts="0" index="10" isPending="false" isSolved="false" points="0" problemId="J - Magic Graphs-7720889568561295666" solutionTime="0"/>
  </teamStanding>
  <teamStanding firstSolved="26" index="45" lastSolved="35" points="141" problemsAttempted="5" rank="46" solved="2" teamAlias="CUUUUU (not aliasesd)" teamExternalId="" teamId="6" teamKey="1TEAM6" teamName="CUUUUU" teamSiteId="1" totalAttempts="12">
    <problemSummaryInfo attempts="1" index="1" isPending="false" isSolved="true" points="26" problemId="A - Marathoner-7009233673259831482" solutionTime="26"/>
    <problemSummaryInfo attempts="3" index="2" isPending="false" isSolved="false" points="0" problemId="B - Network planning--6566423144871065590" solutionTime="-1"/>
    <problemSummaryInfo attempts="0" index="3" isPending="false" isSolved="false" points="0" problemId="C - ZZ--3228593900813045142" solutionTime="0"/>
    <problemSummaryInfo attempts="5" index="4" isPending="false" isSolved="true" points="115" problemId="D - Chromosome--4315876524245928038" solutionTime="35"/>
    <problemSummaryInfo attempts="1" index="5" isPending="false" isSolved="false" points="0" problemId="E - Random Walks--4428759071750616967" solutionTime="-1"/>
    <problemSummaryInfo attempts="0" index="6" isPending="false" isSolved="false" points="0" problemId="F - Road--6480414909371872230" solutionTime="0"/>
    <problemSummaryInfo attempts="2" index="7" isPending="false" isSolved="false" points="0" problemId="G - DVDs--6107962797118370033" solutionTime="-1"/>
    <problemSummaryInfo attempts="0" index="8" isPending="false" isSolved="false" points="0" problemId="H - Theatre-5580873583470918776" solutionTime="0"/>
    <problemSummaryInfo attempts="0" index="9" isPending="false" isSolved="false" points="0" problemId="I - Fence-8040871189472891379" solutionTime="0"/>
    <problemSummaryInfo attempts="0" index="10" isPending="false" isSolved="false" points="0" problemId="J - Magic Graphs-7720889568561295666" solutionTime="0"/>
  </teamStanding>
  <teamStanding firstSolved="45" index="46" lastSolved="103" points="148" problemsAttempted="3" rank="47" solved="2" teamAlias="LMU5 (not aliasesd)" teamExternalId="" teamId="81" teamKey="1TEAM81" teamName="LMU5" teamSiteId="1" totalAttempts="4">
    <problemSummaryInfo attempts="1" index="1" isPending="false" isSolved="true" points="45" problemId="A - Marathoner-7009233673259831482" solutionTime="45"/>
    <problemSummaryInfo attempts="0" index="2" isPending="false" isSolved="false" points="0" problemId="B - Network planning--6566423144871065590" solutionTime="0"/>
    <problemSummaryInfo attempts="0" index="3" isPending="false" isSolved="false" points="0" problemId="C - ZZ--3228593900813045142" solutionTime="0"/>
    <problemSummaryInfo attempts="1" index="4" isPending="false" isSolved="true" points="103" problemId="D - Chromosome--4315876524245928038" solutionTime="103"/>
    <problemSummaryInfo attempts="0" index="5" isPending="false" isSolved="false" points="0" problemId="E - Random Walks--4428759071750616967" solutionTime="0"/>
    <problemSummaryInfo attempts="0" index="6" isPending="false" isSolved="false" points="0" problemId="F - Road--6480414909371872230" solutionTime="0"/>
    <problemSummaryInfo attempts="0" index="7" isPending="false" isSolved="false" points="0" problemId="G - DVDs--6107962797118370033" solutionTime="0"/>
    <problemSummaryInfo attempts="2" index="8" isPending="false" isSolved="false" points="0" problemId="H - Theatre-5580873583470918776" solutionTime="-1"/>
    <problemSummaryInfo attempts="0" index="9" isPending="false" isSolved="false" points="0" problemId="I - Fence-8040871189472891379" solutionTime="0"/>
    <problemSummaryInfo attempts="0" index="10" isPending="false" isSolved="false" points="0" problemId="J - Magic Graphs-7720889568561295666" solutionTime="0"/>
  </teamStanding>
  <teamStanding firstSolved="56" index="47" lastSolved="95" points="151" problemsAttempted="2" rank="48" solved="2" teamAlias="The Factor (not aliasesd)" teamExternalId="" teamId="30" teamKey="1TEAM30" teamName="The Factor" teamSiteId="1" totalAttempts="2">
    <problemSummaryInfo attempts="1" index="1" isPending="false" isSolved="true" points="56" problemId="A - Marathoner-7009233673259831482" solutionTime="56"/>
    <problemSummaryInfo attempts="0" index="2" isPending="false" isSolved="false" points="0" problemId="B - Network planning--6566423144871065590" solutionTime="0"/>
    <problemSummaryInfo attempts="0" index="3" isPending="false" isSolved="false" points="0" problemId="C - ZZ--3228593900813045142" solutionTime="0"/>
    <problemSummaryInfo attempts="1" index="4" isPending="false" isSolved="true" points="95" problemId="D - Chromosome--4315876524245928038" solutionTime="95"/>
    <problemSummaryInfo attempts="0" index="5" isPending="false" isSolved="false" points="0" problemId="E - Random Walks--4428759071750616967" solutionTime="0"/>
    <problemSummaryInfo attempts="0" index="6" isPending="false" isSolved="false" points="0" problemId="F - Road--6480414909371872230" solutionTime="0"/>
    <problemSummaryInfo attempts="0" index="7" isPending="false" isSolved="false" points="0" problemId="G - DVDs--6107962797118370033" solutionTime="0"/>
    <problemSummaryInfo attempts="0" index="8" isPending="false" isSolved="false" points="0" problemId="H - Theatre-5580873583470918776" solutionTime="0"/>
    <problemSummaryInfo attempts="0" index="9" isPending="false" isSolved="false" points="0" problemId="I - Fence-8040871189472891379" solutionTime="0"/>
    <problemSummaryInfo attempts="0" index="10" isPending="false" isSolved="false" points="0" problemId="J - Magic Graphs-7720889568561295666" solutionTime="0"/>
  </teamStanding>
  <teamStanding firstSolved="67" index="48" lastSolved="94" points="161" problemsAttempted="4" rank="49" solved="2" teamAlias="LMU7 (not aliasesd)" teamExternalId="" teamId="82" teamKey="1TEAM82" teamName="LMU7" teamSiteId="1" totalAttempts="8">
    <problemSummaryInfo attempts="1" index="1" isPending="false" isSolved="true" points="67" problemId="A - Marathoner-7009233673259831482" solutionTime="67"/>
    <problemSummaryInfo attempts="0" index="2" isPending="false" isSolved="false" points="0" problemId="B - Network planning--6566423144871065590" solutionTime="0"/>
    <problemSummaryInfo attempts="1" index="3" isPending="false" isSolved="false" points="0" problemId="C - ZZ--3228593900813045142" solutionTime="-1"/>
    <problemSummaryInfo attempts="1" index="4" isPending="false" isSolved="true" points="94" problemId="D - Chromosome--4315876524245928038" solutionTime="94"/>
    <problemSummaryInfo attempts="0" index="5" isPending="false" isSolved="false" points="0" problemId="E - Random Walks--4428759071750616967" solutionTime="0"/>
    <problemSummaryInfo attempts="0" index="6" isPending="false" isSolved="false" points="0" problemId="F - Road--6480414909371872230" solutionTime="0"/>
    <problemSummaryInfo attempts="5" index="7" isPending="false" isSolved="false" points="0" problemId="G - DVDs--6107962797118370033" solutionTime="-1"/>
    <problemSummaryInfo attempts="0" index="8" isPending="false" isSolved="false" points="0" problemId="H - Theatre-5580873583470918776" solutionTime="0"/>
    <problemSummaryInfo attempts="0" index="9" isPending="false" isSolved="false" points="0" problemId="I - Fence-8040871189472891379" solutionTime="0"/>
    <problemSummaryInfo attempts="0" index="10" isPending="false" isSolved="false" points="0" problemId="J - Magic Graphs-7720889568561295666" solutionTime="0"/>
  </teamStanding>
  <teamStanding firstSolved="42" index="49" lastSolved="99" points="161" problemsAttempted="3" rank="50" solved="2" teamAlias="Flash Drive 8GB (not aliasesd)" teamExternalId="" teamId="108" teamKey="1TEAM108" teamName="Flash Drive 8GB" teamSiteId="1" totalAttempts="7">
    <problemSummaryInfo attempts="1" index="1" isPending="false" isSolved="true" points="42" problemId="A - Marathoner-7009233673259831482" solutionTime="42"/>
    <problemSummaryInfo attempts="0" index="2" isPending="false" isSolved="false" points="0" problemId="B - Network planning--6566423144871065590" solutionTime="0"/>
    <problemSummaryInfo attempts="0" index="3" isPending="false" isSolved="false" points="0" problemId="C - ZZ--3228593900813045142" solutionTime="0"/>
    <problemSummaryInfo attempts="2" index="4" isPending="false" isSolved="true" points="119" problemId="D - Chromosome--4315876524245928038" solutionTime="99"/>
    <problemSummaryInfo attempts="0" index="5" isPending="false" isSolved="false" points="0" problemId="E - Random Walks--4428759071750616967" solutionTime="0"/>
    <problemSummaryInfo attempts="0" index="6" isPending="false" isSolved="false" points="0" problemId="F - Road--6480414909371872230" solutionTime="0"/>
    <problemSummaryInfo attempts="4" index="7" isPending="false" isSolved="false" points="0" problemId="G - DVDs--6107962797118370033" solutionTime="-1"/>
    <problemSummaryInfo attempts="0" index="8" isPending="false" isSolved="false" points="0" problemId="H - Theatre-5580873583470918776" solutionTime="0"/>
    <problemSummaryInfo attempts="0" index="9" isPending="false" isSolved="false" points="0" problemId="I - Fence-8040871189472891379" solutionTime="0"/>
    <problemSummaryInfo attempts="0" index="10" isPending="false" isSolved="false" points="0" problemId="J - Magic Graphs-7720889568561295666" solutionTime="0"/>
  </teamStanding>
  <teamStanding firstSolved="75" index="50" lastSolved="87" points="162" problemsAttempted="4" rank="51" solved="2" teamAlias="Bin Amp (not aliasesd)" teamExternalId="" teamId="27" teamKey="1TEAM27" teamName="Bin Amp" teamSiteId="1" totalAttempts="7">
    <problemSummaryInfo attempts="1" index="1" isPending="false" isSolved="true" points="75" problemId="A - Marathoner-7009233673259831482" solutionTime="75"/>
    <problemSummaryInfo attempts="0" index="2" isPending="false" isSolved="false" points="0" problemId="B - Network planning--6566423144871065590" solutionTime="0"/>
    <problemSummaryInfo attempts="0" index="3" isPending="false" isSolved="false" points="0" problemId="C - ZZ--3228593900813045142" solutionTime="0"/>
    <problemSummaryInfo attempts="1" index="4" isPending="false" isSolved="true" points="87" problemId="D - Chromosome--4315876524245928038" solutionTime="87"/>
    <problemSummaryInfo attempts="0" index="5" isPending="false" isSolved="false" points="0" problemId="E - Random Walks--4428759071750616967" solutionTime="0"/>
    <problemSummaryInfo attempts="1" index="6" isPending="false" isSolved="false" points="0" problemId="F - Road--6480414909371872230" solutionTime="-1"/>
    <problemSummaryInfo attempts="4" index="7" isPending="false" isSolved="false" points="0" problemId="G - DVDs--6107962797118370033" solutionTime="-1"/>
    <problemSummaryInfo attempts="0" index="8" isPending="false" isSolved="false" points="0" problemId="H - Theatre-5580873583470918776" solutionTime="0"/>
    <problemSummaryInfo attempts="0" index="9" isPending="false" isSolved="false" points="0" problemId="I - Fence-8040871189472891379" solutionTime="0"/>
    <problemSummaryInfo attempts="0" index="10" isPending="false" isSolved="false" points="0" problemId="J - Magic Graphs-7720889568561295666" solutionTime="0"/>
  </teamStanding>
  <teamStanding firstSolved="67" index="51" lastSolved="95" points="162" problemsAttempted="3" rank="52" solved="2" teamAlias="Jhukhu (not aliasesd)" teamExternalId="" teamId="40" teamKey="1TEAM40" teamName="Jhukhu" teamSiteId="1" totalAttempts="6">
    <problemSummaryInfo attempts="1" index="1" isPending="false" isSolved="true" points="95" problemId="A - Marathoner-7009233673259831482" solutionTime="95"/>
    <problemSummaryInfo attempts="0" index="2" isPending="false" isSolved="false" points="0" problemId="B - Network planning--6566423144871065590" solutionTime="0"/>
    <problemSummaryInfo attempts="0" index="3" isPending="false" isSolved="false" points="0" problemId="C - ZZ--3228593900813045142" solutionTime="0"/>
    <problemSummaryInfo attempts="1" index="4" isPending="false" isSolved="true" points="67" problemId="D - Chromosome--4315876524245928038" solutionTime="67"/>
    <problemSummaryInfo attempts="0" index="5" isPending="false" isSolved="false" points="0" problemId="E - Random Walks--4428759071750616967" solutionTime="0"/>
    <problemSummaryInfo attempts="0" index="6" isPending="false" isSolved="false" points="0" problemId="F - Road--6480414909371872230" solutionTime="0"/>
    <problemSummaryInfo attempts="4" index="7" isPending="false" isSolved="false" points="0" problemId="G - DVDs--6107962797118370033" solutionTime="-1"/>
    <problemSummaryInfo attempts="0" index="8" isPending="false" isSolved="false" points="0" problemId="H - Theatre-5580873583470918776" solutionTime="0"/>
    <problemSummaryInfo attempts="0" index="9" isPending="false" isSolved="false" points="0" problemId="I - Fence-8040871189472891379" solutionTime="0"/>
    <problemSummaryInfo attempts="0" index="10" isPending="false" isSolved="false" points="0" problemId="J - Magic Graphs-7720889568561295666" solutionTime="0"/>
  </teamStanding>
  <teamStanding firstSolved="38" index="52" lastSolved="109" points="167" problemsAttempted="3" rank="53" solved="2" teamAlias="SE-Silicon (not aliasesd)" teamExternalId="" teamId="42" teamKey="1TEAM42" teamName="SE-Silicon" teamSiteId="1" totalAttempts="7">
    <problemSummaryInfo attempts="1" index="1" isPending="false" isSolved="true" points="38" problemId="A - Marathoner-7009233673259831482" solutionTime="38"/>
    <problemSummaryInfo attempts="0" index="2" isPending="false" isSolved="false" points="0" problemId="B - Network planning--6566423144871065590" solutionTime="0"/>
    <problemSummaryInfo attempts="0" index="3" isPending="false" isSolved="false" points="0" problemId="C - ZZ--3228593900813045142" solutionTime="0"/>
    <problemSummaryInfo attempts="2" index="4" isPending="false" isSolved="true" points="129" problemId="D - Chromosome--4315876524245928038" solutionTime="109"/>
    <problemSummaryInfo attempts="0" index="5" isPending="false" isSolved="false" points="0" problemId="E - Random Walks--4428759071750616967" solutionTime="0"/>
    <problemSummaryInfo attempts="0" index="6" isPending="false" isSolved="false" points="0" problemId="F - Road--6480414909371872230" solutionTime="0"/>
    <problemSummaryInfo attempts="0" index="7" isPending="false" isSolved="false" points="0" problemId="G - DVDs--6107962797118370033" solutionTime="0"/>
    <problemSummaryInfo attempts="4" index="8" isPending="false" isSolved="false" points="0" problemId="H - Theatre-5580873583470918776" solutionTime="-1"/>
    <problemSummaryInfo attempts="0" index="9" isPending="false" isSolved="false" points="0" problemId="I - Fence-8040871189472891379" solutionTime="0"/>
    <problemSummaryInfo attempts="0" index="10" isPending="false" isSolved="false" points="0" problemId="J - Magic Graphs-7720889568561295666" solutionTime="0"/>
  </teamStanding>
  <teamStanding firstSolved="64" index="53" lastSolved="109" points="173" problemsAttempted="3" rank="54" solved="2" teamAlias="[' - '] (not aliasesd)" teamExternalId="" teamId="75" teamKey="1TEAM75" teamName="[' - ']" teamSiteId="1" totalAttempts="5">
    <problemSummaryInfo attempts="1" index="1" isPending="false" isSolved="true" points="64" problemId="A - Marathoner-7009233673259831482" solutionTime="64"/>
    <problemSummaryInfo attempts="0" index="2" isPending="false" isSolved="false" points="0" problemId="B - Network planning--6566423144871065590" solutionTime="0"/>
    <problemSummaryInfo attempts="3" index="3" isPending="false" isSolved="false" points="0" problemId="C - ZZ--3228593900813045142" solutionTime="-1"/>
    <problemSummaryInfo attempts="1" index="4" isPending="false" isSolved="true" points="109" problemId="D - Chromosome--4315876524245928038" solutionTime="109"/>
    <problemSummaryInfo attempts="0" index="5" isPending="false" isSolved="false" points="0" problemId="E - Random Walks--4428759071750616967" solutionTime="0"/>
    <problemSummaryInfo attempts="0" index="6" isPending="false" isSolved="false" points="0" problemId="F - Road--6480414909371872230" solutionTime="0"/>
    <problemSummaryInfo attempts="0" index="7" isPending="false" isSolved="false" points="0" problemId="G - DVDs--6107962797118370033" solutionTime="0"/>
    <problemSummaryInfo attempts="0" index="8" isPending="false" isSolved="false" points="0" problemId="H - Theatre-5580873583470918776" solutionTime="0"/>
    <problemSummaryInfo attempts="0" index="9" isPending="false" isSolved="false" points="0" problemId="I - Fence-8040871189472891379" solutionTime="0"/>
    <problemSummaryInfo attempts="0" index="10" isPending="false" isSolved="false" points="0" problemId="J - Magic Graphs-7720889568561295666" solutionTime="0"/>
  </teamStanding>
  <teamStanding firstSolved="51" index="54" lastSolved="86" points="177" problemsAttempted="3" rank="55" solved="2" teamAlias="SYN3RGY (not aliasesd)" teamExternalId="" teamId="95" teamKey="1TEAM95" teamName="SYN3RGY" teamSiteId="1" totalAttempts="6">
    <problemSummaryInfo attempts="1" index="1" isPending="false" isSolved="true" points="86" problemId="A - Marathoner-7009233673259831482" solutionTime="86"/>
    <problemSummaryInfo attempts="0" index="2" isPending="false" isSolved="false" points="0" problemId="B - Network planning--6566423144871065590" solutionTime="0"/>
    <problemSummaryInfo attempts="0" index="3" isPending="false" isSolved="false" points="0" problemId="C - ZZ--3228593900813045142" solutionTime="0"/>
    <problemSummaryInfo attempts="3" index="4" isPending="false" isSolved="true" points="91" problemId="D - Chromosome--4315876524245928038" solutionTime="51"/>
    <problemSummaryInfo attempts="0" index="5" isPending="false" isSolved="false" points="0" problemId="E - Random Walks--4428759071750616967" solutionTime="0"/>
    <problemSummaryInfo attempts="0" index="6" isPending="false" isSolved="false" points="0" problemId="F - Road--6480414909371872230" solutionTime="0"/>
    <problemSummaryInfo attempts="2" index="7" isPending="false" isSolved="false" points="0" problemId="G - DVDs--6107962797118370033" solutionTime="-1"/>
    <problemSummaryInfo attempts="0" index="8" isPending="false" isSolved="false" points="0" problemId="H - Theatre-5580873583470918776" solutionTime="0"/>
    <problemSummaryInfo attempts="0" index="9" isPending="false" isSolved="false" points="0" problemId="I - Fence-8040871189472891379" solutionTime="0"/>
    <problemSummaryInfo attempts="0" index="10" isPending="false" isSolved="false" points="0" problemId="J - Magic Graphs-7720889568561295666" solutionTime="0"/>
  </teamStanding>
  <teamStanding firstSolved="62" index="55" lastSolved="119" points="181" problemsAttempted="4" rank="56" solved="2" teamAlias="CPE_NoobStyle (not aliasesd)" teamExternalId="" teamId="4" teamKey="1TEAM4" teamName="CPE_NoobStyle" teamSiteId="1" totalAttempts="7">
    <problemSummaryInfo attempts="1" index="1" isPending="false" isSolved="true" points="62" problemId="A - Marathoner-7009233673259831482" solutionTime="62"/>
    <problemSummaryInfo attempts="2" index="2" isPending="false" isSolved="false" points="0" problemId="B - Network planning--6566423144871065590" solutionTime="-1"/>
    <problemSummaryInfo attempts="0" index="3" isPending="false" isSolved="false" points="0" problemId="C - ZZ--3228593900813045142" solutionTime="0"/>
    <problemSummaryInfo attempts="1" index="4" isPending="false" isSolved="true" points="119" problemId="D - Chromosome--4315876524245928038" solutionTime="119"/>
    <problemSummaryInfo attempts="0" index="5" isPending="false" isSolved="false" points="0" problemId="E - Random Walks--4428759071750616967" solutionTime="0"/>
    <problemSummaryInfo attempts="0" index="6" isPending="false" isSolved="false" points="0" problemId="F - Road--6480414909371872230" solutionTime="0"/>
    <problemSummaryInfo attempts="3" index="7" isPending="false" isSolved="false" points="0" problemId="G - DVDs--6107962797118370033" solutionTime="-1"/>
    <problemSummaryInfo attempts="0" index="8" isPending="false" isSolved="false" points="0" problemId="H - Theatre-5580873583470918776" solutionTime="0"/>
    <problemSummaryInfo attempts="0" index="9" isPending="false" isSolved="false" points="0" problemId="I - Fence-8040871189472891379" solutionTime="0"/>
    <problemSummaryInfo attempts="0" index="10" isPending="false" isSolved="false" points="0" problemId="J - Magic Graphs-7720889568561295666" solutionTime="0"/>
  </teamStanding>
  <teamStanding firstSolved="47" index="56" lastSolved="117" points="184" problemsAttempted="4" rank="57" solved="2" teamAlias="whiteShark (not aliasesd)" teamExternalId="" teamId="43" teamKey="1TEAM43" teamName="whiteShark" teamSiteId="1" totalAttempts="7">
    <problemSummaryInfo attempts="1" index="1" isPending="false" isSolved="true" points="117" problemId="A - Marathoner-7009233673259831482" solutionTime="117"/>
    <problemSummaryInfo attempts="0" index="2" isPending="false" isSolved="false" points="0" problemId="B - Network planning--6566423144871065590" solutionTime="0"/>
    <problemSummaryInfo attempts="0" index="3" isPending="false" isSolved="false" points="0" problemId="C - ZZ--3228593900813045142" solutionTime="0"/>
    <problemSummaryInfo attempts="2" index="4" isPending="false" isSolved="true" points="67" problemId="D - Chromosome--4315876524245928038" solutionTime="47"/>
    <problemSummaryInfo attempts="2" index="5" isPending="false" isSolved="false" points="0" problemId="E - Random Walks--4428759071750616967" solutionTime="-1"/>
    <problemSummaryInfo attempts="0" index="6" isPending="false" isSolved="false" points="0" problemId="F - Road--6480414909371872230" solutionTime="0"/>
    <problemSummaryInfo attempts="2" index="7" isPending="false" isSolved="false" points="0" problemId="G - DVDs--6107962797118370033" solutionTime="-1"/>
    <problemSummaryInfo attempts="0" index="8" isPending="false" isSolved="false" points="0" problemId="H - Theatre-5580873583470918776" solutionTime="0"/>
    <problemSummaryInfo attempts="0" index="9" isPending="false" isSolved="false" points="0" problemId="I - Fence-8040871189472891379" solutionTime="0"/>
    <problemSummaryInfo attempts="0" index="10" isPending="false" isSolved="false" points="0" problemId="J - Magic Graphs-7720889568561295666" solutionTime="0"/>
  </teamStanding>
  <teamStanding firstSolved="67" index="57" lastSolved="117" points="184" problemsAttempted="4" rank="57" solved="2" teamAlias="WOID (not aliasesd)" teamExternalId="" teamId="100" teamKey="1TEAM100" teamName="WOID" teamSiteId="1" totalAttempts="5">
    <problemSummaryInfo attempts="1" index="1" isPending="false" isSolved="true" points="117" problemId="A - Marathoner-7009233673259831482" solutionTime="117"/>
    <problemSummaryInfo attempts="0" index="2" isPending="false" isSolved="false" points="0" problemId="B - Network planning--6566423144871065590" solutionTime="0"/>
    <problemSummaryInfo attempts="1" index="3" isPending="false" isSolved="false" points="0" problemId="C - ZZ--3228593900813045142" solutionTime="-1"/>
    <problemSummaryInfo attempts="1" index="4" isPending="false" isSolved="true" points="67" problemId="D - Chromosome--4315876524245928038" solutionTime="67"/>
    <problemSummaryInfo attempts="0" index="5" isPending="false" isSolved="false" points="0" problemId="E - Random Walks--4428759071750616967" solutionTime="0"/>
    <problemSummaryInfo attempts="0" index="6" isPending="false" isSolved="false" points="0" problemId="F - Road--6480414909371872230" solutionTime="0"/>
    <problemSummaryInfo attempts="2" index="7" isPending="false" isSolved="false" points="0" problemId="G - DVDs--6107962797118370033" solutionTime="-1"/>
    <problemSummaryInfo attempts="0" index="8" isPending="false" isSolved="false" points="0" problemId="H - Theatre-5580873583470918776" solutionTime="0"/>
    <problemSummaryInfo attempts="0" index="9" isPending="false" isSolved="false" points="0" problemId="I - Fence-8040871189472891379" solutionTime="0"/>
    <problemSummaryInfo attempts="0" index="10" isPending="false" isSolved="false" points="0" problemId="J - Magic Graphs-7720889568561295666" solutionTime="0"/>
  </teamStanding>
  <teamStanding firstSolved="36" index="58" lastSolved="151" points="187" problemsAttempted="2" rank="59" solved="2" teamAlias="PSM (not aliasesd)" teamExternalId="" teamId="101" teamKey="1TEAM101" teamName="PSM" teamSiteId="1" totalAttempts="2">
    <problemSummaryInfo attempts="1" index="1" isPending="false" isSolved="true" points="36" problemId="A - Marathoner-7009233673259831482" solutionTime="36"/>
    <problemSummaryInfo attempts="0" index="2" isPending="false" isSolved="false" points="0" problemId="B - Network planning--6566423144871065590" solutionTime="0"/>
    <problemSummaryInfo attempts="0" index="3" isPending="false" isSolved="false" points="0" problemId="C - ZZ--3228593900813045142" solutionTime="0"/>
    <problemSummaryInfo attempts="1" index="4" isPending="false" isSolved="true" points="151" problemId="D - Chromosome--4315876524245928038" solutionTime="151"/>
    <problemSummaryInfo attempts="0" index="5" isPending="false" isSolved="false" points="0" problemId="E - Random Walks--4428759071750616967" solutionTime="0"/>
    <problemSummaryInfo attempts="0" index="6" isPending="false" isSolved="false" points="0" problemId="F - Road--6480414909371872230" solutionTime="0"/>
    <problemSummaryInfo attempts="0" index="7" isPending="false" isSolved="false" points="0" problemId="G - DVDs--6107962797118370033" solutionTime="0"/>
    <problemSummaryInfo attempts="0" index="8" isPending="false" isSolved="false" points="0" problemId="H - Theatre-5580873583470918776" solutionTime="0"/>
    <problemSummaryInfo attempts="0" index="9" isPending="false" isSolved="false" points="0" problemId="I - Fence-8040871189472891379" solutionTime="0"/>
    <problemSummaryInfo attempts="0" index="10" isPending="false" isSolved="false" points="0" problemId="J - Magic Graphs-7720889568561295666" solutionTime="0"/>
  </teamStanding>
  <teamStanding firstSolved="40" index="59" lastSolved="149" points="189" problemsAttempted="3" rank="60" solved="2" teamAlias="MUICT_AI (not aliasesd)" teamExternalId="" teamId="96" teamKey="1TEAM96" teamName="MUICT_AI" teamSiteId="1" totalAttempts="4">
    <problemSummaryInfo attempts="1" index="1" isPending="false" isSolved="true" points="40" problemId="A - Marathoner-7009233673259831482" solutionTime="40"/>
    <problemSummaryInfo attempts="0" index="2" isPending="false" isSolved="false" points="0" problemId="B - Network planning--6566423144871065590" solutionTime="0"/>
    <problemSummaryInfo attempts="0" index="3" isPending="false" isSolved="false" points="0" problemId="C - ZZ--3228593900813045142" solutionTime="0"/>
    <problemSummaryInfo attempts="1" index="4" isPending="false" isSolved="true" points="149" problemId="D - Chromosome--4315876524245928038" solutionTime="149"/>
    <problemSummaryInfo attempts="0" index="5" isPending="false" isSolved="false" points="0" problemId="E - Random Walks--4428759071750616967" solutionTime="0"/>
    <problemSummaryInfo attempts="0" index="6" isPending="false" isSolved="false" points="0" problemId="F - Road--6480414909371872230" solutionTime="0"/>
    <problemSummaryInfo attempts="2" index="7" isPending="false" isSolved="false" points="0" problemId="G - DVDs--6107962797118370033" solutionTime="-1"/>
    <problemSummaryInfo attempts="0" index="8" isPending="false" isSolved="false" points="0" problemId="H - Theatre-5580873583470918776" solutionTime="0"/>
    <problemSummaryInfo attempts="0" index="9" isPending="false" isSolved="false" points="0" problemId="I - Fence-8040871189472891379" solutionTime="0"/>
    <problemSummaryInfo attempts="0" index="10" isPending="false" isSolved="false" points="0" problemId="J - Magic Graphs-7720889568561295666" solutionTime="0"/>
  </teamStanding>
  <teamStanding firstSolved="41" index="60" lastSolved="130" points="191" problemsAttempted="3" rank="61" solved="2" teamAlias="MUICT_IceTea (not aliasesd)" teamExternalId="" teamId="44" teamKey="1TEAM44" teamName="MUICT_IceTea" teamSiteId="1" totalAttempts="7">
    <problemSummaryInfo attempts="2" index="1" isPending="false" isSolved="true" points="61" problemId="A - Marathoner-7009233673259831482" solutionTime="41"/>
    <problemSummaryInfo attempts="0" index="2" isPending="false" isSolved="false" points="0" problemId="B - Network planning--6566423144871065590" solutionTime="0"/>
    <problemSummaryInfo attempts="0" index="3" isPending="false" isSolved="false" points="0" problemId="C - ZZ--3228593900813045142" solutionTime="0"/>
    <problemSummaryInfo attempts="1" index="4" isPending="false" isSolved="true" points="130" problemId="D - Chromosome--4315876524245928038" solutionTime="130"/>
    <problemSummaryInfo attempts="0" index="5" isPending="false" isSolved="false" points="0" problemId="E - Random Walks--4428759071750616967" solutionTime="0"/>
    <problemSummaryInfo attempts="0" index="6" isPending="false" isSolved="false" points="0" problemId="F - Road--6480414909371872230" solutionTime="0"/>
    <problemSummaryInfo attempts="4" index="7" isPending="false" isSolved="false" points="0" problemId="G - DVDs--6107962797118370033" solutionTime="-1"/>
    <problemSummaryInfo attempts="0" index="8" isPending="false" isSolved="false" points="0" problemId="H - Theatre-5580873583470918776" solutionTime="0"/>
    <problemSummaryInfo attempts="0" index="9" isPending="false" isSolved="false" points="0" problemId="I - Fence-8040871189472891379" solutionTime="0"/>
    <problemSummaryInfo attempts="0" index="10" isPending="false" isSolved="false" points="0" problemId="J - Magic Graphs-7720889568561295666" solutionTime="0"/>
  </teamStanding>
  <teamStanding firstSolved="37" index="61" lastSolved="162" points="199" problemsAttempted="3" rank="62" solved="2" teamAlias="AuToMaTA[UBU] (not aliasesd)" teamExternalId="" teamId="71" teamKey="1TEAM71" teamName="AuToMaTA[UBU]" teamSiteId="1" totalAttempts="4">
    <problemSummaryInfo attempts="1" index="1" isPending="false" isSolved="true" points="37" problemId="A - Marathoner-7009233673259831482" solutionTime="37"/>
    <problemSummaryInfo attempts="0" index="2" isPending="false" isSolved="false" points="0" problemId="B - Network planning--6566423144871065590" solutionTime="0"/>
    <problemSummaryInfo attempts="0" index="3" isPending="false" isSolved="false" points="0" problemId="C - ZZ--3228593900813045142" solutionTime="0"/>
    <problemSummaryInfo attempts="1" index="4" isPending="false" isSolved="true" points="162" problemId="D - Chromosome--4315876524245928038" solutionTime="162"/>
    <problemSummaryInfo attempts="0" index="5" isPending="false" isSolved="false" points="0" problemId="E - Random Walks--4428759071750616967" solutionTime="0"/>
    <problemSummaryInfo attempts="0" index="6" isPending="false" isSolved="false" points="0" problemId="F - Road--6480414909371872230" solutionTime="0"/>
    <problemSummaryInfo attempts="0" index="7" isPending="false" isSolved="false" points="0" problemId="G - DVDs--6107962797118370033" solutionTime="0"/>
    <problemSummaryInfo attempts="2" index="8" isPending="false" isSolved="false" points="0" problemId="H - Theatre-5580873583470918776" solutionTime="-1"/>
    <problemSummaryInfo attempts="0" index="9" isPending="false" isSolved="false" points="0" problemId="I - Fence-8040871189472891379" solutionTime="0"/>
    <problemSummaryInfo attempts="0" index="10" isPending="false" isSolved="false" points="0" problemId="J - Magic Graphs-7720889568561295666" solutionTime="0"/>
  </teamStanding>
  <teamStanding firstSolved="45" index="62" lastSolved="95" points="200" problemsAttempted="8" rank="63" solved="2" teamAlias="CPE_412Shoppingmall (not aliasesd)" teamExternalId="" teamId="3" teamKey="1TEAM3" teamName="CPE_412Shoppingmall" teamSiteId="1" totalAttempts="14">
    <problemSummaryInfo attempts="1" index="1" isPending="false" isSolved="true" points="95" problemId="A - Marathoner-7009233673259831482" solutionTime="95"/>
    <problemSummaryInfo attempts="1" index="2" isPending="false" isSolved="false" points="0" problemId="B - Network planning--6566423144871065590" solutionTime="-1"/>
    <problemSummaryInfo attempts="2" index="3" isPending="false" isSolved="false" points="0" problemId="C - ZZ--3228593900813045142" solutionTime="-1"/>
    <problemSummaryInfo attempts="4" index="4" isPending="false" isSolved="true" points="105" problemId="D - Chromosome--4315876524245928038" solutionTime="45"/>
    <problemSummaryInfo attempts="1" index="5" isPending="false" isSolved="false" points="0" problemId="E - Random Walks--4428759071750616967" solutionTime="-1"/>
    <problemSummaryInfo attempts="1" index="6" isPending="false" isSolved="false" points="0" problemId="F - Road--6480414909371872230" solutionTime="-1"/>
    <problemSummaryInfo attempts="3" index="7" isPending="false" isSolved="false" points="0" problemId="G - DVDs--6107962797118370033" solutionTime="-1"/>
    <problemSummaryInfo attempts="0" index="8" isPending="false" isSolved="false" points="0" problemId="H - Theatre-5580873583470918776" solutionTime="0"/>
    <problemSummaryInfo attempts="1" index="9" isPending="false" isSolved="false" points="0" problemId="I - Fence-8040871189472891379" solutionTime="-1"/>
    <problemSummaryInfo attempts="0" index="10" isPending="false" isSolved="false" points="0" problemId="J - Magic Graphs-7720889568561295666" solutionTime="0"/>
  </teamStanding>
  <teamStanding firstSolved="78" index="63" lastSolved="122" points="200" problemsAttempted="3" rank="64" solved="2" teamAlias="คุณหมอ (not aliasesd)" teamExternalId="" teamId="67" teamKey="1TEAM67" teamName="คุณหมอ" teamSiteId="1" totalAttempts="3">
    <problemSummaryInfo attempts="1" index="1" isPending="false" isSolved="true" points="122" problemId="A - Marathoner-7009233673259831482" solutionTime="122"/>
    <problemSummaryInfo attempts="0" index="2" isPending="false" isSolved="false" points="0" problemId="B - Network planning--6566423144871065590" solutionTime="0"/>
    <problemSummaryInfo attempts="0" index="3" isPending="false" isSolved="false" points="0" problemId="C - ZZ--3228593900813045142" solutionTime="0"/>
    <problemSummaryInfo attempts="1" index="4" isPending="false" isSolved="true" points="78" problemId="D - Chromosome--4315876524245928038" solutionTime="78"/>
    <problemSummaryInfo attempts="0" index="5" isPending="false" isSolved="false" points="0" problemId="E - Random Walks--4428759071750616967" solutionTime="0"/>
    <problemSummaryInfo attempts="0" index="6" isPending="false" isSolved="false" points="0" problemId="F - Road--6480414909371872230" solutionTime="0"/>
    <problemSummaryInfo attempts="1" index="7" isPending="false" isSolved="false" points="0" problemId="G - DVDs--6107962797118370033" solutionTime="-1"/>
    <problemSummaryInfo attempts="0" index="8" isPending="false" isSolved="false" points="0" problemId="H - Theatre-5580873583470918776" solutionTime="0"/>
    <problemSummaryInfo attempts="0" index="9" isPending="false" isSolved="false" points="0" problemId="I - Fence-8040871189472891379" solutionTime="0"/>
    <problemSummaryInfo attempts="0" index="10" isPending="false" isSolved="false" points="0" problemId="J - Magic Graphs-7720889568561295666" solutionTime="0"/>
  </teamStanding>
  <teamStanding firstSolved="43" index="64" lastSolved="81" points="204" problemsAttempted="3" rank="65" solved="2" teamAlias="SE-Xenon (not aliasesd)" teamExternalId="" teamId="65" teamKey="1TEAM65" teamName="SE-Xenon" teamSiteId="1" totalAttempts="14">
    <problemSummaryInfo attempts="3" index="1" isPending="false" isSolved="true" points="121" problemId="A - Marathoner-7009233673259831482" solutionTime="81"/>
    <problemSummaryInfo attempts="0" index="2" isPending="false" isSolved="false" points="0" problemId="B - Network planning--6566423144871065590" solutionTime="0"/>
    <problemSummaryInfo attempts="0" index="3" isPending="false" isSolved="false" points="0" problemId="C - ZZ--3228593900813045142" solutionTime="0"/>
    <problemSummaryInfo attempts="3" index="4" isPending="false" isSolved="true" points="83" problemId="D - Chromosome--4315876524245928038" solutionTime="43"/>
    <problemSummaryInfo attempts="0" index="5" isPending="false" isSolved="false" points="0" problemId="E - Random Walks--4428759071750616967" solutionTime="0"/>
    <problemSummaryInfo attempts="0" index="6" isPending="false" isSolved="false" points="0" problemId="F - Road--6480414909371872230" solutionTime="0"/>
    <problemSummaryInfo attempts="8" index="7" isPending="false" isSolved="false" points="0" problemId="G - DVDs--6107962797118370033" solutionTime="-1"/>
    <problemSummaryInfo attempts="0" index="8" isPending="false" isSolved="false" points="0" problemId="H - Theatre-5580873583470918776" solutionTime="0"/>
    <problemSummaryInfo attempts="0" index="9" isPending="false" isSolved="false" points="0" problemId="I - Fence-8040871189472891379" solutionTime="0"/>
    <problemSummaryInfo attempts="0" index="10" isPending="false" isSolved="false" points="0" problemId="J - Magic Graphs-7720889568561295666" solutionTime="0"/>
  </teamStanding>
  <teamStanding firstSolved="51" index="65" lastSolved="156" points="207" problemsAttempted="3" rank="66" solved="2" teamAlias="GlassMen (not aliasesd)" teamExternalId="" teamId="55" teamKey="1TEAM55" teamName="GlassMen" teamSiteId="1" totalAttempts="5">
    <problemSummaryInfo attempts="1" index="1" isPending="false" isSolved="true" points="51" problemId="A - Marathoner-7009233673259831482" solutionTime="51"/>
    <problemSummaryInfo attempts="0" index="2" isPending="false" isSolved="false" points="0" problemId="B - Network planning--6566423144871065590" solutionTime="0"/>
    <problemSummaryInfo attempts="3" index="3" isPending="false" isSolved="false" points="0" problemId="C - ZZ--3228593900813045142" solutionTime="-1"/>
    <problemSummaryInfo attempts="1" index="4" isPending="false" isSolved="true" points="156" problemId="D - Chromosome--4315876524245928038" solutionTime="156"/>
    <problemSummaryInfo attempts="0" index="5" isPending="false" isSolved="false" points="0" problemId="E - Random Walks--4428759071750616967" solutionTime="0"/>
    <problemSummaryInfo attempts="0" index="6" isPending="false" isSolved="false" points="0" problemId="F - Road--6480414909371872230" solutionTime="0"/>
    <problemSummaryInfo attempts="0" index="7" isPending="false" isSolved="false" points="0" problemId="G - DVDs--6107962797118370033" solutionTime="0"/>
    <problemSummaryInfo attempts="0" index="8" isPending="false" isSolved="false" points="0" problemId="H - Theatre-5580873583470918776" solutionTime="0"/>
    <problemSummaryInfo attempts="0" index="9" isPending="false" isSolved="false" points="0" problemId="I - Fence-8040871189472891379" solutionTime="0"/>
    <problemSummaryInfo attempts="0" index="10" isPending="false" isSolved="false" points="0" problemId="J - Magic Graphs-7720889568561295666" solutionTime="0"/>
  </teamStanding>
  <teamStanding firstSolved="71" index="66" lastSolved="139" points="210" problemsAttempted="2" rank="67" solved="2" teamAlias="Sentinel (not aliasesd)" teamExternalId="" teamId="102" teamKey="1TEAM102" teamName="Sentinel" teamSiteId="1" totalAttempts="2">
    <problemSummaryInfo attempts="1" index="1" isPending="false" isSolved="true" points="71" problemId="A - Marathoner-7009233673259831482" solutionTime="71"/>
    <problemSummaryInfo attempts="0" index="2" isPending="false" isSolved="false" points="0" problemId="B - Network planning--6566423144871065590" solutionTime="0"/>
    <problemSummaryInfo attempts="0" index="3" isPending="false" isSolved="false" points="0" problemId="C - ZZ--3228593900813045142" solutionTime="0"/>
    <problemSummaryInfo attempts="1" index="4" isPending="false" isSolved="true" points="139" problemId="D - Chromosome--4315876524245928038" solutionTime="139"/>
    <problemSummaryInfo attempts="0" index="5" isPending="false" isSolved="false" points="0" problemId="E - Random Walks--4428759071750616967" solutionTime="0"/>
    <problemSummaryInfo attempts="0" index="6" isPending="false" isSolved="false" points="0" problemId="F - Road--6480414909371872230" solutionTime="0"/>
    <problemSummaryInfo attempts="0" index="7" isPending="false" isSolved="false" points="0" problemId="G - DVDs--6107962797118370033" solutionTime="0"/>
    <problemSummaryInfo attempts="0" index="8" isPending="false" isSolved="false" points="0" problemId="H - Theatre-5580873583470918776" solutionTime="0"/>
    <problemSummaryInfo attempts="0" index="9" isPending="false" isSolved="false" points="0" problemId="I - Fence-8040871189472891379" solutionTime="0"/>
    <problemSummaryInfo attempts="0" index="10" isPending="false" isSolved="false" points="0" problemId="J - Magic Graphs-7720889568561295666" solutionTime="0"/>
  </teamStanding>
  <teamStanding firstSolved="95" index="67" lastSolved="120" points="215" problemsAttempted="2" rank="68" solved="2" teamAlias="Tomato Sort (not aliasesd)" teamExternalId="" teamId="54" teamKey="1TEAM54" teamName="Tomato Sort" teamSiteId="1" totalAttempts="2">
    <problemSummaryInfo attempts="1" index="1" isPending="false" isSolved="true" points="95" problemId="A - Marathoner-7009233673259831482" solutionTime="95"/>
    <problemSummaryInfo attempts="0" index="2" isPending="false" isSolved="false" points="0" problemId="B - Network planning--6566423144871065590" solutionTime="0"/>
    <problemSummaryInfo attempts="0" index="3" isPending="false" isSolved="false" points="0" problemId="C - ZZ--3228593900813045142" solutionTime="0"/>
    <problemSummaryInfo attempts="1" index="4" isPending="false" isSolved="true" points="120" problemId="D - Chromosome--4315876524245928038" solutionTime="120"/>
    <problemSummaryInfo attempts="0" index="5" isPending="false" isSolved="false" points="0" problemId="E - Random Walks--4428759071750616967" solutionTime="0"/>
    <problemSummaryInfo attempts="0" index="6" isPending="false" isSolved="false" points="0" problemId="F - Road--6480414909371872230" solutionTime="0"/>
    <problemSummaryInfo attempts="0" index="7" isPending="false" isSolved="false" points="0" problemId="G - DVDs--6107962797118370033" solutionTime="0"/>
    <problemSummaryInfo attempts="0" index="8" isPending="false" isSolved="false" points="0" problemId="H - Theatre-5580873583470918776" solutionTime="0"/>
    <problemSummaryInfo attempts="0" index="9" isPending="false" isSolved="false" points="0" problemId="I - Fence-8040871189472891379" solutionTime="0"/>
    <problemSummaryInfo attempts="0" index="10" isPending="false" isSolved="false" points="0" problemId="J - Magic Graphs-7720889568561295666" solutionTime="0"/>
  </teamStanding>
  <teamStanding firstSolved="35" index="68" lastSolved="182" points="217" problemsAttempted="7" rank="69" solved="2" teamAlias="Ku_Noob (not aliasesd)" teamExternalId="" teamId="10" teamKey="1TEAM10" teamName="Ku_Noob" teamSiteId="1" totalAttempts="8">
    <problemSummaryInfo attempts="1" index="1" isPending="false" isSolved="true" points="35" problemId="A - Marathoner-7009233673259831482" solutionTime="35"/>
    <problemSummaryInfo attempts="1" index="2" isPending="false" isSolved="false" points="0" problemId="B - Network planning--6566423144871065590" solutionTime="-1"/>
    <problemSummaryInfo attempts="2" index="3" isPending="false" isSolved="false" points="0" problemId="C - ZZ--3228593900813045142" solutionTime="-1"/>
    <problemSummaryInfo attempts="1" index="4" isPending="false" isSolved="true" points="182" problemId="D - Chromosome--4315876524245928038" solutionTime="182"/>
    <problemSummaryInfo attempts="0" index="5" isPending="false" isSolved="false" points="0" problemId="E - Random Walks--4428759071750616967" solutionTime="0"/>
    <problemSummaryInfo attempts="1" index="6" isPending="false" isSolved="false" points="0" problemId="F - Road--6480414909371872230" solutionTime="-1"/>
    <problemSummaryInfo attempts="1" index="7" isPending="false" isSolved="false" points="0" problemId="G - DVDs--6107962797118370033" solutionTime="-1"/>
    <problemSummaryInfo attempts="0" index="8" isPending="false" isSolved="false" points="0" problemId="H - Theatre-5580873583470918776" solutionTime="0"/>
    <problemSummaryInfo attempts="0" index="9" isPending="false" isSolved="false" points="0" problemId="I - Fence-8040871189472891379" solutionTime="0"/>
    <problemSummaryInfo attempts="1" index="10" isPending="false" isSolved="false" points="0" problemId="J - Magic Graphs-7720889568561295666" solutionTime="-1"/>
  </teamStanding>
  <teamStanding firstSolved="42" index="69" lastSolved="156" points="238" problemsAttempted="4" rank="70" solved="2" teamAlias="Eventual (not aliasesd)" teamExternalId="" teamId="15" teamKey="1TEAM15" teamName="Eventual" teamSiteId="1" totalAttempts="8">
    <problemSummaryInfo attempts="2" index="1" isPending="false" isSolved="true" points="62" problemId="A - Marathoner-7009233673259831482" solutionTime="42"/>
    <problemSummaryInfo attempts="0" index="2" isPending="false" isSolved="false" points="0" problemId="B - Network planning--6566423144871065590" solutionTime="0"/>
    <problemSummaryInfo attempts="1" index="3" isPending="false" isSolved="false" points="0" problemId="C - ZZ--3228593900813045142" solutionTime="-1"/>
    <problemSummaryInfo attempts="2" index="4" isPending="false" isSolved="true" points="176" problemId="D - Chromosome--4315876524245928038" solutionTime="156"/>
    <problemSummaryInfo attempts="0" index="5" isPending="false" isSolved="false" points="0" problemId="E - Random Walks--4428759071750616967" solutionTime="0"/>
    <problemSummaryInfo attempts="0" index="6" isPending="false" isSolved="false" points="0" problemId="F - Road--6480414909371872230" solutionTime="0"/>
    <problemSummaryInfo attempts="3" index="7" isPending="false" isSolved="false" points="0" problemId="G - DVDs--6107962797118370033" solutionTime="-1"/>
    <problemSummaryInfo attempts="0" index="8" isPending="false" isSolved="false" points="0" problemId="H - Theatre-5580873583470918776" solutionTime="0"/>
    <problemSummaryInfo attempts="0" index="9" isPending="false" isSolved="false" points="0" problemId="I - Fence-8040871189472891379" solutionTime="0"/>
    <problemSummaryInfo attempts="0" index="10" isPending="false" isSolved="false" points="0" problemId="J - Magic Graphs-7720889568561295666" solutionTime="0"/>
  </teamStanding>
  <teamStanding firstSolved="61" index="70" lastSolved="162" points="243" problemsAttempted="4" rank="71" solved="2" teamAlias="mazchepei (not aliasesd)" teamExternalId="" teamId="7" teamKey="1TEAM7" teamName="mazchepei" teamSiteId="1" totalAttempts="7">
    <problemSummaryInfo attempts="2" index="1" isPending="false" isSolved="true" points="81" problemId="A - Marathoner-7009233673259831482" solutionTime="61"/>
    <problemSummaryInfo attempts="0" index="2" isPending="false" isSolved="false" points="0" problemId="B - Network planning--6566423144871065590" solutionTime="0"/>
    <problemSummaryInfo attempts="0" index="3" isPending="false" isSolved="false" points="0" problemId="C - ZZ--3228593900813045142" solutionTime="0"/>
    <problemSummaryInfo attempts="1" index="4" isPending="false" isSolved="true" points="162" problemId="D - Chromosome--4315876524245928038" solutionTime="162"/>
    <problemSummaryInfo attempts="1" index="5" isPending="false" isSolved="false" points="0" problemId="E - Random Walks--4428759071750616967" solutionTime="-1"/>
    <problemSummaryInfo attempts="0" index="6" isPending="false" isSolved="false" points="0" problemId="F - Road--6480414909371872230" solutionTime="0"/>
    <problemSummaryInfo attempts="3" index="7" isPending="false" isSolved="false" points="0" problemId="G - DVDs--6107962797118370033" solutionTime="-1"/>
    <problemSummaryInfo attempts="0" index="8" isPending="false" isSolved="false" points="0" problemId="H - Theatre-5580873583470918776" solutionTime="0"/>
    <problemSummaryInfo attempts="0" index="9" isPending="false" isSolved="false" points="0" problemId="I - Fence-8040871189472891379" solutionTime="0"/>
    <problemSummaryInfo attempts="0" index="10" isPending="false" isSolved="false" points="0" problemId="J - Magic Graphs-7720889568561295666" solutionTime="0"/>
  </teamStanding>
  <teamStanding firstSolved="70" index="71" lastSolved="134" points="244" problemsAttempted="2" rank="72" solved="2" teamAlias="MAX (not aliasesd)" teamExternalId="" teamId="90" teamKey="1TEAM90" teamName="MAX" teamSiteId="1" totalAttempts="4">
    <problemSummaryInfo attempts="3" index="1" isPending="false" isSolved="true" points="110" problemId="A - Marathoner-7009233673259831482" solutionTime="70"/>
    <problemSummaryInfo attempts="0" index="2" isPending="false" isSolved="false" points="0" problemId="B - Network planning--6566423144871065590" solutionTime="0"/>
    <problemSummaryInfo attempts="0" index="3" isPending="false" isSolved="false" points="0" problemId="C - ZZ--3228593900813045142" solutionTime="0"/>
    <problemSummaryInfo attempts="1" index="4" isPending="false" isSolved="true" points="134" problemId="D - Chromosome--4315876524245928038" solutionTime="134"/>
    <problemSummaryInfo attempts="0" index="5" isPending="false" isSolved="false" points="0" problemId="E - Random Walks--4428759071750616967" solutionTime="0"/>
    <problemSummaryInfo attempts="0" index="6" isPending="false" isSolved="false" points="0" problemId="F - Road--6480414909371872230" solutionTime="0"/>
    <problemSummaryInfo attempts="0" index="7" isPending="false" isSolved="false" points="0" problemId="G - DVDs--6107962797118370033" solutionTime="0"/>
    <problemSummaryInfo attempts="0" index="8" isPending="false" isSolved="false" points="0" problemId="H - Theatre-5580873583470918776" solutionTime="0"/>
    <problemSummaryInfo attempts="0" index="9" isPending="false" isSolved="false" points="0" problemId="I - Fence-8040871189472891379" solutionTime="0"/>
    <problemSummaryInfo attempts="0" index="10" isPending="false" isSolved="false" points="0" problemId="J - Magic Graphs-7720889568561295666" solutionTime="0"/>
  </teamStanding>
  <teamStanding firstSolved="21" index="72" lastSolved="204" points="245" problemsAttempted="4" rank="73" solved="2" teamAlias="MUICT_Nameless (not aliasesd)" teamExternalId="" teamId="98" teamKey="1TEAM98" teamName="MUICT_Nameless" teamSiteId="1" totalAttempts="11">
    <problemSummaryInfo attempts="1" index="1" isPending="false" isSolved="true" points="21" problemId="A - Marathoner-7009233673259831482" solutionTime="21"/>
    <problemSummaryInfo attempts="4" index="2" isPending="false" isSolved="false" points="0" problemId="B - Network planning--6566423144871065590" solutionTime="-1"/>
    <problemSummaryInfo attempts="0" index="3" isPending="false" isSolved="false" points="0" problemId="C - ZZ--3228593900813045142" solutionTime="0"/>
    <problemSummaryInfo attempts="2" index="4" isPending="false" isSolved="true" points="224" problemId="D - Chromosome--4315876524245928038" solutionTime="204"/>
    <problemSummaryInfo attempts="0" index="5" isPending="false" isSolved="false" points="0" problemId="E - Random Walks--4428759071750616967" solutionTime="0"/>
    <problemSummaryInfo attempts="0" index="6" isPending="false" isSolved="false" points="0" problemId="F - Road--6480414909371872230" solutionTime="0"/>
    <problemSummaryInfo attempts="4" index="7" isPending="false" isSolved="false" points="0" problemId="G - DVDs--6107962797118370033" solutionTime="-1"/>
    <problemSummaryInfo attempts="0" index="8" isPending="false" isSolved="false" points="0" problemId="H - Theatre-5580873583470918776" solutionTime="0"/>
    <problemSummaryInfo attempts="0" index="9" isPending="false" isSolved="false" points="0" problemId="I - Fence-8040871189472891379" solutionTime="0"/>
    <problemSummaryInfo attempts="0" index="10" isPending="false" isSolved="false" points="0" problemId="J - Magic Graphs-7720889568561295666" solutionTime="0"/>
  </teamStanding>
  <teamStanding firstSolved="105" index="73" lastSolved="142" points="247" problemsAttempted="9" rank="74" solved="2" teamAlias="PSU_Megatron (not aliasesd)" teamExternalId="" teamId="47" teamKey="1TEAM47" teamName="PSU_Megatron" teamSiteId="1" totalAttempts="11">
    <problemSummaryInfo attempts="1" index="1" isPending="false" isSolved="true" points="105" problemId="A - Marathoner-7009233673259831482" solutionTime="105"/>
    <problemSummaryInfo attempts="1" index="2" isPending="false" isSolved="false" points="0" problemId="B - Network planning--6566423144871065590" solutionTime="-1"/>
    <problemSummaryInfo attempts="2" index="3" isPending="false" isSolved="false" points="0" problemId="C - ZZ--3228593900813045142" solutionTime="-1"/>
    <problemSummaryInfo attempts="1" index="4" isPending="false" isSolved="true" points="142" problemId="D - Chromosome--4315876524245928038" solutionTime="142"/>
    <problemSummaryInfo attempts="1" index="5" isPending="false" isSolved="false" points="0" problemId="E - Random Walks--4428759071750616967" solutionTime="-1"/>
    <problemSummaryInfo attempts="0" index="6" isPending="false" isSolved="false" points="0" problemId="F - Road--6480414909371872230" solutionTime="0"/>
    <problemSummaryInfo attempts="2" index="7" isPending="false" isSolved="false" points="0" problemId="G - DVDs--6107962797118370033" solutionTime="-1"/>
    <problemSummaryInfo attempts="1" index="8" isPending="false" isSolved="false" points="0" problemId="H - Theatre-5580873583470918776" solutionTime="-1"/>
    <problemSummaryInfo attempts="1" index="9" isPending="false" isSolved="false" points="0" problemId="I - Fence-8040871189472891379" solutionTime="-1"/>
    <problemSummaryInfo attempts="1" index="10" isPending="false" isSolved="false" points="0" problemId="J - Magic Graphs-7720889568561295666" solutionTime="-1"/>
  </teamStanding>
  <teamStanding firstSolved="113" index="74" lastSolved="193" points="306" problemsAttempted="3" rank="75" solved="2" teamAlias="Iniciando (not aliasesd)" teamExternalId="" teamId="64" teamKey="1TEAM64" teamName="Iniciando" teamSiteId="1" totalAttempts="3">
    <problemSummaryInfo attempts="1" index="1" isPending="false" isSolved="true" points="113" problemId="A - Marathoner-7009233673259831482" solutionTime="113"/>
    <problemSummaryInfo attempts="0" index="2" isPending="false" isSolved="false" points="0" problemId="B - Network planning--6566423144871065590" solutionTime="0"/>
    <problemSummaryInfo attempts="1" index="3" isPending="false" isSolved="false" points="0" problemId="C - ZZ--3228593900813045142" solutionTime="-1"/>
    <problemSummaryInfo attempts="1" index="4" isPending="false" isSolved="true" points="193" problemId="D - Chromosome--4315876524245928038" solutionTime="193"/>
    <problemSummaryInfo attempts="0" index="5" isPending="false" isSolved="false" points="0" problemId="E - Random Walks--4428759071750616967" solutionTime="0"/>
    <problemSummaryInfo attempts="0" index="6" isPending="false" isSolved="false" points="0" problemId="F - Road--6480414909371872230" solutionTime="0"/>
    <problemSummaryInfo attempts="0" index="7" isPending="false" isSolved="false" points="0" problemId="G - DVDs--6107962797118370033" solutionTime="0"/>
    <problemSummaryInfo attempts="0" index="8" isPending="false" isSolved="false" points="0" problemId="H - Theatre-5580873583470918776" solutionTime="0"/>
    <problemSummaryInfo attempts="0" index="9" isPending="false" isSolved="false" points="0" problemId="I - Fence-8040871189472891379" solutionTime="0"/>
    <problemSummaryInfo attempts="0" index="10" isPending="false" isSolved="false" points="0" problemId="J - Magic Graphs-7720889568561295666" solutionTime="0"/>
  </teamStanding>
  <teamStanding firstSolved="38" index="75" lastSolved="227" points="325" problemsAttempted="3" rank="76" solved="2" teamAlias="iSemicolon (not aliasesd)" teamExternalId="" teamId="2" teamKey="1TEAM2" teamName="iSemicolon" teamSiteId="1" totalAttempts="6">
    <problemSummaryInfo attempts="1" index="1" isPending="false" isSolved="true" points="38" problemId="A - Marathoner-7009233673259831482" solutionTime="38"/>
    <problemSummaryInfo attempts="0" index="2" isPending="false" isSolved="false" points="0" problemId="B - Network planning--6566423144871065590" solutionTime="0"/>
    <problemSummaryInfo attempts="0" index="3" isPending="false" isSolved="false" points="0" problemId="C - ZZ--3228593900813045142" solutionTime="0"/>
    <problemSummaryInfo attempts="4" index="4" isPending="false" isSolved="true" points="287" problemId="D - Chromosome--4315876524245928038" solutionTime="227"/>
    <problemSummaryInfo attempts="0" index="5" isPending="false" isSolved="false" points="0" problemId="E - Random Walks--4428759071750616967" solutionTime="0"/>
    <problemSummaryInfo attempts="0" index="6" isPending="false" isSolved="false" points="0" problemId="F - Road--6480414909371872230" solutionTime="0"/>
    <problemSummaryInfo attempts="1" index="7" isPending="false" isSolved="false" points="0" problemId="G - DVDs--6107962797118370033" solutionTime="-1"/>
    <problemSummaryInfo attempts="0" index="8" isPending="false" isSolved="false" points="0" problemId="H - Theatre-5580873583470918776" solutionTime="0"/>
    <problemSummaryInfo attempts="0" index="9" isPending="false" isSolved="false" points="0" problemId="I - Fence-8040871189472891379" solutionTime="0"/>
    <problemSummaryInfo attempts="0" index="10" isPending="false" isSolved="false" points="0" problemId="J - Magic Graphs-7720889568561295666" solutionTime="0"/>
  </teamStanding>
  <teamStanding firstSolved="95" index="76" lastSolved="182" points="337" problemsAttempted="3" rank="77" solved="2" teamAlias="we.believe@CSCMU (not aliasesd)" teamExternalId="" teamId="50" teamKey="1TEAM50" teamName="we.believe@CSCMU" teamSiteId="1" totalAttempts="8">
    <problemSummaryInfo attempts="4" index="1" isPending="false" isSolved="true" points="242" problemId="A - Marathoner-7009233673259831482" solutionTime="182"/>
    <problemSummaryInfo attempts="0" index="2" isPending="false" isSolved="false" points="0" problemId="B - Network planning--6566423144871065590" solutionTime="0"/>
    <problemSummaryInfo attempts="0" index="3" isPending="false" isSolved="false" points="0" problemId="C - ZZ--3228593900813045142" solutionTime="0"/>
    <problemSummaryInfo attempts="1" index="4" isPending="false" isSolved="true" points="95" problemId="D - Chromosome--4315876524245928038" solutionTime="95"/>
    <problemSummaryInfo attempts="0" index="5" isPending="false" isSolved="false" points="0" problemId="E - Random Walks--4428759071750616967" solutionTime="0"/>
    <problemSummaryInfo attempts="0" index="6" isPending="false" isSolved="false" points="0" problemId="F - Road--6480414909371872230" solutionTime="0"/>
    <problemSummaryInfo attempts="3" index="7" isPending="false" isSolved="false" points="0" problemId="G - DVDs--6107962797118370033" solutionTime="-1"/>
    <problemSummaryInfo attempts="0" index="8" isPending="false" isSolved="false" points="0" problemId="H - Theatre-5580873583470918776" solutionTime="0"/>
    <problemSummaryInfo attempts="0" index="9" isPending="false" isSolved="false" points="0" problemId="I - Fence-8040871189472891379" solutionTime="0"/>
    <problemSummaryInfo attempts="0" index="10" isPending="false" isSolved="false" points="0" problemId="J - Magic Graphs-7720889568561295666" solutionTime="0"/>
  </teamStanding>
  <teamStanding firstSolved="92" index="77" lastSolved="170" points="342" problemsAttempted="2" rank="78" solved="2" teamAlias="LMU2 (not aliasesd)" teamExternalId="" teamId="80" teamKey="1TEAM80" teamName="LMU2" teamSiteId="1" totalAttempts="6">
    <problemSummaryInfo attempts="0" index="1" isPending="false" isSolved="false" points="0" problemId="A - Marathoner-7009233673259831482" solutionTime="0"/>
    <problemSummaryInfo attempts="0" index="2" isPending="false" isSolved="false" points="0" problemId="B - Network planning--6566423144871065590" solutionTime="0"/>
    <problemSummaryInfo attempts="0" index="3" isPending="false" isSolved="false" points="0" problemId="C - ZZ--3228593900813045142" solutionTime="0"/>
    <problemSummaryInfo attempts="2" index="4" isPending="false" isSolved="true" points="112" problemId="D - Chromosome--4315876524245928038" solutionTime="92"/>
    <problemSummaryInfo attempts="0" index="5" isPending="false" isSolved="false" points="0" problemId="E - Random Walks--4428759071750616967" solutionTime="0"/>
    <problemSummaryInfo attempts="0" index="6" isPending="false" isSolved="false" points="0" problemId="F - Road--6480414909371872230" solutionTime="0"/>
    <problemSummaryInfo attempts="4" index="7" isPending="false" isSolved="true" points="230" problemId="G - DVDs--6107962797118370033" solutionTime="170"/>
    <problemSummaryInfo attempts="0" index="8" isPending="false" isSolved="false" points="0" problemId="H - Theatre-5580873583470918776" solutionTime="0"/>
    <problemSummaryInfo attempts="0" index="9" isPending="false" isSolved="false" points="0" problemId="I - Fence-8040871189472891379" solutionTime="0"/>
    <problemSummaryInfo attempts="0" index="10" isPending="false" isSolved="false" points="0" problemId="J - Magic Graphs-7720889568561295666" solutionTime="0"/>
  </teamStanding>
  <teamStanding firstSolved="144" index="78" lastSolved="212" points="356" problemsAttempted="3" rank="79" solved="2" teamAlias="TripleS (not aliasesd)" teamExternalId="" teamId="103" teamKey="1TEAM103" teamName="TripleS" teamSiteId="1" totalAttempts="3">
    <problemSummaryInfo attempts="1" index="1" isPending="false" isSolved="true" points="144" problemId="A - Marathoner-7009233673259831482" solutionTime="144"/>
    <problemSummaryInfo attempts="0" index="2" isPending="false" isSolved="false" points="0" problemId="B - Network planning--6566423144871065590" solutionTime="0"/>
    <problemSummaryInfo attempts="1" index="3" isPending="false" isSolved="false" points="0" problemId="C - ZZ--3228593900813045142" solutionTime="-1"/>
    <problemSummaryInfo attempts="1" index="4" isPending="false" isSolved="true" points="212" problemId="D - Chromosome--4315876524245928038" solutionTime="212"/>
    <problemSummaryInfo attempts="0" index="5" isPending="false" isSolved="false" points="0" problemId="E - Random Walks--4428759071750616967" solutionTime="0"/>
    <problemSummaryInfo attempts="0" index="6" isPending="false" isSolved="false" points="0" problemId="F - Road--6480414909371872230" solutionTime="0"/>
    <problemSummaryInfo attempts="0" index="7" isPending="false" isSolved="false" points="0" problemId="G - DVDs--6107962797118370033" solutionTime="0"/>
    <problemSummaryInfo attempts="0" index="8" isPending="false" isSolved="false" points="0" problemId="H - Theatre-5580873583470918776" solutionTime="0"/>
    <problemSummaryInfo attempts="0" index="9" isPending="false" isSolved="false" points="0" problemId="I - Fence-8040871189472891379" solutionTime="0"/>
    <problemSummaryInfo attempts="0" index="10" isPending="false" isSolved="false" points="0" problemId="J - Magic Graphs-7720889568561295666" solutionTime="0"/>
  </teamStanding>
  <teamStanding firstSolved="131" index="79" lastSolved="195" points="386" problemsAttempted="2" rank="80" solved="2" teamAlias="Python the best language EVER! (not aliasesd)" teamExternalId="" teamId="26" teamKey="1TEAM26" teamName="Python the best language EVER!" teamSiteId="1" totalAttempts="5">
    <problemSummaryInfo attempts="3" index="1" isPending="false" isSolved="true" points="171" problemId="A - Marathoner-7009233673259831482" solutionTime="131"/>
    <problemSummaryInfo attempts="0" index="2" isPending="false" isSolved="false" points="0" problemId="B - Network planning--6566423144871065590" solutionTime="0"/>
    <problemSummaryInfo attempts="0" index="3" isPending="false" isSolved="false" points="0" problemId="C - ZZ--3228593900813045142" solutionTime="0"/>
    <problemSummaryInfo attempts="2" index="4" isPending="false" isSolved="true" points="215" problemId="D - Chromosome--4315876524245928038" solutionTime="195"/>
    <problemSummaryInfo attempts="0" index="5" isPending="false" isSolved="false" points="0" problemId="E - Random Walks--4428759071750616967" solutionTime="0"/>
    <problemSummaryInfo attempts="0" index="6" isPending="false" isSolved="false" points="0" problemId="F - Road--6480414909371872230" solutionTime="0"/>
    <problemSummaryInfo attempts="0" index="7" isPending="false" isSolved="false" points="0" problemId="G - DVDs--6107962797118370033" solutionTime="0"/>
    <problemSummaryInfo attempts="0" index="8" isPending="false" isSolved="false" points="0" problemId="H - Theatre-5580873583470918776" solutionTime="0"/>
    <problemSummaryInfo attempts="0" index="9" isPending="false" isSolved="false" points="0" problemId="I - Fence-8040871189472891379" solutionTime="0"/>
    <problemSummaryInfo attempts="0" index="10" isPending="false" isSolved="false" points="0" problemId="J - Magic Graphs-7720889568561295666" solutionTime="0"/>
  </teamStanding>
  <teamStanding firstSolved="165" index="80" lastSolved="216" points="421" problemsAttempted="4" rank="81" solved="2" teamAlias="ASCII (not aliasesd)" teamExternalId="" teamId="110" teamKey="1TEAM110" teamName="ASCII" teamSiteId="1" totalAttempts="6">
    <problemSummaryInfo attempts="3" index="1" isPending="false" isSolved="true" points="256" problemId="A - Marathoner-7009233673259831482" solutionTime="216"/>
    <problemSummaryInfo attempts="0" index="2" isPending="false" isSolved="false" points="0" problemId="B - Network planning--6566423144871065590" solutionTime="0"/>
    <problemSummaryInfo attempts="0" index="3" isPending="false" isSolved="false" points="0" problemId="C - ZZ--3228593900813045142" solutionTime="0"/>
    <problemSummaryInfo attempts="1" index="4" isPending="false" isSolved="true" points="165" problemId="D - Chromosome--4315876524245928038" solutionTime="165"/>
    <problemSummaryInfo attempts="1" index="5" isPending="false" isSolved="false" points="0" problemId="E - Random Walks--4428759071750616967" solutionTime="-1"/>
    <problemSummaryInfo attempts="0" index="6" isPending="false" isSolved="false" points="0" problemId="F - Road--6480414909371872230" solutionTime="0"/>
    <problemSummaryInfo attempts="1" index="7" isPending="false" isSolved="false" points="0" problemId="G - DVDs--6107962797118370033" solutionTime="-1"/>
    <problemSummaryInfo attempts="0" index="8" isPending="false" isSolved="false" points="0" problemId="H - Theatre-5580873583470918776" solutionTime="0"/>
    <problemSummaryInfo attempts="0" index="9" isPending="false" isSolved="false" points="0" problemId="I - Fence-8040871189472891379" solutionTime="0"/>
    <problemSummaryInfo attempts="0" index="10" isPending="false" isSolved="false" points="0" problemId="J - Magic Graphs-7720889568561295666" solutionTime="0"/>
  </teamStanding>
  <teamStanding firstSolved="152" index="81" lastSolved="212" points="444" problemsAttempted="4" rank="82" solved="2" teamAlias="Up to You (not aliasesd)" teamExternalId="" teamId="53" teamKey="1TEAM53" teamName="Up to You" teamSiteId="1" totalAttempts="8">
    <problemSummaryInfo attempts="5" index="1" isPending="false" isSolved="true" points="232" problemId="A - Marathoner-7009233673259831482" solutionTime="152"/>
    <problemSummaryInfo attempts="0" index="2" isPending="false" isSolved="false" points="0" problemId="B - Network planning--6566423144871065590" solutionTime="0"/>
    <problemSummaryInfo attempts="1" index="3" isPending="false" isSolved="false" points="0" problemId="C - ZZ--3228593900813045142" solutionTime="-1"/>
    <problemSummaryInfo attempts="1" index="4" isPending="false" isSolved="true" points="212" problemId="D - Chromosome--4315876524245928038" solutionTime="212"/>
    <problemSummaryInfo attempts="0" index="5" isPending="false" isSolved="false" points="0" problemId="E - Random Walks--4428759071750616967" solutionTime="0"/>
    <problemSummaryInfo attempts="0" index="6" isPending="false" isSolved="false" points="0" problemId="F - Road--6480414909371872230" solutionTime="0"/>
    <problemSummaryInfo attempts="1" index="7" isPending="false" isSolved="false" points="0" problemId="G - DVDs--6107962797118370033" solutionTime="-1"/>
    <problemSummaryInfo attempts="0" index="8" isPending="false" isSolved="false" points="0" problemId="H - Theatre-5580873583470918776" solutionTime="0"/>
    <problemSummaryInfo attempts="0" index="9" isPending="false" isSolved="false" points="0" problemId="I - Fence-8040871189472891379" solutionTime="0"/>
    <problemSummaryInfo attempts="0" index="10" isPending="false" isSolved="false" points="0" problemId="J - Magic Graphs-7720889568561295666" solutionTime="0"/>
  </teamStanding>
  <teamStanding firstSolved="187" index="82" lastSolved="218" points="485" problemsAttempted="2" rank="83" solved="2" teamAlias="Hello World! (not aliasesd)" teamExternalId="" teamId="86" teamKey="1TEAM86" teamName="Hello World!" teamSiteId="1" totalAttempts="6">
    <problemSummaryInfo attempts="5" index="1" isPending="false" isSolved="true" points="267" problemId="A - Marathoner-7009233673259831482" solutionTime="187"/>
    <problemSummaryInfo attempts="0" index="2" isPending="false" isSolved="false" points="0" problemId="B - Network planning--6566423144871065590" solutionTime="0"/>
    <problemSummaryInfo attempts="0" index="3" isPending="false" isSolved="false" points="0" problemId="C - ZZ--3228593900813045142" solutionTime="0"/>
    <problemSummaryInfo attempts="1" index="4" isPending="false" isSolved="true" points="218" problemId="D - Chromosome--4315876524245928038" solutionTime="218"/>
    <problemSummaryInfo attempts="0" index="5" isPending="false" isSolved="false" points="0" problemId="E - Random Walks--4428759071750616967" solutionTime="0"/>
    <problemSummaryInfo attempts="0" index="6" isPending="false" isSolved="false" points="0" problemId="F - Road--6480414909371872230" solutionTime="0"/>
    <problemSummaryInfo attempts="0" index="7" isPending="false" isSolved="false" points="0" problemId="G - DVDs--6107962797118370033" solutionTime="0"/>
    <problemSummaryInfo attempts="0" index="8" isPending="false" isSolved="false" points="0" problemId="H - Theatre-5580873583470918776" solutionTime="0"/>
    <problemSummaryInfo attempts="0" index="9" isPending="false" isSolved="false" points="0" problemId="I - Fence-8040871189472891379" solutionTime="0"/>
    <problemSummaryInfo attempts="0" index="10" isPending="false" isSolved="false" points="0" problemId="J - Magic Graphs-7720889568561295666" solutionTime="0"/>
  </teamStanding>
  <teamStanding firstSolved="27" index="83" lastSolved="27" points="27" problemsAttempted="2" rank="84" solved="1" teamAlias="Muict_Estelle (not aliasesd)" teamExternalId="" teamId="97" teamKey="1TEAM97" teamName="Muict_Estelle" teamSiteId="1" totalAttempts="4">
    <problemSummaryInfo attempts="1" index="1" isPending="false" isSolved="true" points="27" problemId="A - Marathoner-7009233673259831482" solutionTime="27"/>
    <problemSummaryInfo attempts="0" index="2" isPending="false" isSolved="false" points="0" problemId="B - Network planning--6566423144871065590" solutionTime="0"/>
    <problemSummaryInfo attempts="0" index="3" isPending="false" isSolved="false" points="0" problemId="C - ZZ--3228593900813045142" solutionTime="0"/>
    <problemSummaryInfo attempts="0" index="4" isPending="false" isSolved="false" points="0" problemId="D - Chromosome--4315876524245928038" solutionTime="0"/>
    <problemSummaryInfo attempts="0" index="5" isPending="false" isSolved="false" points="0" problemId="E - Random Walks--4428759071750616967" solutionTime="0"/>
    <problemSummaryInfo attempts="0" index="6" isPending="false" isSolved="false" points="0" problemId="F - Road--6480414909371872230" solutionTime="0"/>
    <problemSummaryInfo attempts="3" index="7" isPending="false" isSolved="false" points="0" problemId="G - DVDs--6107962797118370033" solutionTime="-1"/>
    <problemSummaryInfo attempts="0" index="8" isPending="false" isSolved="false" points="0" problemId="H - Theatre-5580873583470918776" solutionTime="0"/>
    <problemSummaryInfo attempts="0" index="9" isPending="false" isSolved="false" points="0" problemId="I - Fence-8040871189472891379" solutionTime="0"/>
    <problemSummaryInfo attempts="0" index="10" isPending="false" isSolved="false" points="0" problemId="J - Magic Graphs-7720889568561295666" solutionTime="0"/>
  </teamStanding>
  <teamStanding firstSolved="28" index="84" lastSolved="28" points="28" problemsAttempted="3" rank="85" solved="1" teamAlias="CPE_MIP_MIPS (not aliasesd)" teamExternalId="" teamId="73" teamKey="1TEAM73" teamName="CPE_MIP_MIPS" teamSiteId="1" totalAttempts="9">
    <problemSummaryInfo attempts="1" index="1" isPending="false" isSolved="true" points="28" problemId="A - Marathoner-7009233673259831482" solutionTime="28"/>
    <problemSummaryInfo attempts="0" index="2" isPending="false" isSolved="false" points="0" problemId="B - Network planning--6566423144871065590" solutionTime="0"/>
    <problemSummaryInfo attempts="0" index="3" isPending="false" isSolved="false" points="0" problemId="C - ZZ--3228593900813045142" solutionTime="0"/>
    <problemSummaryInfo attempts="5" index="4" isPending="false" isSolved="false" points="0" problemId="D - Chromosome--4315876524245928038" solutionTime="-1"/>
    <problemSummaryInfo attempts="0" index="5" isPending="false" isSolved="false" points="0" problemId="E - Random Walks--4428759071750616967" solutionTime="0"/>
    <problemSummaryInfo attempts="0" index="6" isPending="false" isSolved="false" points="0" problemId="F - Road--6480414909371872230" solutionTime="0"/>
    <problemSummaryInfo attempts="3" index="7" isPending="false" isSolved="false" points="0" problemId="G - DVDs--6107962797118370033" solutionTime="-1"/>
    <problemSummaryInfo attempts="0" index="8" isPending="false" isSolved="false" points="0" problemId="H - Theatre-5580873583470918776" solutionTime="0"/>
    <problemSummaryInfo attempts="0" index="9" isPending="false" isSolved="false" points="0" problemId="I - Fence-8040871189472891379" solutionTime="0"/>
    <problemSummaryInfo attempts="0" index="10" isPending="false" isSolved="false" points="0" problemId="J - Magic Graphs-7720889568561295666" solutionTime="0"/>
  </teamStanding>
  <teamStanding firstSolved="28" index="85" lastSolved="28" points="28" problemsAttempted="3" rank="85" solved="1" teamAlias="PSU_Bumblebee (not aliasesd)" teamExternalId="" teamId="46" teamKey="1TEAM46" teamName="PSU_Bumblebee" teamSiteId="1" totalAttempts="4">
    <problemSummaryInfo attempts="1" index="1" isPending="false" isSolved="true" points="28" problemId="A - Marathoner-7009233673259831482" solutionTime="28"/>
    <problemSummaryInfo attempts="0" index="2" isPending="false" isSolved="false" points="0" problemId="B - Network planning--6566423144871065590" solutionTime="0"/>
    <problemSummaryInfo attempts="1" index="3" isPending="false" isSolved="false" points="0" problemId="C - ZZ--3228593900813045142" solutionTime="-1"/>
    <problemSummaryInfo attempts="0" index="4" isPending="false" isSolved="false" points="0" problemId="D - Chromosome--4315876524245928038" solutionTime="0"/>
    <problemSummaryInfo attempts="0" index="5" isPending="false" isSolved="false" points="0" problemId="E - Random Walks--4428759071750616967" solutionTime="0"/>
    <problemSummaryInfo attempts="0" index="6" isPending="false" isSolved="false" points="0" problemId="F - Road--6480414909371872230" solutionTime="0"/>
    <problemSummaryInfo attempts="2" index="7" isPending="false" isSolved="false" points="0" problemId="G - DVDs--6107962797118370033" solutionTime="-1"/>
    <problemSummaryInfo attempts="0" index="8" isPending="false" isSolved="false" points="0" problemId="H - Theatre-5580873583470918776" solutionTime="0"/>
    <problemSummaryInfo attempts="0" index="9" isPending="false" isSolved="false" points="0" problemId="I - Fence-8040871189472891379" solutionTime="0"/>
    <problemSummaryInfo attempts="0" index="10" isPending="false" isSolved="false" points="0" problemId="J - Magic Graphs-7720889568561295666" solutionTime="0"/>
  </teamStanding>
  <teamStanding firstSolved="32" index="86" lastSolved="32" points="32" problemsAttempted="2" rank="87" solved="1" teamAlias="Unicorn (not aliasesd)" teamExternalId="" teamId="66" teamKey="1TEAM66" teamName="Unicorn" teamSiteId="1" totalAttempts="4">
    <problemSummaryInfo attempts="1" index="1" isPending="false" isSolved="true" points="32" problemId="A - Marathoner-7009233673259831482" solutionTime="32"/>
    <problemSummaryInfo attempts="0" index="2" isPending="false" isSolved="false" points="0" problemId="B - Network planning--6566423144871065590" solutionTime="0"/>
    <problemSummaryInfo attempts="0" index="3" isPending="false" isSolved="false" points="0" problemId="C - ZZ--3228593900813045142" solutionTime="0"/>
    <problemSummaryInfo attempts="3" index="4" isPending="false" isSolved="false" points="0" problemId="D - Chromosome--4315876524245928038" solutionTime="-1"/>
    <problemSummaryInfo attempts="0" index="5" isPending="false" isSolved="false" points="0" problemId="E - Random Walks--4428759071750616967" solutionTime="0"/>
    <problemSummaryInfo attempts="0" index="6" isPending="false" isSolved="false" points="0" problemId="F - Road--6480414909371872230" solutionTime="0"/>
    <problemSummaryInfo attempts="0" index="7" isPending="false" isSolved="false" points="0" problemId="G - DVDs--6107962797118370033" solutionTime="0"/>
    <problemSummaryInfo attempts="0" index="8" isPending="false" isSolved="false" points="0" problemId="H - Theatre-5580873583470918776" solutionTime="0"/>
    <problemSummaryInfo attempts="0" index="9" isPending="false" isSolved="false" points="0" problemId="I - Fence-8040871189472891379" solutionTime="0"/>
    <problemSummaryInfo attempts="0" index="10" isPending="false" isSolved="false" points="0" problemId="J - Magic Graphs-7720889568561295666" solutionTime="0"/>
  </teamStanding>
  <teamStanding firstSolved="42" index="87" lastSolved="42" points="42" problemsAttempted="3" rank="88" solved="1" teamAlias="CPE-JBF (not aliasesd)" teamExternalId="" teamId="18" teamKey="1TEAM18" teamName="CPE-JBF" teamSiteId="1" totalAttempts="5">
    <problemSummaryInfo attempts="1" index="1" isPending="false" isSolved="true" points="42" problemId="A - Marathoner-7009233673259831482" solutionTime="42"/>
    <problemSummaryInfo attempts="1" index="2" isPending="false" isSolved="false" points="0" problemId="B - Network planning--6566423144871065590" solutionTime="-1"/>
    <problemSummaryInfo attempts="0" index="3" isPending="false" isSolved="false" points="0" problemId="C - ZZ--3228593900813045142" solutionTime="0"/>
    <problemSummaryInfo attempts="0" index="4" isPending="false" isSolved="false" points="0" problemId="D - Chromosome--4315876524245928038" solutionTime="0"/>
    <problemSummaryInfo attempts="0" index="5" isPending="false" isSolved="false" points="0" problemId="E - Random Walks--4428759071750616967" solutionTime="0"/>
    <problemSummaryInfo attempts="0" index="6" isPending="false" isSolved="false" points="0" problemId="F - Road--6480414909371872230" solutionTime="0"/>
    <problemSummaryInfo attempts="3" index="7" isPending="false" isSolved="false" points="0" problemId="G - DVDs--6107962797118370033" solutionTime="-1"/>
    <problemSummaryInfo attempts="0" index="8" isPending="false" isSolved="false" points="0" problemId="H - Theatre-5580873583470918776" solutionTime="0"/>
    <problemSummaryInfo attempts="0" index="9" isPending="false" isSolved="false" points="0" problemId="I - Fence-8040871189472891379" solutionTime="0"/>
    <problemSummaryInfo attempts="0" index="10" isPending="false" isSolved="false" points="0" problemId="J - Magic Graphs-7720889568561295666" solutionTime="0"/>
  </teamStanding>
  <teamStanding firstSolved="65" index="88" lastSolved="65" points="65" problemsAttempted="2" rank="89" solved="1" teamAlias="Black_Syso (not aliasesd)" teamExternalId="" teamId="56" teamKey="1TEAM56" teamName="Black_Syso" teamSiteId="1" totalAttempts="3">
    <problemSummaryInfo attempts="0" index="1" isPending="false" isSolved="false" points="0" problemId="A - Marathoner-7009233673259831482" solutionTime="0"/>
    <problemSummaryInfo attempts="0" index="2" isPending="false" isSolved="false" points="0" problemId="B - Network planning--6566423144871065590" solutionTime="0"/>
    <problemSummaryInfo attempts="0" index="3" isPending="false" isSolved="false" points="0" problemId="C - ZZ--3228593900813045142" solutionTime="0"/>
    <problemSummaryInfo attempts="1" index="4" isPending="false" isSolved="true" points="65" problemId="D - Chromosome--4315876524245928038" solutionTime="65"/>
    <problemSummaryInfo attempts="2" index="5" isPending="false" isSolved="false" points="0" problemId="E - Random Walks--4428759071750616967" solutionTime="-1"/>
    <problemSummaryInfo attempts="0" index="6" isPending="false" isSolved="false" points="0" problemId="F - Road--6480414909371872230" solutionTime="0"/>
    <problemSummaryInfo attempts="0" index="7" isPending="false" isSolved="false" points="0" problemId="G - DVDs--6107962797118370033" solutionTime="0"/>
    <problemSummaryInfo attempts="0" index="8" isPending="false" isSolved="false" points="0" problemId="H - Theatre-5580873583470918776" solutionTime="0"/>
    <problemSummaryInfo attempts="0" index="9" isPending="false" isSolved="false" points="0" problemId="I - Fence-8040871189472891379" solutionTime="0"/>
    <problemSummaryInfo attempts="0" index="10" isPending="false" isSolved="false" points="0" problemId="J - Magic Graphs-7720889568561295666" solutionTime="0"/>
  </teamStanding>
  <teamStanding firstSolved="69" index="89" lastSolved="69" points="69" problemsAttempted="3" rank="90" solved="1" teamAlias="Finally (not aliasesd)" teamExternalId="" teamId="31" teamKey="1TEAM31" teamName="Finally" teamSiteId="1" totalAttempts="4">
    <problemSummaryInfo attempts="1" index="1" isPending="false" isSolved="true" points="69" problemId="A - Marathoner-7009233673259831482" solutionTime="69"/>
    <problemSummaryInfo attempts="0" index="2" isPending="false" isSolved="false" points="0" problemId="B - Network planning--6566423144871065590" solutionTime="0"/>
    <problemSummaryInfo attempts="0" index="3" isPending="false" isSolved="false" points="0" problemId="C - ZZ--3228593900813045142" solutionTime="0"/>
    <problemSummaryInfo attempts="0" index="4" isPending="false" isSolved="false" points="0" problemId="D - Chromosome--4315876524245928038" solutionTime="0"/>
    <problemSummaryInfo attempts="0" index="5" isPending="false" isSolved="false" points="0" problemId="E - Random Walks--4428759071750616967" solutionTime="0"/>
    <problemSummaryInfo attempts="0" index="6" isPending="false" isSolved="false" points="0" problemId="F - Road--6480414909371872230" solutionTime="0"/>
    <problemSummaryInfo attempts="1" index="7" isPending="false" isSolved="false" points="0" problemId="G - DVDs--6107962797118370033" solutionTime="-1"/>
    <problemSummaryInfo attempts="2" index="8" isPending="false" isSolved="false" points="0" problemId="H - Theatre-5580873583470918776" solutionTime="-1"/>
    <problemSummaryInfo attempts="0" index="9" isPending="false" isSolved="false" points="0" problemId="I - Fence-8040871189472891379" solutionTime="0"/>
    <problemSummaryInfo attempts="0" index="10" isPending="false" isSolved="false" points="0" problemId="J - Magic Graphs-7720889568561295666" solutionTime="0"/>
  </teamStanding>
  <teamStanding firstSolved="47" index="90" lastSolved="47" points="87" problemsAttempted="4" rank="91" solved="1" teamAlias="CPSU_WrongAnswer (not aliasesd)" teamExternalId="" teamId="70" teamKey="1TEAM70" teamName="CPSU_WrongAnswer" teamSiteId="1" totalAttempts="13">
    <problemSummaryInfo attempts="3" index="1" isPending="false" isSolved="true" points="87" problemId="A - Marathoner-7009233673259831482" solutionTime="47"/>
    <problemSummaryInfo attempts="0" index="2" isPending="false" isSolved="false" points="0" problemId="B - Network planning--6566423144871065590" solutionTime="0"/>
    <problemSummaryInfo attempts="1" index="3" isPending="false" isSolved="false" points="0" problemId="C - ZZ--3228593900813045142" solutionTime="-1"/>
    <problemSummaryInfo attempts="0" index="4" isPending="false" isSolved="false" points="0" problemId="D - Chromosome--4315876524245928038" solutionTime="0"/>
    <problemSummaryInfo attempts="0" index="5" isPending="false" isSolved="false" points="0" problemId="E - Random Walks--4428759071750616967" solutionTime="0"/>
    <problemSummaryInfo attempts="5" index="6" isPending="false" isSolved="false" points="0" problemId="F - Road--6480414909371872230" solutionTime="-1"/>
    <problemSummaryInfo attempts="4" index="7" isPending="false" isSolved="false" points="0" problemId="G - DVDs--6107962797118370033" solutionTime="-1"/>
    <problemSummaryInfo attempts="0" index="8" isPending="false" isSolved="false" points="0" problemId="H - Theatre-5580873583470918776" solutionTime="0"/>
    <problemSummaryInfo attempts="0" index="9" isPending="false" isSolved="false" points="0" problemId="I - Fence-8040871189472891379" solutionTime="0"/>
    <problemSummaryInfo attempts="0" index="10" isPending="false" isSolved="false" points="0" problemId="J - Magic Graphs-7720889568561295666" solutionTime="0"/>
  </teamStanding>
  <teamStanding firstSolved="113" index="91" lastSolved="113" points="113" problemsAttempted="2" rank="92" solved="1" teamAlias="SUT_DeKyBot (not aliasesd)" teamExternalId="" teamId="109" teamKey="1TEAM109" teamName="SUT_DeKyBot" teamSiteId="1" totalAttempts="2">
    <problemSummaryInfo attempts="0" index="1" isPending="false" isSolved="false" points="0" problemId="A - Marathoner-7009233673259831482" solutionTime="0"/>
    <problemSummaryInfo attempts="1" index="2" isPending="false" isSolved="false" points="0" problemId="B - Network planning--6566423144871065590" solutionTime="-1"/>
    <problemSummaryInfo attempts="0" index="3" isPending="false" isSolved="false" points="0" problemId="C - ZZ--3228593900813045142" solutionTime="0"/>
    <problemSummaryInfo attempts="1" index="4" isPending="false" isSolved="true" points="113" problemId="D - Chromosome--4315876524245928038" solutionTime="113"/>
    <problemSummaryInfo attempts="0" index="5" isPending="false" isSolved="false" points="0" problemId="E - Random Walks--4428759071750616967" solutionTime="0"/>
    <problemSummaryInfo attempts="0" index="6" isPending="false" isSolved="false" points="0" problemId="F - Road--6480414909371872230" solutionTime="0"/>
    <problemSummaryInfo attempts="0" index="7" isPending="false" isSolved="false" points="0" problemId="G - DVDs--6107962797118370033" solutionTime="0"/>
    <problemSummaryInfo attempts="0" index="8" isPending="false" isSolved="false" points="0" problemId="H - Theatre-5580873583470918776" solutionTime="0"/>
    <problemSummaryInfo attempts="0" index="9" isPending="false" isSolved="false" points="0" problemId="I - Fence-8040871189472891379" solutionTime="0"/>
    <problemSummaryInfo attempts="0" index="10" isPending="false" isSolved="false" points="0" problemId="J - Magic Graphs-7720889568561295666" solutionTime="0"/>
  </teamStanding>
  <teamStanding firstSolved="114" index="92" lastSolved="114" points="114" problemsAttempted="2" rank="93" solved="1" teamAlias="Hnon Noi (not aliasesd)" teamExternalId="" teamId="1" teamKey="1TEAM1" teamName="Hnon Noi" teamSiteId="1" totalAttempts="3">
    <problemSummaryInfo attempts="2" index="1" isPending="false" isSolved="false" points="0" problemId="A - Marathoner-7009233673259831482" solutionTime="-1"/>
    <problemSummaryInfo attempts="0" index="2" isPending="false" isSolved="false" points="0" problemId="B - Network planning--6566423144871065590" solutionTime="0"/>
    <problemSummaryInfo attempts="0" index="3" isPending="false" isSolved="false" points="0" problemId="C - ZZ--3228593900813045142" solutionTime="0"/>
    <problemSummaryInfo attempts="1" index="4" isPending="false" isSolved="true" points="114" problemId="D - Chromosome--4315876524245928038" solutionTime="114"/>
    <problemSummaryInfo attempts="0" index="5" isPending="false" isSolved="false" points="0" problemId="E - Random Walks--4428759071750616967" solutionTime="0"/>
    <problemSummaryInfo attempts="0" index="6" isPending="false" isSolved="false" points="0" problemId="F - Road--6480414909371872230" solutionTime="0"/>
    <problemSummaryInfo attempts="0" index="7" isPending="false" isSolved="false" points="0" problemId="G - DVDs--6107962797118370033" solutionTime="0"/>
    <problemSummaryInfo attempts="0" index="8" isPending="false" isSolved="false" points="0" problemId="H - Theatre-5580873583470918776" solutionTime="0"/>
    <problemSummaryInfo attempts="0" index="9" isPending="false" isSolved="false" points="0" problemId="I - Fence-8040871189472891379" solutionTime="0"/>
    <problemSummaryInfo attempts="0" index="10" isPending="false" isSolved="false" points="0" problemId="J - Magic Graphs-7720889568561295666" solutionTime="0"/>
  </teamStanding>
  <teamStanding firstSolved="126" index="93" lastSolved="126" points="126" problemsAttempted="3" rank="94" solved="1" teamAlias="Kirino.jung@SCCMU (not aliasesd)" teamExternalId="" teamId="74" teamKey="1TEAM74" teamName="Kirino.jung@SCCMU" teamSiteId="1" totalAttempts="9">
    <problemSummaryInfo attempts="1" index="1" isPending="false" isSolved="true" points="126" problemId="A - Marathoner-7009233673259831482" solutionTime="126"/>
    <problemSummaryInfo attempts="0" index="2" isPending="false" isSolved="false" points="0" problemId="B - Network planning--6566423144871065590" solutionTime="0"/>
    <problemSummaryInfo attempts="0" index="3" isPending="false" isSolved="false" points="0" problemId="C - ZZ--3228593900813045142" solutionTime="0"/>
    <problemSummaryInfo attempts="0" index="4" isPending="false" isSolved="false" points="0" problemId="D - Chromosome--4315876524245928038" solutionTime="0"/>
    <problemSummaryInfo attempts="0" index="5" isPending="false" isSolved="false" points="0" problemId="E - Random Walks--4428759071750616967" solutionTime="0"/>
    <problemSummaryInfo attempts="0" index="6" isPending="false" isSolved="false" points="0" problemId="F - Road--6480414909371872230" solutionTime="0"/>
    <problemSummaryInfo attempts="3" index="7" isPending="false" isSolved="false" points="0" problemId="G - DVDs--6107962797118370033" solutionTime="-1"/>
    <problemSummaryInfo attempts="0" index="8" isPending="false" isSolved="false" points="0" problemId="H - Theatre-5580873583470918776" solutionTime="0"/>
    <problemSummaryInfo attempts="5" index="9" isPending="false" isSolved="false" points="0" problemId="I - Fence-8040871189472891379" solutionTime="-1"/>
    <problemSummaryInfo attempts="0" index="10" isPending="false" isSolved="false" points="0" problemId="J - Magic Graphs-7720889568561295666" solutionTime="0"/>
  </teamStanding>
  <teamStanding firstSolved="157" index="94" lastSolved="157" points="157" problemsAttempted="2" rank="95" solved="1" teamAlias="Startrust (not aliasesd)" teamExternalId="" teamId="49" teamKey="1TEAM49" teamName="Startrust" teamSiteId="1" totalAttempts="3">
    <problemSummaryInfo attempts="0" index="1" isPending="false" isSolved="false" points="0" problemId="A - Marathoner-7009233673259831482" solutionTime="0"/>
    <problemSummaryInfo attempts="0" index="2" isPending="false" isSolved="false" points="0" problemId="B - Network planning--6566423144871065590" solutionTime="0"/>
    <problemSummaryInfo attempts="2" index="3" isPending="false" isSolved="false" points="0" problemId="C - ZZ--3228593900813045142" solutionTime="-1"/>
    <problemSummaryInfo attempts="1" index="4" isPending="false" isSolved="true" points="157" problemId="D - Chromosome--4315876524245928038" solutionTime="157"/>
    <problemSummaryInfo attempts="0" index="5" isPending="false" isSolved="false" points="0" problemId="E - Random Walks--4428759071750616967" solutionTime="0"/>
    <problemSummaryInfo attempts="0" index="6" isPending="false" isSolved="false" points="0" problemId="F - Road--6480414909371872230" solutionTime="0"/>
    <problemSummaryInfo attempts="0" index="7" isPending="false" isSolved="false" points="0" problemId="G - DVDs--6107962797118370033" solutionTime="0"/>
    <problemSummaryInfo attempts="0" index="8" isPending="false" isSolved="false" points="0" problemId="H - Theatre-5580873583470918776" solutionTime="0"/>
    <problemSummaryInfo attempts="0" index="9" isPending="false" isSolved="false" points="0" problemId="I - Fence-8040871189472891379" solutionTime="0"/>
    <problemSummaryInfo attempts="0" index="10" isPending="false" isSolved="false" points="0" problemId="J - Magic Graphs-7720889568561295666" solutionTime="0"/>
  </teamStanding>
  <teamStanding firstSolved="147" index="95" lastSolved="147" points="167" problemsAttempted="1" rank="96" solved="1" teamAlias="002 comENU (not aliasesd)" teamExternalId="" teamId="99" teamKey="1TEAM99" teamName="002 comENU" teamSiteId="1" totalAttempts="2">
    <problemSummaryInfo attempts="2" index="1" isPending="false" isSolved="true" points="167" problemId="A - Marathoner-7009233673259831482" solutionTime="147"/>
    <problemSummaryInfo attempts="0" index="2" isPending="false" isSolved="false" points="0" problemId="B - Network planning--6566423144871065590" solutionTime="0"/>
    <problemSummaryInfo attempts="0" index="3" isPending="false" isSolved="false" points="0" problemId="C - ZZ--3228593900813045142" solutionTime="0"/>
    <problemSummaryInfo attempts="0" index="4" isPending="false" isSolved="false" points="0" problemId="D - Chromosome--4315876524245928038" solutionTime="0"/>
    <problemSummaryInfo attempts="0" index="5" isPending="false" isSolved="false" points="0" problemId="E - Random Walks--4428759071750616967" solutionTime="0"/>
    <problemSummaryInfo attempts="0" index="6" isPending="false" isSolved="false" points="0" problemId="F - Road--6480414909371872230" solutionTime="0"/>
    <problemSummaryInfo attempts="0" index="7" isPending="false" isSolved="false" points="0" problemId="G - DVDs--6107962797118370033" solutionTime="0"/>
    <problemSummaryInfo attempts="0" index="8" isPending="false" isSolved="false" points="0" problemId="H - Theatre-5580873583470918776" solutionTime="0"/>
    <problemSummaryInfo attempts="0" index="9" isPending="false" isSolved="false" points="0" problemId="I - Fence-8040871189472891379" solutionTime="0"/>
    <problemSummaryInfo attempts="0" index="10" isPending="false" isSolved="false" points="0" problemId="J - Magic Graphs-7720889568561295666" solutionTime="0"/>
  </teamStanding>
  <teamStanding firstSolved="115" index="96" lastSolved="115" points="195" problemsAttempted="2" rank="97" solved="1" teamAlias="EmergeUp (not aliasesd)" teamExternalId="" teamId="89" teamKey="1TEAM89" teamName="EmergeUp" teamSiteId="1" totalAttempts="6">
    <problemSummaryInfo attempts="0" index="1" isPending="false" isSolved="false" points="0" problemId="A - Marathoner-7009233673259831482" solutionTime="0"/>
    <problemSummaryInfo attempts="0" index="2" isPending="false" isSolved="false" points="0" problemId="B - Network planning--6566423144871065590" solutionTime="0"/>
    <problemSummaryInfo attempts="0" index="3" isPending="false" isSolved="false" points="0" problemId="C - ZZ--3228593900813045142" solutionTime="0"/>
    <problemSummaryInfo attempts="5" index="4" isPending="false" isSolved="true" points="195" problemId="D - Chromosome--4315876524245928038" solutionTime="115"/>
    <problemSummaryInfo attempts="1" index="5" isPending="false" isSolved="false" points="0" problemId="E - Random Walks--4428759071750616967" solutionTime="-1"/>
    <problemSummaryInfo attempts="0" index="6" isPending="false" isSolved="false" points="0" problemId="F - Road--6480414909371872230" solutionTime="0"/>
    <problemSummaryInfo attempts="0" index="7" isPending="false" isSolved="false" points="0" problemId="G - DVDs--6107962797118370033" solutionTime="0"/>
    <problemSummaryInfo attempts="0" index="8" isPending="false" isSolved="false" points="0" problemId="H - Theatre-5580873583470918776" solutionTime="0"/>
    <problemSummaryInfo attempts="0" index="9" isPending="false" isSolved="false" points="0" problemId="I - Fence-8040871189472891379" solutionTime="0"/>
    <problemSummaryInfo attempts="0" index="10" isPending="false" isSolved="false" points="0" problemId="J - Magic Graphs-7720889568561295666" solutionTime="0"/>
  </teamStanding>
  <teamStanding firstSolved="127" index="97" lastSolved="127" points="207" problemsAttempted="1" rank="98" solved="1" teamAlias="CPSU_Viola (not aliasesd)" teamExternalId="" teamId="32" teamKey="1TEAM32" teamName="CPSU_Viola" teamSiteId="1" totalAttempts="5">
    <problemSummaryInfo attempts="5" index="1" isPending="false" isSolved="true" points="207" problemId="A - Marathoner-7009233673259831482" solutionTime="127"/>
    <problemSummaryInfo attempts="0" index="2" isPending="false" isSolved="false" points="0" problemId="B - Network planning--6566423144871065590" solutionTime="0"/>
    <problemSummaryInfo attempts="0" index="3" isPending="false" isSolved="false" points="0" problemId="C - ZZ--3228593900813045142" solutionTime="0"/>
    <problemSummaryInfo attempts="0" index="4" isPending="false" isSolved="false" points="0" problemId="D - Chromosome--4315876524245928038" solutionTime="0"/>
    <problemSummaryInfo attempts="0" index="5" isPending="false" isSolved="false" points="0" problemId="E - Random Walks--4428759071750616967" solutionTime="0"/>
    <problemSummaryInfo attempts="0" index="6" isPending="false" isSolved="false" points="0" problemId="F - Road--6480414909371872230" solutionTime="0"/>
    <problemSummaryInfo attempts="0" index="7" isPending="false" isSolved="false" points="0" problemId="G - DVDs--6107962797118370033" solutionTime="0"/>
    <problemSummaryInfo attempts="0" index="8" isPending="false" isSolved="false" points="0" problemId="H - Theatre-5580873583470918776" solutionTime="0"/>
    <problemSummaryInfo attempts="0" index="9" isPending="false" isSolved="false" points="0" problemId="I - Fence-8040871189472891379" solutionTime="0"/>
    <problemSummaryInfo attempts="0" index="10" isPending="false" isSolved="false" points="0" problemId="J - Magic Graphs-7720889568561295666" solutionTime="0"/>
  </teamStanding>
  <teamStanding firstSolved="185" index="98" lastSolved="185" points="225" problemsAttempted="2" rank="99" solved="1" teamAlias="Johnthefarmer (not aliasesd)" teamExternalId="" teamId="34" teamKey="1TEAM34" teamName="Johnthefarmer" teamSiteId="1" totalAttempts="4">
    <problemSummaryInfo attempts="3" index="1" isPending="false" isSolved="true" points="225" problemId="A - Marathoner-7009233673259831482" solutionTime="185"/>
    <problemSummaryInfo attempts="0" index="2" isPending="false" isSolved="false" points="0" problemId="B - Network planning--6566423144871065590" solutionTime="0"/>
    <problemSummaryInfo attempts="0" index="3" isPending="false" isSolved="false" points="0" problemId="C - ZZ--3228593900813045142" solutionTime="0"/>
    <problemSummaryInfo attempts="1" index="4" isPending="false" isSolved="false" points="0" problemId="D - Chromosome--4315876524245928038" solutionTime="-1"/>
    <problemSummaryInfo attempts="0" index="5" isPending="false" isSolved="false" points="0" problemId="E - Random Walks--4428759071750616967" solutionTime="0"/>
    <problemSummaryInfo attempts="0" index="6" isPending="false" isSolved="false" points="0" problemId="F - Road--6480414909371872230" solutionTime="0"/>
    <problemSummaryInfo attempts="0" index="7" isPending="false" isSolved="false" points="0" problemId="G - DVDs--6107962797118370033" solutionTime="0"/>
    <problemSummaryInfo attempts="0" index="8" isPending="false" isSolved="false" points="0" problemId="H - Theatre-5580873583470918776" solutionTime="0"/>
    <problemSummaryInfo attempts="0" index="9" isPending="false" isSolved="false" points="0" problemId="I - Fence-8040871189472891379" solutionTime="0"/>
    <problemSummaryInfo attempts="0" index="10" isPending="false" isSolved="false" points="0" problemId="J - Magic Graphs-7720889568561295666" solutionTime="0"/>
  </teamStanding>
  <teamStanding firstSolved="201" index="99" lastSolved="201" points="241" problemsAttempted="4" rank="100" solved="1" teamAlias="Overflow (not aliasesd)" teamExternalId="" teamId="58" teamKey="1TEAM58" teamName="Overflow" teamSiteId="1" totalAttempts="7">
    <problemSummaryInfo attempts="3" index="1" isPending="false" isSolved="true" points="241" problemId="A - Marathoner-7009233673259831482" solutionTime="201"/>
    <problemSummaryInfo attempts="0" index="2" isPending="false" isSolved="false" points="0" problemId="B - Network planning--6566423144871065590" solutionTime="0"/>
    <problemSummaryInfo attempts="0" index="3" isPending="false" isSolved="false" points="0" problemId="C - ZZ--3228593900813045142" solutionTime="0"/>
    <problemSummaryInfo attempts="1" index="4" isPending="false" isSolved="false" points="0" problemId="D - Chromosome--4315876524245928038" solutionTime="-1"/>
    <problemSummaryInfo attempts="2" index="5" isPending="false" isSolved="false" points="0" problemId="E - Random Walks--4428759071750616967" solutionTime="-1"/>
    <problemSummaryInfo attempts="0" index="6" isPending="false" isSolved="false" points="0" problemId="F - Road--6480414909371872230" solutionTime="0"/>
    <problemSummaryInfo attempts="1" index="7" isPending="false" isSolved="false" points="0" problemId="G - DVDs--6107962797118370033" solutionTime="-1"/>
    <problemSummaryInfo attempts="0" index="8" isPending="false" isSolved="false" points="0" problemId="H - Theatre-5580873583470918776" solutionTime="0"/>
    <problemSummaryInfo attempts="0" index="9" isPending="false" isSolved="false" points="0" problemId="I - Fence-8040871189472891379" solutionTime="0"/>
    <problemSummaryInfo attempts="0" index="10" isPending="false" isSolved="false" points="0" problemId="J - Magic Graphs-7720889568561295666" solutionTime="0"/>
  </teamStanding>
  <teamStanding firstSolved="192" index="100" lastSolved="192" points="252" problemsAttempted="1" rank="101" solved="1" teamAlias="UTCC-Animation (not aliasesd)" teamExternalId="" teamId="72" teamKey="1TEAM72" teamName="UTCC-Animation" teamSiteId="1" totalAttempts="4">
    <problemSummaryInfo attempts="0" index="1" isPending="false" isSolved="false" points="0" problemId="A - Marathoner-7009233673259831482" solutionTime="0"/>
    <problemSummaryInfo attempts="0" index="2" isPending="false" isSolved="false" points="0" problemId="B - Network planning--6566423144871065590" solutionTime="0"/>
    <problemSummaryInfo attempts="0" index="3" isPending="false" isSolved="false" points="0" problemId="C - ZZ--3228593900813045142" solutionTime="0"/>
    <problemSummaryInfo attempts="4" index="4" isPending="false" isSolved="true" points="252" problemId="D - Chromosome--4315876524245928038" solutionTime="192"/>
    <problemSummaryInfo attempts="0" index="5" isPending="false" isSolved="false" points="0" problemId="E - Random Walks--4428759071750616967" solutionTime="0"/>
    <problemSummaryInfo attempts="0" index="6" isPending="false" isSolved="false" points="0" problemId="F - Road--6480414909371872230" solutionTime="0"/>
    <problemSummaryInfo attempts="0" index="7" isPending="false" isSolved="false" points="0" problemId="G - DVDs--6107962797118370033" solutionTime="0"/>
    <problemSummaryInfo attempts="0" index="8" isPending="false" isSolved="false" points="0" problemId="H - Theatre-5580873583470918776" solutionTime="0"/>
    <problemSummaryInfo attempts="0" index="9" isPending="false" isSolved="false" points="0" problemId="I - Fence-8040871189472891379" solutionTime="0"/>
    <problemSummaryInfo attempts="0" index="10" isPending="false" isSolved="false" points="0" problemId="J - Magic Graphs-7720889568561295666" solutionTime="0"/>
  </teamStanding>
  <teamStanding firstSolved="251" index="101" lastSolved="251" points="271" problemsAttempted="2" rank="102" solved="1" teamAlias="APACU (not aliasesd)" teamExternalId="" teamId="51" teamKey="1TEAM51" teamName="APACU" teamSiteId="1" totalAttempts="6">
    <problemSummaryInfo attempts="2" index="1" isPending="false" isSolved="true" points="271" problemId="A - Marathoner-7009233673259831482" solutionTime="251"/>
    <problemSummaryInfo attempts="0" index="2" isPending="false" isSolved="false" points="0" problemId="B - Network planning--6566423144871065590" solutionTime="0"/>
    <problemSummaryInfo attempts="0" index="3" isPending="false" isSolved="false" points="0" problemId="C - ZZ--3228593900813045142" solutionTime="0"/>
    <problemSummaryInfo attempts="0" index="4" isPending="false" isSolved="false" points="0" problemId="D - Chromosome--4315876524245928038" solutionTime="0"/>
    <problemSummaryInfo attempts="0" index="5" isPending="false" isSolved="false" points="0" problemId="E - Random Walks--4428759071750616967" solutionTime="0"/>
    <problemSummaryInfo attempts="0" index="6" isPending="false" isSolved="false" points="0" problemId="F - Road--6480414909371872230" solutionTime="0"/>
    <problemSummaryInfo attempts="0" index="7" isPending="false" isSolved="false" points="0" problemId="G - DVDs--6107962797118370033" solutionTime="0"/>
    <problemSummaryInfo attempts="4" index="8" isPending="false" isSolved="false" points="0" problemId="H - Theatre-5580873583470918776" solutionTime="-1"/>
    <problemSummaryInfo attempts="0" index="9" isPending="false" isSolved="false" points="0" problemId="I - Fence-8040871189472891379" solutionTime="0"/>
    <problemSummaryInfo attempts="0" index="10" isPending="false" isSolved="false" points="0" problemId="J - Magic Graphs-7720889568561295666" solutionTime="0"/>
  </teamStanding>
  <teamStanding firstSolved="-1" index="102" lastSolved="0" points="0" problemsAttempted="0" rank="103" solved="0" teamAlias="CE Smart 50 (not aliasesd)" teamExternalId="" teamId="91" teamKey="1TEAM91" teamName="CE Smart 50" teamSiteId="1" totalAttempts="0">
    <problemSummaryInfo attempts="0" index="1" isPending="false" isSolved="false" points="0" problemId="A - Marathoner-7009233673259831482" solutionTime="0"/>
    <problemSummaryInfo attempts="0" index="2" isPending="false" isSolved="false" points="0" problemId="B - Network planning--6566423144871065590" solutionTime="0"/>
    <problemSummaryInfo attempts="0" index="3" isPending="false" isSolved="false" points="0" problemId="C - ZZ--3228593900813045142" solutionTime="0"/>
    <problemSummaryInfo attempts="0" index="4" isPending="false" isSolved="false" points="0" problemId="D - Chromosome--4315876524245928038" solutionTime="0"/>
    <problemSummaryInfo attempts="0" index="5" isPending="false" isSolved="false" points="0" problemId="E - Random Walks--4428759071750616967" solutionTime="0"/>
    <problemSummaryInfo attempts="0" index="6" isPending="false" isSolved="false" points="0" problemId="F - Road--6480414909371872230" solutionTime="0"/>
    <problemSummaryInfo attempts="0" index="7" isPending="false" isSolved="false" points="0" problemId="G - DVDs--6107962797118370033" solutionTime="0"/>
    <problemSummaryInfo attempts="0" index="8" isPending="false" isSolved="false" points="0" problemId="H - Theatre-5580873583470918776" solutionTime="0"/>
    <problemSummaryInfo attempts="0" index="9" isPending="false" isSolved="false" points="0" problemId="I - Fence-8040871189472891379" solutionTime="0"/>
    <problemSummaryInfo attempts="0" index="10" isPending="false" isSolved="false" points="0" problemId="J - Magic Graphs-7720889568561295666" solutionTime="0"/>
  </teamStanding>
  <teamStanding firstSolved="-1" index="103" lastSolved="0" points="0" problemsAttempted="1" rank="103" solved="0" teamAlias="IT_BlackSheep (not aliasesd)" teamExternalId="" teamId="106" teamKey="1TEAM106" teamName="IT_BlackSheep" teamSiteId="1" totalAttempts="3">
    <problemSummaryInfo attempts="0" index="1" isPending="false" isSolved="false" points="0" problemId="A - Marathoner-7009233673259831482" solutionTime="0"/>
    <problemSummaryInfo attempts="0" index="2" isPending="false" isSolved="false" points="0" problemId="B - Network planning--6566423144871065590" solutionTime="0"/>
    <problemSummaryInfo attempts="0" index="3" isPending="false" isSolved="false" points="0" problemId="C - ZZ--3228593900813045142" solutionTime="0"/>
    <problemSummaryInfo attempts="0" index="4" isPending="false" isSolved="false" points="0" problemId="D - Chromosome--4315876524245928038" solutionTime="0"/>
    <problemSummaryInfo attempts="0" index="5" isPending="false" isSolved="false" points="0" problemId="E - Random Walks--4428759071750616967" solutionTime="0"/>
    <problemSummaryInfo attempts="0" index="6" isPending="false" isSolved="false" points="0" problemId="F - Road--6480414909371872230" solutionTime="0"/>
    <problemSummaryInfo attempts="0" index="7" isPending="false" isSolved="false" points="0" problemId="G - DVDs--6107962797118370033" solutionTime="0"/>
    <problemSummaryInfo attempts="0" index="8" isPending="false" isSolved="false" points="0" problemId="H - Theatre-5580873583470918776" solutionTime="0"/>
    <problemSummaryInfo attempts="3" index="9" isPending="false" isSolved="false" points="0" problemId="I - Fence-8040871189472891379" solutionTime="-1"/>
    <problemSummaryInfo attempts="0" index="10" isPending="false" isSolved="false" points="0" problemId="J - Magic Graphs-7720889568561295666" solutionTime="0"/>
  </teamStanding>
  <teamStanding firstSolved="-1" index="104" lastSolved="0" points="0" problemsAttempted="2" rank="103" solved="0" teamAlias="Kitty.SE (not aliasesd)" teamExternalId="" teamId="16" teamKey="1TEAM16" teamName="Kitty.SE" teamSiteId="1" totalAttempts="11">
    <problemSummaryInfo attempts="8" index="1" isPending="false" isSolved="false" points="0" problemId="A - Marathoner-7009233673259831482" solutionTime="-1"/>
    <problemSummaryInfo attempts="0" index="2" isPending="false" isSolved="false" points="0" problemId="B - Network planning--6566423144871065590" solutionTime="0"/>
    <problemSummaryInfo attempts="0" index="3" isPending="false" isSolved="false" points="0" problemId="C - ZZ--3228593900813045142" solutionTime="0"/>
    <problemSummaryInfo attempts="0" index="4" isPending="false" isSolved="false" points="0" problemId="D - Chromosome--4315876524245928038" solutionTime="0"/>
    <problemSummaryInfo attempts="0" index="5" isPending="false" isSolved="false" points="0" problemId="E - Random Walks--4428759071750616967" solutionTime="0"/>
    <problemSummaryInfo attempts="0" index="6" isPending="false" isSolved="false" points="0" problemId="F - Road--6480414909371872230" solutionTime="0"/>
    <problemSummaryInfo attempts="3" index="7" isPending="false" isSolved="false" points="0" problemId="G - DVDs--6107962797118370033" solutionTime="-1"/>
    <problemSummaryInfo attempts="0" index="8" isPending="false" isSolved="false" points="0" problemId="H - Theatre-5580873583470918776" solutionTime="0"/>
    <problemSummaryInfo attempts="0" index="9" isPending="false" isSolved="false" points="0" problemId="I - Fence-8040871189472891379" solutionTime="0"/>
    <problemSummaryInfo attempts="0" index="10" isPending="false" isSolved="false" points="0" problemId="J - Magic Graphs-7720889568561295666" solutionTime="0"/>
  </teamStanding>
  <teamStanding firstSolved="-1" index="105" lastSolved="0" points="0" problemsAttempted="0" rank="103" solved="0" teamAlias="Onyx Apple (not aliasesd)" teamExternalId="" teamId="85" teamKey="1TEAM85" teamName="Onyx Apple" teamSiteId="1" totalAttempts="0">
    <problemSummaryInfo attempts="0" index="1" isPending="false" isSolved="false" points="0" problemId="A - Marathoner-7009233673259831482" solutionTime="0"/>
    <problemSummaryInfo attempts="0" index="2" isPending="false" isSolved="false" points="0" problemId="B - Network planning--6566423144871065590" solutionTime="0"/>
    <problemSummaryInfo attempts="0" index="3" isPending="false" isSolved="false" points="0" problemId="C - ZZ--3228593900813045142" solutionTime="0"/>
    <problemSummaryInfo attempts="0" index="4" isPending="false" isSolved="false" points="0" problemId="D - Chromosome--4315876524245928038" solutionTime="0"/>
    <problemSummaryInfo attempts="0" index="5" isPending="false" isSolved="false" points="0" problemId="E - Random Walks--4428759071750616967" solutionTime="0"/>
    <problemSummaryInfo attempts="0" index="6" isPending="false" isSolved="false" points="0" problemId="F - Road--6480414909371872230" solutionTime="0"/>
    <problemSummaryInfo attempts="0" index="7" isPending="false" isSolved="false" points="0" problemId="G - DVDs--6107962797118370033" solutionTime="0"/>
    <problemSummaryInfo attempts="0" index="8" isPending="false" isSolved="false" points="0" problemId="H - Theatre-5580873583470918776" solutionTime="0"/>
    <problemSummaryInfo attempts="0" index="9" isPending="false" isSolved="false" points="0" problemId="I - Fence-8040871189472891379" solutionTime="0"/>
    <problemSummaryInfo attempts="0" index="10" isPending="false" isSolved="false" points="0" problemId="J - Magic Graphs-7720889568561295666" solutionTime="0"/>
  </teamStanding>
  <teamStanding firstSolved="-1" index="106" lastSolved="0" points="0" problemsAttempted="2" rank="103" solved="0" teamAlias="OroJackson (not aliasesd)" teamExternalId="" teamId="41" teamKey="1TEAM41" teamName="OroJackson" teamSiteId="1" totalAttempts="8">
    <problemSummaryInfo attempts="4" index="1" isPending="false" isSolved="false" points="0" problemId="A - Marathoner-7009233673259831482" solutionTime="-1"/>
    <problemSummaryInfo attempts="0" index="2" isPending="false" isSolved="false" points="0" problemId="B - Network planning--6566423144871065590" solutionTime="0"/>
    <problemSummaryInfo attempts="0" index="3" isPending="false" isSolved="false" points="0" problemId="C - ZZ--3228593900813045142" solutionTime="0"/>
    <problemSummaryInfo attempts="0" index="4" isPending="false" isSolved="false" points="0" problemId="D - Chromosome--4315876524245928038" solutionTime="0"/>
    <problemSummaryInfo attempts="4" index="5" isPending="false" isSolved="false" points="0" problemId="E - Random Walks--4428759071750616967" solutionTime="-1"/>
    <problemSummaryInfo attempts="0" index="6" isPending="false" isSolved="false" points="0" problemId="F - Road--6480414909371872230" solutionTime="0"/>
    <problemSummaryInfo attempts="0" index="7" isPending="false" isSolved="false" points="0" problemId="G - DVDs--6107962797118370033" solutionTime="0"/>
    <problemSummaryInfo attempts="0" index="8" isPending="false" isSolved="false" points="0" problemId="H - Theatre-5580873583470918776" solutionTime="0"/>
    <problemSummaryInfo attempts="0" index="9" isPending="false" isSolved="false" points="0" problemId="I - Fence-8040871189472891379" solutionTime="0"/>
    <problemSummaryInfo attempts="0" index="10" isPending="false" isSolved="false" points="0" problemId="J - Magic Graphs-7720889568561295666" solutionTime="0"/>
  </teamStanding>
  <teamStanding firstSolved="-1" index="107" lastSolved="0" points="0" problemsAttempted="2" rank="103" solved="0" teamAlias="PNU1 (not aliasesd)" teamExternalId="" teamId="104" teamKey="1TEAM104" teamName="PNU1" teamSiteId="1" totalAttempts="3">
    <problemSummaryInfo attempts="0" index="1" isPending="false" isSolved="false" points="0" problemId="A - Marathoner-7009233673259831482" solutionTime="0"/>
    <problemSummaryInfo attempts="0" index="2" isPending="false" isSolved="false" points="0" problemId="B - Network planning--6566423144871065590" solutionTime="0"/>
    <problemSummaryInfo attempts="0" index="3" isPending="false" isSolved="false" points="0" problemId="C - ZZ--3228593900813045142" solutionTime="0"/>
    <problemSummaryInfo attempts="0" index="4" isPending="false" isSolved="false" points="0" problemId="D - Chromosome--4315876524245928038" solutionTime="0"/>
    <problemSummaryInfo attempts="2" index="5" isPending="false" isSolved="false" points="0" problemId="E - Random Walks--4428759071750616967" solutionTime="-1"/>
    <problemSummaryInfo attempts="0" index="6" isPending="false" isSolved="false" points="0" problemId="F - Road--6480414909371872230" solutionTime="0"/>
    <problemSummaryInfo attempts="0" index="7" isPending="false" isSolved="false" points="0" problemId="G - DVDs--6107962797118370033" solutionTime="0"/>
    <problemSummaryInfo attempts="0" index="8" isPending="false" isSolved="false" points="0" problemId="H - Theatre-5580873583470918776" solutionTime="0"/>
    <problemSummaryInfo attempts="0" index="9" isPending="false" isSolved="false" points="0" problemId="I - Fence-8040871189472891379" solutionTime="0"/>
    <problemSummaryInfo attempts="1" index="10" isPending="false" isSolved="false" points="0" problemId="J - Magic Graphs-7720889568561295666" solutionTime="-1"/>
  </teamStanding>
  <teamStanding firstSolved="-1" index="108" lastSolved="0" points="0" problemsAttempted="1" rank="103" solved="0" teamAlias="PNU2 (not aliasesd)" teamExternalId="" teamId="105" teamKey="1TEAM105" teamName="PNU2" teamSiteId="1" totalAttempts="1">
    <problemSummaryInfo attempts="0" index="1" isPending="false" isSolved="false" points="0" problemId="A - Marathoner-7009233673259831482" solutionTime="0"/>
    <problemSummaryInfo attempts="0" index="2" isPending="false" isSolved="false" points="0" problemId="B - Network planning--6566423144871065590" solutionTime="0"/>
    <problemSummaryInfo attempts="0" index="3" isPending="false" isSolved="false" points="0" problemId="C - ZZ--3228593900813045142" solutionTime="0"/>
    <problemSummaryInfo attempts="0" index="4" isPending="false" isSolved="false" points="0" problemId="D - Chromosome--4315876524245928038" solutionTime="0"/>
    <problemSummaryInfo attempts="0" index="5" isPending="false" isSolved="false" points="0" problemId="E - Random Walks--4428759071750616967" solutionTime="0"/>
    <problemSummaryInfo attempts="0" index="6" isPending="false" isSolved="false" points="0" problemId="F - Road--6480414909371872230" solutionTime="0"/>
    <problemSummaryInfo attempts="0" index="7" isPending="false" isSolved="false" points="0" problemId="G - DVDs--6107962797118370033" solutionTime="0"/>
    <problemSummaryInfo attempts="1" index="8" isPending="false" isSolved="false" points="0" problemId="H - Theatre-5580873583470918776" solutionTime="-1"/>
    <problemSummaryInfo attempts="0" index="9" isPending="false" isSolved="false" points="0" problemId="I - Fence-8040871189472891379" solutionTime="0"/>
    <problemSummaryInfo attempts="0" index="10" isPending="false" isSolved="false" points="0" problemId="J - Magic Graphs-7720889568561295666" solutionTime="0"/>
  </teamStanding>
  <teamStanding firstSolved="-1" index="109" lastSolved="0" points="0" problemsAttempted="2" rank="103" solved="0" teamAlias="polamin (not aliasesd)" teamExternalId="" teamId="63" teamKey="1TEAM63" teamName="polamin" teamSiteId="1" totalAttempts="5">
    <problemSummaryInfo attempts="4" index="1" isPending="false" isSolved="false" points="0" problemId="A - Marathoner-7009233673259831482" solutionTime="-1"/>
    <problemSummaryInfo attempts="0" index="2" isPending="false" isSolved="false" points="0" problemId="B - Network planning--6566423144871065590" solutionTime="0"/>
    <problemSummaryInfo attempts="1" index="3" isPending="false" isSolved="false" points="0" problemId="C - ZZ--3228593900813045142" solutionTime="-1"/>
    <problemSummaryInfo attempts="0" index="4" isPending="false" isSolved="false" points="0" problemId="D - Chromosome--4315876524245928038" solutionTime="0"/>
    <problemSummaryInfo attempts="0" index="5" isPending="false" isSolved="false" points="0" problemId="E - Random Walks--4428759071750616967" solutionTime="0"/>
    <problemSummaryInfo attempts="0" index="6" isPending="false" isSolved="false" points="0" problemId="F - Road--6480414909371872230" solutionTime="0"/>
    <problemSummaryInfo attempts="0" index="7" isPending="false" isSolved="false" points="0" problemId="G - DVDs--6107962797118370033" solutionTime="0"/>
    <problemSummaryInfo attempts="0" index="8" isPending="false" isSolved="false" points="0" problemId="H - Theatre-5580873583470918776" solutionTime="0"/>
    <problemSummaryInfo attempts="0" index="9" isPending="false" isSolved="false" points="0" problemId="I - Fence-8040871189472891379" solutionTime="0"/>
    <problemSummaryInfo attempts="0" index="10" isPending="false" isSolved="false" points="0" problemId="J - Magic Graphs-7720889568561295666" solutionTime="0"/>
  </teamStanding>
</contestStandings>
